time="2025-08-08T19:36:39Z" level=info msg="Server ready. Accepting connections."
time="2025-08-08T19:36:39Z" level=warning msg="secure_file_priv is set to \"\", which is insecure."
time="2025-08-08T19:36:39Z" level=warning msg="Any user with GRANT FILE privileges will be able to read any file which the sql-server process can read."
time="2025-08-08T19:36:39Z" level=warning msg="Please consider restarting the server with secure_file_priv set to a safe (or non-existent) directory."
time="2025-08-08T19:36:39Z" level=info msg=NewConnection DisableClientMultiStatements=false connectionID=1
time="2025-08-08T19:36:39Z" level=info msg="Server closing listener. No longer accepting connections."
time="2025-08-08T19:36:39Z" level=info msg="Server ready. Accepting connections."
time="2025-08-08T19:36:39Z" level=warning msg="secure_file_priv is set to \"\", which is insecure."
time="2025-08-08T19:36:39Z" level=warning msg="Any user with GRANT FILE privileges will be able to read any file which the sql-server process can read."
time="2025-08-08T19:36:39Z" level=warning msg="Please consider restarting the server with secure_file_priv set to a safe (or non-existent) directory."
time="2025-08-08T19:36:39Z" level=info msg=NewConnection DisableClientMultiStatements=false connectionID=1
time="2025-08-08T19:36:39Z" level=info msg="Server closing listener. No longer accepting connections."
time="2025-08-08T19:36:39Z" level=info msg="Server ready. Accepting connections."
time="2025-08-08T19:36:39Z" level=warning msg="secure_file_priv is set to \"\", which is insecure."
time="2025-08-08T19:36:39Z" level=warning msg="Any user with GRANT FILE privileges will be able to read any file which the sql-server process can read."
time="2025-08-08T19:36:39Z" level=warning msg="Please consider restarting the server with secure_file_priv set to a safe (or non-existent) directory."
time="2025-08-08T19:36:39Z" level=info msg=NewConnection DisableClientMultiStatements=false connectionID=1
time="2025-08-08T19:36:39Z" level=info msg="Server closing listener. No longer accepting connections."
time="2025-08-08T19:36:39Z" level=info msg="Server ready. Accepting connections."
time="2025-08-08T19:36:39Z" level=warning msg="secure_file_priv is set to \"\", which is insecure."
time="2025-08-08T19:36:39Z" level=warning msg="Any user with GRANT FILE privileges will be able to read any file which the sql-server process can read."
time="2025-08-08T19:36:39Z" level=warning msg="Please consider restarting the server with secure_file_priv set to a safe (or non-existent) directory."
time="2025-08-08T19:36:39Z" level=info msg=NewConnection DisableClientMultiStatements=false connectionID=1
time="2025-08-08T19:36:39Z" level=info msg="Server closing listener. No longer accepting connections."
time="2025-08-08T19:36:39Z" level=info msg="Server ready. Accepting connections."
time="2025-08-08T19:36:39Z" level=warning msg="secure_file_priv is set to \"\", which is insecure."
time="2025-08-08T19:36:39Z" level=warning msg="Any user with GRANT FILE privileges will be able to read any file which the sql-server process can read."
time="2025-08-08T19:36:39Z" level=warning msg="Please consider restarting the server with secure_file_priv set to a safe (or non-existent) directory."
time="2025-08-08T19:36:39Z" level=info msg=NewConnection DisableClientMultiStatements=false connectionID=1
time="2025-08-08T19:36:39Z" level=info msg="Server closing listener. No longer accepting connections."
time="2025-08-08T19:36:39Z" level=info msg="Server ready. Accepting connections."
time="2025-08-08T19:36:39Z" level=warning msg="secure_file_priv is set to \"\", which is insecure."
time="2025-08-08T19:36:39Z" level=warning msg="Any user with GRANT FILE privileges will be able to read any file which the sql-server process can read."
time="2025-08-08T19:36:39Z" level=warning msg="Please consider restarting the server with secure_file_priv set to a safe (or non-existent) directory."
time="2025-08-08T19:36:39Z" level=info msg=NewConnection DisableClientMultiStatements=false connectionID=1
time="2025-08-08T19:36:39Z" level=info msg="Server closing listener. No longer accepting connections."
time="2025-08-08T19:36:39Z" level=info msg="Server ready. Accepting connections."
time="2025-08-08T19:36:39Z" level=warning msg="secure_file_priv is set to \"\", which is insecure."
time="2025-08-08T19:36:39Z" level=warning msg="Any user with GRANT FILE privileges will be able to read any file which the sql-server process can read."
time="2025-08-08T19:36:39Z" level=warning msg="Please consider restarting the server with secure_file_priv set to a safe (or non-existent) directory."
time="2025-08-08T19:36:39Z" level=info msg=NewConnection DisableClientMultiStatements=false connectionID=1
time="2025-08-08T19:36:39Z" level=info msg="Server closing listener. No longer accepting connections."
time="2025-08-08T19:36:39Z" level=info msg="Server ready. Accepting connections."
time="2025-08-08T19:36:39Z" level=warning msg="secure_file_priv is set to \"\", which is insecure."
time="2025-08-08T19:36:39Z" level=warning msg="Any user with GRANT FILE privileges will be able to read any file which the sql-server process can read."
time="2025-08-08T19:36:39Z" level=warning msg="Please consider restarting the server with secure_file_priv set to a safe (or non-existent) directory."
time="2025-08-08T19:36:39Z" level=info msg=NewConnection DisableClientMultiStatements=false connectionID=1
time="2025-08-08T19:36:39Z" level=info msg="Server closing listener. No longer accepting connections."
time="2025-08-08T19:36:39Z" level=info msg="Server ready. Accepting connections."
time="2025-08-08T19:36:39Z" level=warning msg="secure_file_priv is set to \"\", which is insecure."
time="2025-08-08T19:36:39Z" level=warning msg="Any user with GRANT FILE privileges will be able to read any file which the sql-server process can read."
time="2025-08-08T19:36:39Z" level=warning msg="Please consider restarting the server with secure_file_priv set to a safe (or non-existent) directory."
time="2025-08-08T19:36:39Z" level=info msg=NewConnection DisableClientMultiStatements=false connectionID=1
time="2025-08-08T19:36:39Z" level=info msg="Server closing listener. No longer accepting connections."
time="2025-08-08T19:36:39Z" level=info msg="Server ready. Accepting connections."
time="2025-08-08T19:36:39Z" level=warning msg="secure_file_priv is set to \"\", which is insecure."
time="2025-08-08T19:36:39Z" level=warning msg="Any user with GRANT FILE privileges will be able to read any file which the sql-server process can read."
time="2025-08-08T19:36:39Z" level=warning msg="Please consider restarting the server with secure_file_priv set to a safe (or non-existent) directory."
time="2025-08-08T19:36:39Z" level=info msg=NewConnection DisableClientMultiStatements=false connectionID=1
time="2025-08-08T19:36:39Z" level=info msg="Server closing listener. No longer accepting connections."
time="2025-08-08T19:36:39Z" level=info msg="Server ready. Accepting connections."
time="2025-08-08T19:36:39Z" level=warning msg="secure_file_priv is set to \"\", which is insecure."
time="2025-08-08T19:36:39Z" level=warning msg="Any user with GRANT FILE privileges will be able to read any file which the sql-server process can read."
time="2025-08-08T19:36:39Z" level=warning msg="Please consider restarting the server with secure_file_priv set to a safe (or non-existent) directory."
time="2025-08-08T19:36:39Z" level=info msg=NewConnection DisableClientMultiStatements=false connectionID=1
time="2025-08-08T19:36:39Z" level=info msg="Server closing listener. No longer accepting connections."
time="2025-08-08T19:36:39Z" level=info msg="Server ready. Accepting connections."
time="2025-08-08T19:36:39Z" level=warning msg="secure_file_priv is set to \"\", which is insecure."
time="2025-08-08T19:36:39Z" level=warning msg="Any user with GRANT FILE privileges will be able to read any file which the sql-server process can read."
time="2025-08-08T19:36:39Z" level=warning msg="Please consider restarting the server with secure_file_priv set to a safe (or non-existent) directory."
time="2025-08-08T19:36:39Z" level=info msg=NewConnection DisableClientMultiStatements=false connectionID=1
time="2025-08-08T19:36:39Z" level=error msg="CreateSavepoint failed" connectTime="2025-08-08 19:36:39.704946976 +0000 UTC m=+0.761653292" connectionDb=mydb connectionID=1 error="savepoints are not supported in memory sessions"
time="2025-08-08T19:36:39Z" level=error msg="Unexpected error when calling ReleaseSavepoint during triggerRollbackIter.Close()" connectTime="2025-08-08 19:36:39.704946976 +0000 UTC m=+0.761653292" connectionDb=mydb connectionID=1 error="savepoints are not supported in memory sessions"
time="2025-08-08T19:36:39Z" level=error msg="CreateSavepoint failed" connectTime="2025-08-08 19:36:39.704946976 +0000 UTC m=+0.761653292" connectionDb=mydb connectionID=1 error="savepoints are not supported in memory sessions"
time="2025-08-08T19:36:39Z" level=error msg="Unexpected error when calling ReleaseSavepoint during triggerRollbackIter.Close()" connectTime="2025-08-08 19:36:39.704946976 +0000 UTC m=+0.761653292" connectionDb=mydb connectionID=1 error="savepoints are not supported in memory sessions"
time="2025-08-08T19:36:39Z" level=info msg="Server closing listener. No longer accepting connections."
time="2025-08-08T19:36:39Z" level=info msg="Server ready. Accepting connections."
time="2025-08-08T19:36:39Z" level=warning msg="secure_file_priv is set to \"\", which is insecure."
time="2025-08-08T19:36:39Z" level=warning msg="Any user with GRANT FILE privileges will be able to read any file which the sql-server process can read."
time="2025-08-08T19:36:39Z" level=warning msg="Please consider restarting the server with secure_file_priv set to a safe (or non-existent) directory."
time="2025-08-08T19:36:39Z" level=info msg=NewConnection DisableClientMultiStatements=false connectionID=1
time="2025-08-08T19:36:39Z" level=error msg="CreateSavepoint failed" connectTime="2025-08-08 19:36:39.708046875 +0000 UTC m=+0.764753189" connectionDb=mydb connectionID=1 error="savepoints are not supported in memory sessions"
time="2025-08-08T19:36:39Z" level=error msg="Unexpected error when calling ReleaseSavepoint during triggerRollbackIter.Close()" connectTime="2025-08-08 19:36:39.708046875 +0000 UTC m=+0.764753189" connectionDb=mydb connectionID=1 error="savepoints are not supported in memory sessions"
time="2025-08-08T19:36:39Z" level=error msg="CreateSavepoint failed" connectTime="2025-08-08 19:36:39.708046875 +0000 UTC m=+0.764753189" connectionDb=mydb connectionID=1 error="savepoints are not supported in memory sessions"
time="2025-08-08T19:36:39Z" level=error msg="Unexpected error when calling ReleaseSavepoint during triggerRollbackIter.Close()" connectTime="2025-08-08 19:36:39.708046875 +0000 UTC m=+0.764753189" connectionDb=mydb connectionID=1 error="savepoints are not supported in memory sessions"
time="2025-08-08T19:36:39Z" level=info msg="Server closing listener. No longer accepting connections."
time="2025-08-08T19:36:39Z" level=info msg="Server ready. Accepting connections."
time="2025-08-08T19:36:39Z" level=warning msg="secure_file_priv is set to \"\", which is insecure."
time="2025-08-08T19:36:39Z" level=warning msg="Any user with GRANT FILE privileges will be able to read any file which the sql-server process can read."
time="2025-08-08T19:36:39Z" level=warning msg="Please consider restarting the server with secure_file_priv set to a safe (or non-existent) directory."
time="2025-08-08T19:36:39Z" level=info msg=NewConnection DisableClientMultiStatements=false connectionID=1
time="2025-08-08T19:36:39Z" level=error msg="CreateSavepoint failed" connectTime="2025-08-08 19:36:39.711364494 +0000 UTC m=+0.768070857" connectionDb=mydb connectionID=1 error="savepoints are not supported in memory sessions"
time="2025-08-08T19:36:39Z" level=error msg="Unexpected error when calling ReleaseSavepoint during triggerRollbackIter.Close()" connectTime="2025-08-08 19:36:39.711364494 +0000 UTC m=+0.768070857" connectionDb=mydb connectionID=1 error="savepoints are not supported in memory sessions"
time="2025-08-08T19:36:39Z" level=error msg="CreateSavepoint failed" connectTime="2025-08-08 19:36:39.711364494 +0000 UTC m=+0.768070857" connectionDb=mydb connectionID=1 error="savepoints are not supported in memory sessions"
time="2025-08-08T19:36:39Z" level=error msg="Unexpected error when calling ReleaseSavepoint during triggerRollbackIter.Close()" connectTime="2025-08-08 19:36:39.711364494 +0000 UTC m=+0.768070857" connectionDb=mydb connectionID=1 error="savepoints are not supported in memory sessions"
time="2025-08-08T19:36:39Z" level=error msg="CreateSavepoint failed" connectTime="2025-08-08 19:36:39.711364494 +0000 UTC m=+0.768070857" connectionDb=mydb connectionID=1 error="savepoints are not supported in memory sessions"
time="2025-08-08T19:36:39Z" level=error msg="Unexpected error when calling ReleaseSavepoint during triggerRollbackIter.Close()" connectTime="2025-08-08 19:36:39.711364494 +0000 UTC m=+0.768070857" connectionDb=mydb connectionID=1 error="savepoints are not supported in memory sessions"
time="2025-08-08T19:36:39Z" level=info msg="Server closing listener. No longer accepting connections."
time="2025-08-08T19:36:39Z" level=info msg="Server ready. Accepting connections."
time="2025-08-08T19:36:39Z" level=warning msg="secure_file_priv is set to \"\", which is insecure."
time="2025-08-08T19:36:39Z" level=warning msg="Any user with GRANT FILE privileges will be able to read any file which the sql-server process can read."
time="2025-08-08T19:36:39Z" level=warning msg="Please consider restarting the server with secure_file_priv set to a safe (or non-existent) directory."
time="2025-08-08T19:36:39Z" level=info msg=NewConnection DisableClientMultiStatements=false connectionID=1
time="2025-08-08T19:36:39Z" level=error msg="CreateSavepoint failed" connectTime="2025-08-08 19:36:39.714723118 +0000 UTC m=+0.771429433" connectionDb=mydb connectionID=1 error="savepoints are not supported in memory sessions"
time="2025-08-08T19:36:39Z" level=error msg="Unexpected error when calling ReleaseSavepoint during triggerRollbackIter.Close()" connectTime="2025-08-08 19:36:39.714723118 +0000 UTC m=+0.771429433" connectionDb=mydb connectionID=1 error="savepoints are not supported in memory sessions"
time="2025-08-08T19:36:39Z" level=error msg="CreateSavepoint failed" connectTime="2025-08-08 19:36:39.714723118 +0000 UTC m=+0.771429433" connectionDb=mydb connectionID=1 error="savepoints are not supported in memory sessions"
time="2025-08-08T19:36:39Z" level=error msg="Unexpected error when calling ReleaseSavepoint during triggerRollbackIter.Close()" connectTime="2025-08-08 19:36:39.714723118 +0000 UTC m=+0.771429433" connectionDb=mydb connectionID=1 error="savepoints are not supported in memory sessions"
time="2025-08-08T19:36:39Z" level=error msg="CreateSavepoint failed" connectTime="2025-08-08 19:36:39.714723118 +0000 UTC m=+0.771429433" connectionDb=mydb connectionID=1 error="savepoints are not supported in memory sessions"
time="2025-08-08T19:36:39Z" level=error msg="Unexpected error when calling ReleaseSavepoint during triggerRollbackIter.Close()" connectTime="2025-08-08 19:36:39.714723118 +0000 UTC m=+0.771429433" connectionDb=mydb connectionID=1 error="savepoints are not supported in memory sessions"
time="2025-08-08T19:36:39Z" level=info msg="Server closing listener. No longer accepting connections."
time="2025-08-08T19:36:39Z" level=info msg="Server ready. Accepting connections."
time="2025-08-08T19:36:39Z" level=warning msg="secure_file_priv is set to \"\", which is insecure."
time="2025-08-08T19:36:39Z" level=warning msg="Any user with GRANT FILE privileges will be able to read any file which the sql-server process can read."
time="2025-08-08T19:36:39Z" level=warning msg="Please consider restarting the server with secure_file_priv set to a safe (or non-existent) directory."
time="2025-08-08T19:36:39Z" level=info msg=NewConnection DisableClientMultiStatements=false connectionID=1
time="2025-08-08T19:36:39Z" level=info msg="Server closing listener. No longer accepting connections."
time="2025-08-08T19:36:39Z" level=info msg="Server ready. Accepting connections."
time="2025-08-08T19:36:39Z" level=warning msg="secure_file_priv is set to \"\", which is insecure."
time="2025-08-08T19:36:39Z" level=warning msg="Any user with GRANT FILE privileges will be able to read any file which the sql-server process can read."
time="2025-08-08T19:36:39Z" level=warning msg="Please consider restarting the server with secure_file_priv set to a safe (or non-existent) directory."
time="2025-08-08T19:36:39Z" level=info msg=NewConnection DisableClientMultiStatements=false connectionID=1
time="2025-08-08T19:36:39Z" level=info msg="Server closing listener. No longer accepting connections."
time="2025-08-08T19:36:39Z" level=info msg="Server ready. Accepting connections."
time="2025-08-08T19:36:39Z" level=warning msg="secure_file_priv is set to \"\", which is insecure."
time="2025-08-08T19:36:39Z" level=warning msg="Any user with GRANT FILE privileges will be able to read any file which the sql-server process can read."
time="2025-08-08T19:36:39Z" level=warning msg="Please consider restarting the server with secure_file_priv set to a safe (or non-existent) directory."
time="2025-08-08T19:36:39Z" level=info msg=NewConnection DisableClientMultiStatements=false connectionID=1
time="2025-08-08T19:36:39Z" level=info msg="Server closing listener. No longer accepting connections."
time="2025-08-08T19:36:39Z" level=info msg="Server ready. Accepting connections."
time="2025-08-08T19:36:39Z" level=warning msg="secure_file_priv is set to \"\", which is insecure."
time="2025-08-08T19:36:39Z" level=warning msg="Any user with GRANT FILE privileges will be able to read any file which the sql-server process can read."
time="2025-08-08T19:36:39Z" level=warning msg="Please consider restarting the server with secure_file_priv set to a safe (or non-existent) directory."
time="2025-08-08T19:36:39Z" level=info msg=NewConnection DisableClientMultiStatements=false connectionID=1
time="2025-08-08T19:36:39Z" level=error msg="unable to prepare query: cannot union two queries whose schemas are different lengths; left has 2 column(s) right has 3 column(s)." query="select i, k from `left` union select i, j, k from `right`"
time="2025-08-08T19:36:39Z" level=error msg="unable to prepare query: cannot union two queries whose schemas are different lengths; left has 2 column(s) right has 3 column(s). (errno 1105) (sqlstate HY000)"
time="2025-08-08T19:36:39Z" level=error msg="unable to prepare query: column \"j\" could not be found in any table in scope" query="table t1 union table t3 order by j;"
time="2025-08-08T19:36:39Z" level=error msg="unable to prepare query: column \"j\" could not be found in any table in scope (errno 1105) (sqlstate HY000)"
time="2025-08-08T19:36:39Z" level=error msg="unable to prepare query: Table 't1' from one of the SELECTs cannot be used in global ORDER clause" query="table t1 union table t2 order by t1.i;"
time="2025-08-08T19:36:39Z" level=error msg="unable to prepare query: Table 't1' from one of the SELECTs cannot be used in global ORDER clause (errno 1105) (sqlstate HY000)"
time="2025-08-08T19:36:39Z" level=error msg="unable to prepare query: Table 't2' from one of the SELECTs cannot be used in global ORDER clause" query="table t1 union table t2 order by t2.i;"
time="2025-08-08T19:36:39Z" level=error msg="unable to prepare query: Table 't2' from one of the SELECTs cannot be used in global ORDER clause (errno 1105) (sqlstate HY000)"
time="2025-08-08T19:36:39Z" level=error msg="unable to prepare query: Table 't3' from one of the SELECTs cannot be used in global ORDER clause" query="table t1 union table t3 order by t3.i;"
time="2025-08-08T19:36:39Z" level=error msg="unable to prepare query: Table 't3' from one of the SELECTs cannot be used in global ORDER clause (errno 1105) (sqlstate HY000)"
time="2025-08-08T19:36:39Z" level=error msg="unable to prepare query: Table 't3' from one of the SELECTs cannot be used in global ORDER clause" query="table t1 union table t3 order by t3.j;"
time="2025-08-08T19:36:39Z" level=error msg="unable to prepare query: Table 't3' from one of the SELECTs cannot be used in global ORDER clause (errno 1105) (sqlstate HY000)"
time="2025-08-08T19:36:39Z" level=error msg="unable to prepare query: Table 't1' from one of the SELECTs cannot be used in global ORDER clause" query="table t1 union table t3 order by t1.j;"
time="2025-08-08T19:36:39Z" level=error msg="unable to prepare query: Table 't1' from one of the SELECTs cannot be used in global ORDER clause (errno 1105) (sqlstate HY000)"
time="2025-08-08T19:36:39Z" level=info msg="Server closing listener. No longer accepting connections."
time="2025-08-08T19:36:39Z" level=info msg="Server ready. Accepting connections."
time="2025-08-08T19:36:39Z" level=warning msg="secure_file_priv is set to \"\", which is insecure."
time="2025-08-08T19:36:39Z" level=warning msg="Any user with GRANT FILE privileges will be able to read any file which the sql-server process can read."
time="2025-08-08T19:36:39Z" level=warning msg="Please consider restarting the server with secure_file_priv set to a safe (or non-existent) directory."
time="2025-08-08T19:36:39Z" level=info msg=NewConnection DisableClientMultiStatements=false connectionID=1
time="2025-08-08T19:36:39Z" level=error msg="unable to prepare query: Recursive Common Table Expression 'cte' should contain a UNION" query="with recursive cte (x,y) as (select 1, 1 intersect select 1, 1 intersect select x + 1, y + 2 from cte where x < 5) select * from cte;"
time="2025-08-08T19:36:39Z" level=error msg="unable to prepare query: Recursive Common Table Expression 'cte' should contain a UNION (errno 1105) (sqlstate HY000)"
time="2025-08-08T19:36:39Z" level=error msg="unable to prepare query: Recursive table reference in EXCEPT or INTERSECT operand is not allowed" query="with recursive cte (x,y) as (select 1, 1 union select 1, 1 intersect select x + 1, y + 2 from cte where x < 5) select * from cte;"
time="2025-08-08T19:36:39Z" level=error msg="unable to prepare query: Recursive table reference in EXCEPT or INTERSECT operand is not allowed (errno 1105) (sqlstate HY000)"
time="2025-08-08T19:36:39Z" level=info msg="Server closing listener. No longer accepting connections."
time="2025-08-08T19:36:39Z" level=info msg="Server ready. Accepting connections."
time="2025-08-08T19:36:39Z" level=warning msg="secure_file_priv is set to \"\", which is insecure."
time="2025-08-08T19:36:39Z" level=warning msg="Any user with GRANT FILE privileges will be able to read any file which the sql-server process can read."
time="2025-08-08T19:36:39Z" level=warning msg="Please consider restarting the server with secure_file_priv set to a safe (or non-existent) directory."
time="2025-08-08T19:36:39Z" level=info msg=NewConnection DisableClientMultiStatements=false connectionID=1
time="2025-08-08T19:36:39Z" level=info msg="Server closing listener. No longer accepting connections."
time="2025-08-08T19:36:39Z" level=info msg="Server ready. Accepting connections."
time="2025-08-08T19:36:39Z" level=warning msg="secure_file_priv is set to \"\", which is insecure."
time="2025-08-08T19:36:39Z" level=warning msg="Any user with GRANT FILE privileges will be able to read any file which the sql-server process can read."
time="2025-08-08T19:36:39Z" level=warning msg="Please consider restarting the server with secure_file_priv set to a safe (or non-existent) directory."
time="2025-08-08T19:36:39Z" level=info msg=NewConnection DisableClientMultiStatements=false connectionID=1
time="2025-08-08T19:36:39Z" level=info msg="Server closing listener. No longer accepting connections."
time="2025-08-08T19:36:39Z" level=info msg="Server ready. Accepting connections."
time="2025-08-08T19:36:39Z" level=warning msg="secure_file_priv is set to \"\", which is insecure."
time="2025-08-08T19:36:39Z" level=warning msg="Any user with GRANT FILE privileges will be able to read any file which the sql-server process can read."
time="2025-08-08T19:36:39Z" level=warning msg="Please consider restarting the server with secure_file_priv set to a safe (or non-existent) directory."
time="2025-08-08T19:36:39Z" level=info msg=NewConnection DisableClientMultiStatements=false connectionID=1
time="2025-08-08T19:36:39Z" level=info msg="Server closing listener. No longer accepting connections."
time="2025-08-08T19:36:39Z" level=info msg="Server ready. Accepting connections."
time="2025-08-08T19:36:39Z" level=warning msg="secure_file_priv is set to \"\", which is insecure."
time="2025-08-08T19:36:39Z" level=warning msg="Any user with GRANT FILE privileges will be able to read any file which the sql-server process can read."
time="2025-08-08T19:36:39Z" level=warning msg="Please consider restarting the server with secure_file_priv set to a safe (or non-existent) directory."
time="2025-08-08T19:36:39Z" level=info msg=NewConnection DisableClientMultiStatements=false connectionID=1
time="2025-08-08T19:36:39Z" level=info msg="Server closing listener. No longer accepting connections."
time="2025-08-08T19:36:39Z" level=info msg="Server ready. Accepting connections."
time="2025-08-08T19:36:39Z" level=warning msg="secure_file_priv is set to \"\", which is insecure."
time="2025-08-08T19:36:39Z" level=warning msg="Any user with GRANT FILE privileges will be able to read any file which the sql-server process can read."
time="2025-08-08T19:36:39Z" level=warning msg="Please consider restarting the server with secure_file_priv set to a safe (or non-existent) directory."
time="2025-08-08T19:36:39Z" level=info msg=NewConnection DisableClientMultiStatements=false connectionID=1
time="2025-08-08T19:36:39Z" level=info msg="Server closing listener. No longer accepting connections."
time="2025-08-08T19:36:39Z" level=info msg="Server ready. Accepting connections."
time="2025-08-08T19:36:39Z" level=warning msg="secure_file_priv is set to \"\", which is insecure."
time="2025-08-08T19:36:39Z" level=warning msg="Any user with GRANT FILE privileges will be able to read any file which the sql-server process can read."
time="2025-08-08T19:36:39Z" level=warning msg="Please consider restarting the server with secure_file_priv set to a safe (or non-existent) directory."
time="2025-08-08T19:36:39Z" level=info msg=NewConnection DisableClientMultiStatements=false connectionID=1
time="2025-08-08T19:36:39Z" level=info msg="Server closing listener. No longer accepting connections."
time="2025-08-08T19:36:39Z" level=info msg="Server ready. Accepting connections."
time="2025-08-08T19:36:39Z" level=warning msg="secure_file_priv is set to \"\", which is insecure."
time="2025-08-08T19:36:39Z" level=warning msg="Any user with GRANT FILE privileges will be able to read any file which the sql-server process can read."
time="2025-08-08T19:36:39Z" level=warning msg="Please consider restarting the server with secure_file_priv set to a safe (or non-existent) directory."
time="2025-08-08T19:36:39Z" level=info msg=NewConnection DisableClientMultiStatements=false connectionID=1
time="2025-08-08T19:36:39Z" level=info msg="Server closing listener. No longer accepting connections."
time="2025-08-08T19:36:39Z" level=info msg="Server ready. Accepting connections."
time="2025-08-08T19:36:39Z" level=warning msg="secure_file_priv is set to \"\", which is insecure."
time="2025-08-08T19:36:39Z" level=warning msg="Any user with GRANT FILE privileges will be able to read any file which the sql-server process can read."
time="2025-08-08T19:36:39Z" level=warning msg="Please consider restarting the server with secure_file_priv set to a safe (or non-existent) directory."
time="2025-08-08T19:36:39Z" level=info msg=NewConnection DisableClientMultiStatements=false connectionID=1
time="2025-08-08T19:36:39Z" level=info msg="Server closing listener. No longer accepting connections."
time="2025-08-08T19:36:39Z" level=info msg="Server ready. Accepting connections."
time="2025-08-08T19:36:39Z" level=warning msg="secure_file_priv is set to \"\", which is insecure."
time="2025-08-08T19:36:39Z" level=warning msg="Any user with GRANT FILE privileges will be able to read any file which the sql-server process can read."
time="2025-08-08T19:36:39Z" level=warning msg="Please consider restarting the server with secure_file_priv set to a safe (or non-existent) directory."
time="2025-08-08T19:36:39Z" level=info msg=NewConnection DisableClientMultiStatements=false connectionID=1
time="2025-08-08T19:36:39Z" level=info msg="Server closing listener. No longer accepting connections."
time="2025-08-08T19:36:39Z" level=info msg="Server ready. Accepting connections."
time="2025-08-08T19:36:39Z" level=warning msg="secure_file_priv is set to \"\", which is insecure."
time="2025-08-08T19:36:39Z" level=warning msg="Any user with GRANT FILE privileges will be able to read any file which the sql-server process can read."
time="2025-08-08T19:36:39Z" level=warning msg="Please consider restarting the server with secure_file_priv set to a safe (or non-existent) directory."
time="2025-08-08T19:36:39Z" level=info msg=NewConnection DisableClientMultiStatements=false connectionID=1
time="2025-08-08T19:36:39Z" level=info msg="Server closing listener. No longer accepting connections."
time="2025-08-08T19:36:39Z" level=info msg="Server ready. Accepting connections."
time="2025-08-08T19:36:39Z" level=warning msg="secure_file_priv is set to \"\", which is insecure."
time="2025-08-08T19:36:39Z" level=warning msg="Any user with GRANT FILE privileges will be able to read any file which the sql-server process can read."
time="2025-08-08T19:36:39Z" level=warning msg="Please consider restarting the server with secure_file_priv set to a safe (or non-existent) directory."
time="2025-08-08T19:36:39Z" level=info msg=NewConnection DisableClientMultiStatements=false connectionID=1
time="2025-08-08T19:36:39Z" level=info msg="Server closing listener. No longer accepting connections."
time="2025-08-08T19:36:39Z" level=info msg="Server ready. Accepting connections."
time="2025-08-08T19:36:39Z" level=warning msg="secure_file_priv is set to \"\", which is insecure."
time="2025-08-08T19:36:39Z" level=warning msg="Any user with GRANT FILE privileges will be able to read any file which the sql-server process can read."
time="2025-08-08T19:36:39Z" level=warning msg="Please consider restarting the server with secure_file_priv set to a safe (or non-existent) directory."
time="2025-08-08T19:36:39Z" level=info msg=NewConnection DisableClientMultiStatements=false connectionID=1
time="2025-08-08T19:36:39Z" level=info msg="Server closing listener. No longer accepting connections."
time="2025-08-08T19:36:39Z" level=info msg="Server ready. Accepting connections."
time="2025-08-08T19:36:39Z" level=warning msg="secure_file_priv is set to \"\", which is insecure."
time="2025-08-08T19:36:39Z" level=warning msg="Any user with GRANT FILE privileges will be able to read any file which the sql-server process can read."
time="2025-08-08T19:36:39Z" level=warning msg="Please consider restarting the server with secure_file_priv set to a safe (or non-existent) directory."
time="2025-08-08T19:36:39Z" level=info msg=NewConnection DisableClientMultiStatements=false connectionID=1
time="2025-08-08T19:36:39Z" level=info msg="Server closing listener. No longer accepting connections."
time="2025-08-08T19:36:39Z" level=info msg="Server ready. Accepting connections."
time="2025-08-08T19:36:39Z" level=warning msg="secure_file_priv is set to \"\", which is insecure."
time="2025-08-08T19:36:39Z" level=warning msg="Any user with GRANT FILE privileges will be able to read any file which the sql-server process can read."
time="2025-08-08T19:36:39Z" level=warning msg="Please consider restarting the server with secure_file_priv set to a safe (or non-existent) directory."
time="2025-08-08T19:36:39Z" level=info msg=NewConnection DisableClientMultiStatements=false connectionID=1
time="2025-08-08T19:36:39Z" level=info msg="Server closing listener. No longer accepting connections."
time="2025-08-08T19:36:39Z" level=info msg="Server ready. Accepting connections."
time="2025-08-08T19:36:39Z" level=warning msg="secure_file_priv is set to \"\", which is insecure."
time="2025-08-08T19:36:39Z" level=warning msg="Any user with GRANT FILE privileges will be able to read any file which the sql-server process can read."
time="2025-08-08T19:36:39Z" level=warning msg="Please consider restarting the server with secure_file_priv set to a safe (or non-existent) directory."
time="2025-08-08T19:36:39Z" level=info msg=NewConnection DisableClientMultiStatements=false connectionID=1
time="2025-08-08T19:36:39Z" level=info msg="Server closing listener. No longer accepting connections."
time="2025-08-08T19:36:39Z" level=info msg="Server ready. Accepting connections."
time="2025-08-08T19:36:39Z" level=warning msg="secure_file_priv is set to \"\", which is insecure."
time="2025-08-08T19:36:39Z" level=warning msg="Any user with GRANT FILE privileges will be able to read any file which the sql-server process can read."
time="2025-08-08T19:36:39Z" level=warning msg="Please consider restarting the server with secure_file_priv set to a safe (or non-existent) directory."
time="2025-08-08T19:36:39Z" level=info msg=NewConnection DisableClientMultiStatements=false connectionID=1
time="2025-08-08T19:36:39Z" level=info msg="Server closing listener. No longer accepting connections."
time="2025-08-08T19:36:39Z" level=info msg="Server ready. Accepting connections."
time="2025-08-08T19:36:39Z" level=warning msg="secure_file_priv is set to \"\", which is insecure."
time="2025-08-08T19:36:39Z" level=warning msg="Any user with GRANT FILE privileges will be able to read any file which the sql-server process can read."
time="2025-08-08T19:36:39Z" level=warning msg="Please consider restarting the server with secure_file_priv set to a safe (or non-existent) directory."
time="2025-08-08T19:36:39Z" level=info msg=NewConnection DisableClientMultiStatements=false connectionID=1
time="2025-08-08T19:36:39Z" level=info msg="Server closing listener. No longer accepting connections."
time="2025-08-08T19:36:39Z" level=info msg="Server ready. Accepting connections."
time="2025-08-08T19:36:39Z" level=warning msg="secure_file_priv is set to \"\", which is insecure."
time="2025-08-08T19:36:39Z" level=warning msg="Any user with GRANT FILE privileges will be able to read any file which the sql-server process can read."
time="2025-08-08T19:36:39Z" level=warning msg="Please consider restarting the server with secure_file_priv set to a safe (or non-existent) directory."
time="2025-08-08T19:36:39Z" level=info msg=NewConnection DisableClientMultiStatements=false connectionID=1
time="2025-08-08T19:36:39Z" level=info msg="Server closing listener. No longer accepting connections."
time="2025-08-08T19:36:39Z" level=info msg="Server ready. Accepting connections."
time="2025-08-08T19:36:39Z" level=warning msg="secure_file_priv is set to \"\", which is insecure."
time="2025-08-08T19:36:39Z" level=warning msg="Any user with GRANT FILE privileges will be able to read any file which the sql-server process can read."
time="2025-08-08T19:36:39Z" level=warning msg="Please consider restarting the server with secure_file_priv set to a safe (or non-existent) directory."
time="2025-08-08T19:36:39Z" level=info msg=NewConnection DisableClientMultiStatements=false connectionID=1
time="2025-08-08T19:36:39Z" level=warning msg="error running query" connectTime="2025-08-08 19:36:39.826753678 +0000 UTC m=+0.883459990" connectionDb=mydb connectionID=1 error="unable to parse '123' to UUID: invalid UUID length: 3"
time="2025-08-08T19:36:39Z" level=warning msg="error running query" connectTime="2025-08-08 19:36:39.826753678 +0000 UTC m=+0.883459990" connectionDb=mydb connectionID=1 error="unable to parse '123' to UUID: invalid UUID (got 3 bytes)"
time="2025-08-08T19:36:39Z" level=info msg="Server closing listener. No longer accepting connections."
time="2025-08-08T19:36:39Z" level=info msg="Server ready. Accepting connections."
time="2025-08-08T19:36:39Z" level=warning msg="secure_file_priv is set to \"\", which is insecure."
time="2025-08-08T19:36:39Z" level=warning msg="Any user with GRANT FILE privileges will be able to read any file which the sql-server process can read."
time="2025-08-08T19:36:39Z" level=warning msg="Please consider restarting the server with secure_file_priv set to a safe (or non-existent) directory."
time="2025-08-08T19:36:39Z" level=info msg=NewConnection DisableClientMultiStatements=false connectionID=1
time="2025-08-08T19:36:39Z" level=warning msg="error running query" connectTime="2025-08-08 19:36:39.831079115 +0000 UTC m=+0.887785431" connectionDb=mydb connectionID=1 error="Result consisted of more than one row" queryTime="2025-08-08 19:36:39.833805587 +0000 UTC m=+0.890511909"
time="2025-08-08T19:36:39Z" level=warning msg="error running query" connectTime="2025-08-08 19:36:39.831079115 +0000 UTC m=+0.887785431" connectionDb=mydb connectionID=1 error="Result consisted of more than one row" queryTime="2025-08-08 19:36:39.834043339 +0000 UTC m=+0.890749653"
time="2025-08-08T19:36:39Z" level=warning msg="error running query" connectTime="2025-08-08 19:36:39.831079115 +0000 UTC m=+0.887785431" connectionDb=mydb connectionID=1 error="The used SELECT statements have a different number of columns" queryTime="2025-08-08 19:36:39.834218704 +0000 UTC m=+0.890925019"
time="2025-08-08T19:36:39Z" level=info msg="Server closing listener. No longer accepting connections."
time="2025-08-08T19:36:39Z" level=info msg="Server ready. Accepting connections."
time="2025-08-08T19:36:39Z" level=warning msg="secure_file_priv is set to \"\", which is insecure."
time="2025-08-08T19:36:39Z" level=warning msg="Any user with GRANT FILE privileges will be able to read any file which the sql-server process can read."
time="2025-08-08T19:36:39Z" level=warning msg="Please consider restarting the server with secure_file_priv set to a safe (or non-existent) directory."
time="2025-08-08T19:36:39Z" level=info msg=NewConnection DisableClientMultiStatements=false connectionID=1
time="2025-08-08T19:36:39Z" level=info msg="Server closing listener. No longer accepting connections."
time="2025-08-08T19:36:39Z" level=info msg="Server ready. Accepting connections."
time="2025-08-08T19:36:39Z" level=warning msg="secure_file_priv is set to \"\", which is insecure."
time="2025-08-08T19:36:39Z" level=warning msg="Any user with GRANT FILE privileges will be able to read any file which the sql-server process can read."
time="2025-08-08T19:36:39Z" level=warning msg="Please consider restarting the server with secure_file_priv set to a safe (or non-existent) directory."
time="2025-08-08T19:36:39Z" level=info msg="Server closing listener. No longer accepting connections."
time="2025-08-08T19:36:39Z" level=info msg="Server ready. Accepting connections."
time="2025-08-08T19:36:39Z" level=warning msg="secure_file_priv is set to \"\", which is insecure."
time="2025-08-08T19:36:39Z" level=warning msg="Any user with GRANT FILE privileges will be able to read any file which the sql-server process can read."
time="2025-08-08T19:36:39Z" level=warning msg="Please consider restarting the server with secure_file_priv set to a safe (or non-existent) directory."
time="2025-08-08T19:36:39Z" level=info msg=NewConnection DisableClientMultiStatements=false connectionID=1
time="2025-08-08T19:36:39Z" level=info msg="Server closing listener. No longer accepting connections."
time="2025-08-08T19:36:39Z" level=info msg="Server ready. Accepting connections."
time="2025-08-08T19:36:39Z" level=warning msg="secure_file_priv is set to \"\", which is insecure."
time="2025-08-08T19:36:39Z" level=warning msg="Any user with GRANT FILE privileges will be able to read any file which the sql-server process can read."
time="2025-08-08T19:36:39Z" level=warning msg="Please consider restarting the server with secure_file_priv set to a safe (or non-existent) directory."
time="2025-08-08T19:36:39Z" level=info msg=NewConnection DisableClientMultiStatements=false connectionID=1
time="2025-08-08T19:36:39Z" level=info msg="Server closing listener. No longer accepting connections."
time="2025-08-08T19:36:39Z" level=info msg="Server ready. Accepting connections."
time="2025-08-08T19:36:39Z" level=warning msg="secure_file_priv is set to \"\", which is insecure."
time="2025-08-08T19:36:39Z" level=warning msg="Any user with GRANT FILE privileges will be able to read any file which the sql-server process can read."
time="2025-08-08T19:36:39Z" level=warning msg="Please consider restarting the server with secure_file_priv set to a safe (or non-existent) directory."
time="2025-08-08T19:36:39Z" level=info msg=NewConnection DisableClientMultiStatements=false connectionID=1
time="2025-08-08T19:36:39Z" level=info msg="Server closing listener. No longer accepting connections."
time="2025-08-08T19:36:39Z" level=info msg="Server ready. Accepting connections."
time="2025-08-08T19:36:39Z" level=warning msg="secure_file_priv is set to \"\", which is insecure."
time="2025-08-08T19:36:39Z" level=warning msg="Any user with GRANT FILE privileges will be able to read any file which the sql-server process can read."
time="2025-08-08T19:36:39Z" level=warning msg="Please consider restarting the server with secure_file_priv set to a safe (or non-existent) directory."
time="2025-08-08T19:36:39Z" level=info msg=NewConnection DisableClientMultiStatements=false connectionID=1
time="2025-08-08T19:36:39Z" level=info msg="Server closing listener. No longer accepting connections."
time="2025-08-08T19:36:39Z" level=info msg="Server ready. Accepting connections."
time="2025-08-08T19:36:39Z" level=warning msg="secure_file_priv is set to \"\", which is insecure."
time="2025-08-08T19:36:39Z" level=warning msg="Any user with GRANT FILE privileges will be able to read any file which the sql-server process can read."
time="2025-08-08T19:36:39Z" level=warning msg="Please consider restarting the server with secure_file_priv set to a safe (or non-existent) directory."
time="2025-08-08T19:36:39Z" level=info msg=NewConnection DisableClientMultiStatements=false connectionID=1
time="2025-08-08T19:36:39Z" level=info msg="Server closing listener. No longer accepting connections."
time="2025-08-08T19:36:39Z" level=info msg="Server ready. Accepting connections."
time="2025-08-08T19:36:39Z" level=warning msg="secure_file_priv is set to \"\", which is insecure."
time="2025-08-08T19:36:39Z" level=warning msg="Any user with GRANT FILE privileges will be able to read any file which the sql-server process can read."
time="2025-08-08T19:36:39Z" level=warning msg="Please consider restarting the server with secure_file_priv set to a safe (or non-existent) directory."
time="2025-08-08T19:36:39Z" level=info msg=NewConnection DisableClientMultiStatements=false connectionID=1
time="2025-08-08T19:36:39Z" level=info msg="Server closing listener. No longer accepting connections."
time="2025-08-08T19:36:39Z" level=info msg="Server ready. Accepting connections."
time="2025-08-08T19:36:39Z" level=warning msg="secure_file_priv is set to \"\", which is insecure."
time="2025-08-08T19:36:39Z" level=warning msg="Any user with GRANT FILE privileges will be able to read any file which the sql-server process can read."
time="2025-08-08T19:36:39Z" level=warning msg="Please consider restarting the server with secure_file_priv set to a safe (or non-existent) directory."
time="2025-08-08T19:36:39Z" level=info msg=NewConnection DisableClientMultiStatements=false connectionID=1
time="2025-08-08T19:36:39Z" level=info msg="Server closing listener. No longer accepting connections."
time="2025-08-08T19:36:39Z" level=info msg="Server ready. Accepting connections."
time="2025-08-08T19:36:39Z" level=warning msg="secure_file_priv is set to \"\", which is insecure."
time="2025-08-08T19:36:39Z" level=warning msg="Any user with GRANT FILE privileges will be able to read any file which the sql-server process can read."
time="2025-08-08T19:36:39Z" level=warning msg="Please consider restarting the server with secure_file_priv set to a safe (or non-existent) directory."
time="2025-08-08T19:36:39Z" level=info msg=NewConnection DisableClientMultiStatements=false connectionID=1
time="2025-08-08T19:36:39Z" level=info msg="Server closing listener. No longer accepting connections."
time="2025-08-08T19:36:39Z" level=info msg="Server ready. Accepting connections."
time="2025-08-08T19:36:39Z" level=warning msg="secure_file_priv is set to \"\", which is insecure."
time="2025-08-08T19:36:39Z" level=warning msg="Any user with GRANT FILE privileges will be able to read any file which the sql-server process can read."
time="2025-08-08T19:36:39Z" level=warning msg="Please consider restarting the server with secure_file_priv set to a safe (or non-existent) directory."
time="2025-08-08T19:36:39Z" level=info msg=NewConnection DisableClientMultiStatements=false connectionID=1
time="2025-08-08T19:36:39Z" level=info msg="Server closing listener. No longer accepting connections."
time="2025-08-08T19:36:39Z" level=info msg="Server ready. Accepting connections."
time="2025-08-08T19:36:39Z" level=warning msg="secure_file_priv is set to \"\", which is insecure."
time="2025-08-08T19:36:39Z" level=warning msg="Any user with GRANT FILE privileges will be able to read any file which the sql-server process can read."
time="2025-08-08T19:36:39Z" level=warning msg="Please consider restarting the server with secure_file_priv set to a safe (or non-existent) directory."
time="2025-08-08T19:36:39Z" level=info msg=NewConnection DisableClientMultiStatements=false connectionID=1
time="2025-08-08T19:36:39Z" level=warning msg="error running query" connectTime="2025-08-08 19:36:39.896425202 +0000 UTC m=+0.953131517" connectionDb=mydb connectionID=1 error="operand should have 1 columns, but has 3" queryTime="2025-08-08 19:36:39.900351581 +0000 UTC m=+0.957057897"
time="2025-08-08T19:36:39Z" level=warning msg="error running query" connectTime="2025-08-08 19:36:39.896425202 +0000 UTC m=+0.953131517" connectionDb=mydb connectionID=1 error="the subquery returned more than 1 row"
time="2025-08-08T19:36:39Z" level=info msg="Server closing listener. No longer accepting connections."
time="2025-08-08T19:36:39Z" level=info msg="Server ready. Accepting connections."
time="2025-08-08T19:36:39Z" level=warning msg="secure_file_priv is set to \"\", which is insecure."
time="2025-08-08T19:36:39Z" level=warning msg="Any user with GRANT FILE privileges will be able to read any file which the sql-server process can read."
time="2025-08-08T19:36:39Z" level=warning msg="Please consider restarting the server with secure_file_priv set to a safe (or non-existent) directory."
time="2025-08-08T19:36:39Z" level=info msg=NewConnection DisableClientMultiStatements=false connectionID=1
time="2025-08-08T19:36:39Z" level=info msg="Server closing listener. No longer accepting connections."
time="2025-08-08T19:36:39Z" level=info msg="Server ready. Accepting connections."
time="2025-08-08T19:36:39Z" level=warning msg="secure_file_priv is set to \"\", which is insecure."
time="2025-08-08T19:36:39Z" level=warning msg="Any user with GRANT FILE privileges will be able to read any file which the sql-server process can read."
time="2025-08-08T19:36:39Z" level=warning msg="Please consider restarting the server with secure_file_priv set to a safe (or non-existent) directory."
time="2025-08-08T19:36:39Z" level=info msg=NewConnection DisableClientMultiStatements=false connectionID=1
time="2025-08-08T19:36:39Z" level=info msg="Server closing listener. No longer accepting connections."
time="2025-08-08T19:36:39Z" level=info msg="Server ready. Accepting connections."
time="2025-08-08T19:36:39Z" level=warning msg="secure_file_priv is set to \"\", which is insecure."
time="2025-08-08T19:36:39Z" level=warning msg="Any user with GRANT FILE privileges will be able to read any file which the sql-server process can read."
time="2025-08-08T19:36:39Z" level=warning msg="Please consider restarting the server with secure_file_priv set to a safe (or non-existent) directory."
time="2025-08-08T19:36:39Z" level=info msg=NewConnection DisableClientMultiStatements=false connectionID=1
time="2025-08-08T19:36:39Z" level=warning msg="error running query" connectTime="2025-08-08 19:36:39.914127919 +0000 UTC m=+0.970834239" connectionDb=mydb connectionID=1 error="operand should have 1 columns, but has 2" queryTime="2025-08-08 19:36:39.91485318 +0000 UTC m=+0.971559494"
time="2025-08-08T19:36:39Z" level=warning msg="error running query" connectTime="2025-08-08 19:36:39.914127919 +0000 UTC m=+0.970834239" connectionDb=mydb connectionID=1 error="unable to sort: the subquery returned more than 1 row"
time="2025-08-08T19:36:39Z" level=info msg="Server closing listener. No longer accepting connections."
time="2025-08-08T19:36:39Z" level=info msg="Server ready. Accepting connections."
time="2025-08-08T19:36:39Z" level=warning msg="secure_file_priv is set to \"\", which is insecure."
time="2025-08-08T19:36:39Z" level=warning msg="Any user with GRANT FILE privileges will be able to read any file which the sql-server process can read."
time="2025-08-08T19:36:39Z" level=warning msg="Please consider restarting the server with secure_file_priv set to a safe (or non-existent) directory."
time="2025-08-08T19:36:39Z" level=info msg=NewConnection DisableClientMultiStatements=false connectionID=1
time="2025-08-08T19:36:39Z" level=warning msg="error running query" connectTime="2025-08-08 19:36:39.916362567 +0000 UTC m=+0.973068882" connectionDb=mydb connectionID=1 error="operand should have 1 columns, but has 2" queryTime="2025-08-08 19:36:39.91885074 +0000 UTC m=+0.975557054"
time="2025-08-08T19:36:39Z" level=info msg="Server closing listener. No longer accepting connections."
time="2025-08-08T19:36:39Z" level=info msg="Server ready. Accepting connections."
time="2025-08-08T19:36:39Z" level=warning msg="secure_file_priv is set to \"\", which is insecure."
time="2025-08-08T19:36:39Z" level=warning msg="Any user with GRANT FILE privileges will be able to read any file which the sql-server process can read."
time="2025-08-08T19:36:39Z" level=warning msg="Please consider restarting the server with secure_file_priv set to a safe (or non-existent) directory."
time="2025-08-08T19:36:39Z" level=info msg=NewConnection DisableClientMultiStatements=false connectionID=1
time="2025-08-08T19:36:39Z" level=info msg="Server closing listener. No longer accepting connections."
time="2025-08-08T19:36:39Z" level=info msg="Server ready. Accepting connections."
time="2025-08-08T19:36:39Z" level=warning msg="secure_file_priv is set to \"\", which is insecure."
time="2025-08-08T19:36:39Z" level=warning msg="Any user with GRANT FILE privileges will be able to read any file which the sql-server process can read."
time="2025-08-08T19:36:39Z" level=warning msg="Please consider restarting the server with secure_file_priv set to a safe (or non-existent) directory."
time="2025-08-08T19:36:39Z" level=info msg=NewConnection DisableClientMultiStatements=false connectionID=1
time="2025-08-08T19:36:39Z" level=info msg="Server closing listener. No longer accepting connections."
time="2025-08-08T19:36:39Z" level=info msg="Server ready. Accepting connections."
time="2025-08-08T19:36:39Z" level=warning msg="secure_file_priv is set to \"\", which is insecure."
time="2025-08-08T19:36:39Z" level=warning msg="Any user with GRANT FILE privileges will be able to read any file which the sql-server process can read."
time="2025-08-08T19:36:39Z" level=warning msg="Please consider restarting the server with secure_file_priv set to a safe (or non-existent) directory."
time="2025-08-08T19:36:39Z" level=info msg=NewConnection DisableClientMultiStatements=false connectionID=1
time="2025-08-08T19:36:39Z" level=error msg="unable to prepare query: table \"test\" does not have column \"v2\"" query="ALTER TABLE test ALTER v2 SET DEFAULT 1;"
time="2025-08-08T19:36:39Z" level=error msg="unable to prepare query: table \"test\" does not have column \"v2\" (errno 1105) (sqlstate HY000)"
time="2025-08-08T19:36:39Z" level=warning msg="error running query" connectTime="2025-08-08 19:36:39.931606317 +0000 UTC m=+0.988312632" connectionDb=mydb connectionID=1 error="table \"v2\" does not have column %!q(MISSING)" queryTime="2025-08-08 19:36:39.933705 +0000 UTC m=+0.990411314"
time="2025-08-08T19:36:39Z" level=warning msg="error running query" connectTime="2025-08-08 19:36:39.931606317 +0000 UTC m=+0.988312632" connectionDb=mydb connectionID=1 error="table \"v1\" does not have column %!q(MISSING)" queryTime="2025-08-08 19:36:39.93471479 +0000 UTC m=+0.991421105"
time="2025-08-08T19:36:39Z" level=info msg="Server closing listener. No longer accepting connections."
time="2025-08-08T19:36:39Z" level=info msg="Server ready. Accepting connections."
time="2025-08-08T19:36:39Z" level=warning msg="secure_file_priv is set to \"\", which is insecure."
time="2025-08-08T19:36:39Z" level=warning msg="Any user with GRANT FILE privileges will be able to read any file which the sql-server process can read."
time="2025-08-08T19:36:39Z" level=warning msg="Please consider restarting the server with secure_file_priv set to a safe (or non-existent) directory."
time="2025-08-08T19:36:39Z" level=info msg=NewConnection DisableClientMultiStatements=false connectionID=1
time="2025-08-08T19:36:39Z" level=warning msg="error running query" connectTime="2025-08-08 19:36:39.93628155 +0000 UTC m=+0.992987865" connectionDb=mydb connectionID=1 error="expression 'tab1.col1' doesn't appear in the group by expressions" queryTime="2025-08-08 19:36:39.943229915 +0000 UTC m=+0.999936229"
time="2025-08-08T19:36:39Z" level=info msg="Server closing listener. No longer accepting connections."
time="2025-08-08T19:36:39Z" level=info msg="Server ready. Accepting connections."
time="2025-08-08T19:36:39Z" level=warning msg="secure_file_priv is set to \"\", which is insecure."
time="2025-08-08T19:36:39Z" level=warning msg="Any user with GRANT FILE privileges will be able to read any file which the sql-server process can read."
time="2025-08-08T19:36:39Z" level=warning msg="Please consider restarting the server with secure_file_priv set to a safe (or non-existent) directory."
time="2025-08-08T19:36:39Z" level=info msg=NewConnection DisableClientMultiStatements=false connectionID=1
time="2025-08-08T19:36:39Z" level=info msg="Server closing listener. No longer accepting connections."
time="2025-08-08T19:36:39Z" level=info msg="Server ready. Accepting connections."
time="2025-08-08T19:36:39Z" level=warning msg="secure_file_priv is set to \"\", which is insecure."
time="2025-08-08T19:36:39Z" level=warning msg="Any user with GRANT FILE privileges will be able to read any file which the sql-server process can read."
time="2025-08-08T19:36:39Z" level=warning msg="Please consider restarting the server with secure_file_priv set to a safe (or non-existent) directory."
time="2025-08-08T19:36:39Z" level=info msg=NewConnection DisableClientMultiStatements=false connectionID=1
time="2025-08-08T19:36:39Z" level=info msg="Server closing listener. No longer accepting connections."
time="2025-08-08T19:36:39Z" level=info msg="Server ready. Accepting connections."
time="2025-08-08T19:36:39Z" level=warning msg="secure_file_priv is set to \"\", which is insecure."
time="2025-08-08T19:36:39Z" level=warning msg="Any user with GRANT FILE privileges will be able to read any file which the sql-server process can read."
time="2025-08-08T19:36:39Z" level=warning msg="Please consider restarting the server with secure_file_priv set to a safe (or non-existent) directory."
time="2025-08-08T19:36:39Z" level=info msg=NewConnection DisableClientMultiStatements=false connectionID=1
time="2025-08-08T19:36:39Z" level=info msg="Server closing listener. No longer accepting connections."
time="2025-08-08T19:36:39Z" level=info msg="Server ready. Accepting connections."
time="2025-08-08T19:36:39Z" level=warning msg="secure_file_priv is set to \"\", which is insecure."
time="2025-08-08T19:36:39Z" level=warning msg="Any user with GRANT FILE privileges will be able to read any file which the sql-server process can read."
time="2025-08-08T19:36:39Z" level=warning msg="Please consider restarting the server with secure_file_priv set to a safe (or non-existent) directory."
time="2025-08-08T19:36:39Z" level=info msg=NewConnection DisableClientMultiStatements=false connectionID=1
time="2025-08-08T19:36:39Z" level=info msg="Server closing listener. No longer accepting connections."
time="2025-08-08T19:36:39Z" level=info msg="Server ready. Accepting connections."
time="2025-08-08T19:36:39Z" level=warning msg="secure_file_priv is set to \"\", which is insecure."
time="2025-08-08T19:36:39Z" level=warning msg="Any user with GRANT FILE privileges will be able to read any file which the sql-server process can read."
time="2025-08-08T19:36:39Z" level=warning msg="Please consider restarting the server with secure_file_priv set to a safe (or non-existent) directory."
time="2025-08-08T19:36:39Z" level=info msg=NewConnection DisableClientMultiStatements=false connectionID=1
time="2025-08-08T19:36:39Z" level=info msg="Server closing listener. No longer accepting connections."
time="2025-08-08T19:36:39Z" level=info msg="Server ready. Accepting connections."
time="2025-08-08T19:36:39Z" level=warning msg="secure_file_priv is set to \"\", which is insecure."
time="2025-08-08T19:36:39Z" level=warning msg="Any user with GRANT FILE privileges will be able to read any file which the sql-server process can read."
time="2025-08-08T19:36:39Z" level=warning msg="Please consider restarting the server with secure_file_priv set to a safe (or non-existent) directory."
time="2025-08-08T19:36:39Z" level=info msg=NewConnection DisableClientMultiStatements=false connectionID=1
time="2025-08-08T19:36:39Z" level=info msg="Server closing listener. No longer accepting connections."
time="2025-08-08T19:36:39Z" level=info msg="Server ready. Accepting connections."
time="2025-08-08T19:36:39Z" level=warning msg="secure_file_priv is set to \"\", which is insecure."
time="2025-08-08T19:36:39Z" level=warning msg="Any user with GRANT FILE privileges will be able to read any file which the sql-server process can read."
time="2025-08-08T19:36:39Z" level=warning msg="Please consider restarting the server with secure_file_priv set to a safe (or non-existent) directory."
time="2025-08-08T19:36:39Z" level=info msg=NewConnection DisableClientMultiStatements=false connectionID=1
time="2025-08-08T19:36:39Z" level=info msg="Server closing listener. No longer accepting connections."
time="2025-08-08T19:36:39Z" level=info msg="Server ready. Accepting connections."
time="2025-08-08T19:36:39Z" level=warning msg="secure_file_priv is set to \"\", which is insecure."
time="2025-08-08T19:36:39Z" level=warning msg="Any user with GRANT FILE privileges will be able to read any file which the sql-server process can read."
time="2025-08-08T19:36:39Z" level=warning msg="Please consider restarting the server with secure_file_priv set to a safe (or non-existent) directory."
time="2025-08-08T19:36:39Z" level=info msg=NewConnection DisableClientMultiStatements=false connectionID=1
time="2025-08-08T19:36:39Z" level=info msg="Server closing listener. No longer accepting connections."
time="2025-08-08T19:36:39Z" level=info msg="Server ready. Accepting connections."
time="2025-08-08T19:36:39Z" level=warning msg="secure_file_priv is set to \"\", which is insecure."
time="2025-08-08T19:36:39Z" level=warning msg="Any user with GRANT FILE privileges will be able to read any file which the sql-server process can read."
time="2025-08-08T19:36:39Z" level=warning msg="Please consider restarting the server with secure_file_priv set to a safe (or non-existent) directory."
time="2025-08-08T19:36:39Z" level=info msg=NewConnection DisableClientMultiStatements=false connectionID=1
time="2025-08-08T19:36:39Z" level=info msg="Server closing listener. No longer accepting connections."
time="2025-08-08T19:36:39Z" level=info msg="Server ready. Accepting connections."
time="2025-08-08T19:36:39Z" level=warning msg="secure_file_priv is set to \"\", which is insecure."
time="2025-08-08T19:36:39Z" level=warning msg="Any user with GRANT FILE privileges will be able to read any file which the sql-server process can read."
time="2025-08-08T19:36:39Z" level=warning msg="Please consider restarting the server with secure_file_priv set to a safe (or non-existent) directory."
time="2025-08-08T19:36:39Z" level=info msg=NewConnection DisableClientMultiStatements=false connectionID=1
time="2025-08-08T19:36:39Z" level=info msg="Server closing listener. No longer accepting connections."
time="2025-08-08T19:36:39Z" level=info msg="Server ready. Accepting connections."
time="2025-08-08T19:36:40Z" level=warning msg="secure_file_priv is set to \"\", which is insecure."
time="2025-08-08T19:36:40Z" level=warning msg="Any user with GRANT FILE privileges will be able to read any file which the sql-server process can read."
time="2025-08-08T19:36:40Z" level=warning msg="Please consider restarting the server with secure_file_priv set to a safe (or non-existent) directory."
time="2025-08-08T19:36:40Z" level=info msg=NewConnection DisableClientMultiStatements=false connectionID=1
time="2025-08-08T19:36:40Z" level=info msg="Server closing listener. No longer accepting connections."
time="2025-08-08T19:36:40Z" level=info msg="Server ready. Accepting connections."
time="2025-08-08T19:36:40Z" level=warning msg="secure_file_priv is set to \"\", which is insecure."
time="2025-08-08T19:36:40Z" level=warning msg="Any user with GRANT FILE privileges will be able to read any file which the sql-server process can read."
time="2025-08-08T19:36:40Z" level=warning msg="Please consider restarting the server with secure_file_priv set to a safe (or non-existent) directory."
time="2025-08-08T19:36:40Z" level=info msg=NewConnection DisableClientMultiStatements=false connectionID=1
time="2025-08-08T19:36:40Z" level=info msg="Server closing listener. No longer accepting connections."
time="2025-08-08T19:36:40Z" level=info msg="Server ready. Accepting connections."
time="2025-08-08T19:36:40Z" level=warning msg="secure_file_priv is set to \"\", which is insecure."
time="2025-08-08T19:36:40Z" level=warning msg="Any user with GRANT FILE privileges will be able to read any file which the sql-server process can read."
time="2025-08-08T19:36:40Z" level=warning msg="Please consider restarting the server with secure_file_priv set to a safe (or non-existent) directory."
time="2025-08-08T19:36:40Z" level=info msg=NewConnection DisableClientMultiStatements=false connectionID=1
time="2025-08-08T19:36:40Z" level=info msg="Server closing listener. No longer accepting connections."
time="2025-08-08T19:36:40Z" level=info msg="Server ready. Accepting connections."
time="2025-08-08T19:36:40Z" level=warning msg="secure_file_priv is set to \"\", which is insecure."
time="2025-08-08T19:36:40Z" level=warning msg="Any user with GRANT FILE privileges will be able to read any file which the sql-server process can read."
time="2025-08-08T19:36:40Z" level=warning msg="Please consider restarting the server with secure_file_priv set to a safe (or non-existent) directory."
time="2025-08-08T19:36:40Z" level=info msg=NewConnection DisableClientMultiStatements=false connectionID=1
time="2025-08-08T19:36:40Z" level=info msg="Server closing listener. No longer accepting connections."
time="2025-08-08T19:36:40Z" level=info msg="Server ready. Accepting connections."
time="2025-08-08T19:36:40Z" level=warning msg="secure_file_priv is set to \"\", which is insecure."
time="2025-08-08T19:36:40Z" level=warning msg="Any user with GRANT FILE privileges will be able to read any file which the sql-server process can read."
time="2025-08-08T19:36:40Z" level=warning msg="Please consider restarting the server with secure_file_priv set to a safe (or non-existent) directory."
time="2025-08-08T19:36:40Z" level=info msg=NewConnection DisableClientMultiStatements=false connectionID=1
time="2025-08-08T19:36:40Z" level=error msg="unable to prepare query: invalid index name 'primary'" query="create index `primary` on t(i)"
time="2025-08-08T19:36:40Z" level=error msg="unable to prepare query: invalid index name 'primary' (errno 1105) (sqlstate HY000)"
time="2025-08-08T19:36:40Z" level=info msg="Server closing listener. No longer accepting connections."
time="2025-08-08T19:36:40Z" level=info msg="Server ready. Accepting connections."
time="2025-08-08T19:36:40Z" level=warning msg="secure_file_priv is set to \"\", which is insecure."
time="2025-08-08T19:36:40Z" level=warning msg="Any user with GRANT FILE privileges will be able to read any file which the sql-server process can read."
time="2025-08-08T19:36:40Z" level=warning msg="Please consider restarting the server with secure_file_priv set to a safe (or non-existent) directory."
time="2025-08-08T19:36:40Z" level=info msg=NewConnection DisableClientMultiStatements=false connectionID=1
time="2025-08-08T19:36:40Z" level=info msg="Server closing listener. No longer accepting connections."
time="2025-08-08T19:36:40Z" level=info msg="Server ready. Accepting connections."
time="2025-08-08T19:36:40Z" level=warning msg="secure_file_priv is set to \"\", which is insecure."
time="2025-08-08T19:36:40Z" level=warning msg="Any user with GRANT FILE privileges will be able to read any file which the sql-server process can read."
time="2025-08-08T19:36:40Z" level=warning msg="Please consider restarting the server with secure_file_priv set to a safe (or non-existent) directory."
time="2025-08-08T19:36:40Z" level=info msg=NewConnection DisableClientMultiStatements=false connectionID=1
time="2025-08-08T19:36:40Z" level=info msg="Server closing listener. No longer accepting connections."
time="2025-08-08T19:36:40Z" level=info msg="Server ready. Accepting connections."
time="2025-08-08T19:36:40Z" level=warning msg="secure_file_priv is set to \"\", which is insecure."
time="2025-08-08T19:36:40Z" level=warning msg="Any user with GRANT FILE privileges will be able to read any file which the sql-server process can read."
time="2025-08-08T19:36:40Z" level=warning msg="Please consider restarting the server with secure_file_priv set to a safe (or non-existent) directory."
time="2025-08-08T19:36:40Z" level=info msg=NewConnection DisableClientMultiStatements=false connectionID=1
time="2025-08-08T19:36:40Z" level=info msg="Server closing listener. No longer accepting connections."
time="2025-08-08T19:36:40Z" level=info msg="Server ready. Accepting connections."
time="2025-08-08T19:36:40Z" level=warning msg="secure_file_priv is set to \"\", which is insecure."
time="2025-08-08T19:36:40Z" level=warning msg="Any user with GRANT FILE privileges will be able to read any file which the sql-server process can read."
time="2025-08-08T19:36:40Z" level=warning msg="Please consider restarting the server with secure_file_priv set to a safe (or non-existent) directory."
time="2025-08-08T19:36:40Z" level=info msg=NewConnection DisableClientMultiStatements=false connectionID=1
time="2025-08-08T19:36:40Z" level=info msg="Server closing listener. No longer accepting connections."
time="2025-08-08T19:36:40Z" level=info msg="Server ready. Accepting connections."
time="2025-08-08T19:36:40Z" level=warning msg="secure_file_priv is set to \"\", which is insecure."
time="2025-08-08T19:36:40Z" level=warning msg="Any user with GRANT FILE privileges will be able to read any file which the sql-server process can read."
time="2025-08-08T19:36:40Z" level=warning msg="Please consider restarting the server with secure_file_priv set to a safe (or non-existent) directory."
time="2025-08-08T19:36:40Z" level=info msg=NewConnection DisableClientMultiStatements=false connectionID=1
time="2025-08-08T19:36:40Z" level=warning msg="error running query" connectTime="2025-08-08 19:36:40.030140633 +0000 UTC m=+1.086846944" connectionDb=mydb connectionID=1 error="key column 'notacolumn' doesn't exist in table" queryTime="2025-08-08 19:36:40.031185734 +0000 UTC m=+1.087892048"
time="2025-08-08T19:36:40Z" level=info msg="Server closing listener. No longer accepting connections."
time="2025-08-08T19:36:40Z" level=info msg="Server ready. Accepting connections."
time="2025-08-08T19:36:40Z" level=warning msg="secure_file_priv is set to \"\", which is insecure."
time="2025-08-08T19:36:40Z" level=warning msg="Any user with GRANT FILE privileges will be able to read any file which the sql-server process can read."
time="2025-08-08T19:36:40Z" level=warning msg="Please consider restarting the server with secure_file_priv set to a safe (or non-existent) directory."
time="2025-08-08T19:36:40Z" level=info msg=NewConnection DisableClientMultiStatements=false connectionID=1
time="2025-08-08T19:36:40Z" level=warning msg="error running query" connectTime="2025-08-08 19:36:40.032937397 +0000 UTC m=+1.089643709" connectionDb=mydb connectionID=1 error="key column 'v1' doesn't exist in table" queryTime="2025-08-08 19:36:40.03334182 +0000 UTC m=+1.090048135"
time="2025-08-08T19:36:40Z" level=warning msg="error running query" connectTime="2025-08-08 19:36:40.032937397 +0000 UTC m=+1.089643709" connectionDb=mydb connectionID=1 error="error: can't drop 'notanindex'; check that column/key exists" queryTime="2025-08-08 19:36:40.034300995 +0000 UTC m=+1.091007309"
time="2025-08-08T19:36:40Z" level=warning msg="error running query" connectTime="2025-08-08 19:36:40.032937397 +0000 UTC m=+1.089643709" connectionDb=mydb connectionID=1 error="key column 'notacolumn' doesn't exist in table" queryTime="2025-08-08 19:36:40.034779488 +0000 UTC m=+1.091485802"
time="2025-08-08T19:36:40Z" level=warning msg="error running query" connectTime="2025-08-08 19:36:40.032937397 +0000 UTC m=+1.089643709" connectionDb=mydb connectionID=1 error="error: can't drop 'notanindex'; check that column/key exists" queryTime="2025-08-08 19:36:40.035313672 +0000 UTC m=+1.092019988"
time="2025-08-08T19:36:40Z" level=info msg="Server closing listener. No longer accepting connections."
time="2025-08-08T19:36:40Z" level=info msg="Server ready. Accepting connections."
time="2025-08-08T19:36:40Z" level=warning msg="secure_file_priv is set to \"\", which is insecure."
time="2025-08-08T19:36:40Z" level=warning msg="Any user with GRANT FILE privileges will be able to read any file which the sql-server process can read."
time="2025-08-08T19:36:40Z" level=warning msg="Please consider restarting the server with secure_file_priv set to a safe (or non-existent) directory."
time="2025-08-08T19:36:40Z" level=info msg=NewConnection DisableClientMultiStatements=false connectionID=1
time="2025-08-08T19:36:40Z" level=info msg="Server closing listener. No longer accepting connections."
time="2025-08-08T19:36:40Z" level=info msg="Server ready. Accepting connections."
time="2025-08-08T19:36:40Z" level=warning msg="secure_file_priv is set to \"\", which is insecure."
time="2025-08-08T19:36:40Z" level=warning msg="Any user with GRANT FILE privileges will be able to read any file which the sql-server process can read."
time="2025-08-08T19:36:40Z" level=warning msg="Please consider restarting the server with secure_file_priv set to a safe (or non-existent) directory."
time="2025-08-08T19:36:40Z" level=info msg=NewConnection DisableClientMultiStatements=false connectionID=1
time="2025-08-08T19:36:40Z" level=warning msg="error running query" connectTime="2025-08-08 19:36:40.040002349 +0000 UTC m=+1.096708667" connectionDb=mydb connectionID=1 error="table \"test\" does not have column \"v2\"" queryTime="2025-08-08 19:36:40.041931399 +0000 UTC m=+1.098637713"
time="2025-08-08T19:36:40Z" level=warning msg="error running query" connectTime="2025-08-08 19:36:40.040002349 +0000 UTC m=+1.096708667" connectionDb=mydb connectionID=1 error="table \"test\" does not have column \"v2\"" queryTime="2025-08-08 19:36:40.042421578 +0000 UTC m=+1.099127891"
time="2025-08-08T19:36:40Z" level=warning msg="error running query" connectTime="2025-08-08 19:36:40.040002349 +0000 UTC m=+1.096708667" connectionDb=mydb connectionID=1 error="table \"test\" does not have column \"v2\"" queryTime="2025-08-08 19:36:40.042959828 +0000 UTC m=+1.099666142"
time="2025-08-08T19:36:40Z" level=info msg="Server closing listener. No longer accepting connections."
time="2025-08-08T19:36:40Z" level=info msg="Server ready. Accepting connections."
time="2025-08-08T19:36:40Z" level=warning msg="secure_file_priv is set to \"\", which is insecure."
time="2025-08-08T19:36:40Z" level=warning msg="Any user with GRANT FILE privileges will be able to read any file which the sql-server process can read."
time="2025-08-08T19:36:40Z" level=warning msg="Please consider restarting the server with secure_file_priv set to a safe (or non-existent) directory."
time="2025-08-08T19:36:40Z" level=info msg=NewConnection DisableClientMultiStatements=false connectionID=1
time="2025-08-08T19:36:40Z" level=info msg="Server closing listener. No longer accepting connections."
time="2025-08-08T19:36:40Z" level=info msg="Server ready. Accepting connections."
time="2025-08-08T19:36:40Z" level=warning msg="secure_file_priv is set to \"\", which is insecure."
time="2025-08-08T19:36:40Z" level=warning msg="Any user with GRANT FILE privileges will be able to read any file which the sql-server process can read."
time="2025-08-08T19:36:40Z" level=warning msg="Please consider restarting the server with secure_file_priv set to a safe (or non-existent) directory."
time="2025-08-08T19:36:40Z" level=info msg=NewConnection DisableClientMultiStatements=false connectionID=1
time="2025-08-08T19:36:40Z" level=info msg="Server closing listener. No longer accepting connections."
time="2025-08-08T19:36:40Z" level=info msg="Server ready. Accepting connections."
time="2025-08-08T19:36:40Z" level=warning msg="secure_file_priv is set to \"\", which is insecure."
time="2025-08-08T19:36:40Z" level=warning msg="Any user with GRANT FILE privileges will be able to read any file which the sql-server process can read."
time="2025-08-08T19:36:40Z" level=warning msg="Please consider restarting the server with secure_file_priv set to a safe (or non-existent) directory."
time="2025-08-08T19:36:40Z" level=info msg=NewConnection DisableClientMultiStatements=false connectionID=1
time="2025-08-08T19:36:40Z" level=info msg="Server closing listener. No longer accepting connections."
time="2025-08-08T19:36:40Z" level=info msg="Server ready. Accepting connections."
time="2025-08-08T19:36:40Z" level=warning msg="secure_file_priv is set to \"\", which is insecure."
time="2025-08-08T19:36:40Z" level=warning msg="Any user with GRANT FILE privileges will be able to read any file which the sql-server process can read."
time="2025-08-08T19:36:40Z" level=warning msg="Please consider restarting the server with secure_file_priv set to a safe (or non-existent) directory."
time="2025-08-08T19:36:40Z" level=info msg=NewConnection DisableClientMultiStatements=false connectionID=1
time="2025-08-08T19:36:40Z" level=info msg="Server closing listener. No longer accepting connections."
time="2025-08-08T19:36:40Z" level=info msg="Server ready. Accepting connections."
time="2025-08-08T19:36:40Z" level=warning msg="secure_file_priv is set to \"\", which is insecure."
time="2025-08-08T19:36:40Z" level=warning msg="Any user with GRANT FILE privileges will be able to read any file which the sql-server process can read."
time="2025-08-08T19:36:40Z" level=warning msg="Please consider restarting the server with secure_file_priv set to a safe (or non-existent) directory."
time="2025-08-08T19:36:40Z" level=info msg=NewConnection DisableClientMultiStatements=false connectionID=1
time="2025-08-08T19:36:40Z" level=info msg="Server closing listener. No longer accepting connections."
time="2025-08-08T19:36:40Z" level=info msg="Server ready. Accepting connections."
time="2025-08-08T19:36:40Z" level=warning msg="secure_file_priv is set to \"\", which is insecure."
time="2025-08-08T19:36:40Z" level=warning msg="Any user with GRANT FILE privileges will be able to read any file which the sql-server process can read."
time="2025-08-08T19:36:40Z" level=warning msg="Please consider restarting the server with secure_file_priv set to a safe (or non-existent) directory."
time="2025-08-08T19:36:40Z" level=info msg=NewConnection DisableClientMultiStatements=false connectionID=1
time="2025-08-08T19:36:40Z" level=info msg="Server closing listener. No longer accepting connections."
time="2025-08-08T19:36:40Z" level=info msg="Server ready. Accepting connections."
time="2025-08-08T19:36:40Z" level=warning msg="secure_file_priv is set to \"\", which is insecure."
time="2025-08-08T19:36:40Z" level=warning msg="Any user with GRANT FILE privileges will be able to read any file which the sql-server process can read."
time="2025-08-08T19:36:40Z" level=warning msg="Please consider restarting the server with secure_file_priv set to a safe (or non-existent) directory."
time="2025-08-08T19:36:40Z" level=info msg=NewConnection DisableClientMultiStatements=false connectionID=1
time="2025-08-08T19:36:40Z" level=info msg="Server closing listener. No longer accepting connections."
time="2025-08-08T19:36:40Z" level=info msg="Server ready. Accepting connections."
time="2025-08-08T19:36:40Z" level=warning msg="secure_file_priv is set to \"\", which is insecure."
time="2025-08-08T19:36:40Z" level=warning msg="Any user with GRANT FILE privileges will be able to read any file which the sql-server process can read."
time="2025-08-08T19:36:40Z" level=warning msg="Please consider restarting the server with secure_file_priv set to a safe (or non-existent) directory."
time="2025-08-08T19:36:40Z" level=info msg=NewConnection DisableClientMultiStatements=false connectionID=1
time="2025-08-08T19:36:40Z" level=info msg="Server closing listener. No longer accepting connections."
time="2025-08-08T19:36:40Z" level=info msg="Server ready. Accepting connections."
time="2025-08-08T19:36:40Z" level=warning msg="secure_file_priv is set to \"\", which is insecure."
time="2025-08-08T19:36:40Z" level=warning msg="Any user with GRANT FILE privileges will be able to read any file which the sql-server process can read."
time="2025-08-08T19:36:40Z" level=warning msg="Please consider restarting the server with secure_file_priv set to a safe (or non-existent) directory."
time="2025-08-08T19:36:40Z" level=info msg=NewConnection DisableClientMultiStatements=false connectionID=1
time="2025-08-08T19:36:40Z" level=error msg="unable to prepare query: No tables used" query="SELECT * from dual;"
time="2025-08-08T19:36:40Z" level=error msg="unable to prepare query: No tables used (errno 1105) (sqlstate HY000)"
time="2025-08-08T19:36:40Z" level=info msg="Server closing listener. No longer accepting connections."
time="2025-08-08T19:36:40Z" level=info msg="Server ready. Accepting connections."
time="2025-08-08T19:36:40Z" level=warning msg="secure_file_priv is set to \"\", which is insecure."
time="2025-08-08T19:36:40Z" level=warning msg="Any user with GRANT FILE privileges will be able to read any file which the sql-server process can read."
time="2025-08-08T19:36:40Z" level=warning msg="Please consider restarting the server with secure_file_priv set to a safe (or non-existent) directory."
time="2025-08-08T19:36:40Z" level=info msg=NewConnection DisableClientMultiStatements=false connectionID=1
time="2025-08-08T19:36:40Z" level=info msg="Server closing listener. No longer accepting connections."
time="2025-08-08T19:36:40Z" level=info msg="Server ready. Accepting connections."
time="2025-08-08T19:36:40Z" level=warning msg="secure_file_priv is set to \"\", which is insecure."
time="2025-08-08T19:36:40Z" level=warning msg="Any user with GRANT FILE privileges will be able to read any file which the sql-server process can read."
time="2025-08-08T19:36:40Z" level=warning msg="Please consider restarting the server with secure_file_priv set to a safe (or non-existent) directory."
time="2025-08-08T19:36:40Z" level=info msg=NewConnection DisableClientMultiStatements=false connectionID=1
time="2025-08-08T19:36:40Z" level=info msg="Server closing listener. No longer accepting connections."
time="2025-08-08T19:36:40Z" level=info msg="Server ready. Accepting connections."
time="2025-08-08T19:36:40Z" level=warning msg="secure_file_priv is set to \"\", which is insecure."
time="2025-08-08T19:36:40Z" level=warning msg="Any user with GRANT FILE privileges will be able to read any file which the sql-server process can read."
time="2025-08-08T19:36:40Z" level=warning msg="Please consider restarting the server with secure_file_priv set to a safe (or non-existent) directory."
time="2025-08-08T19:36:40Z" level=info msg=NewConnection DisableClientMultiStatements=false connectionID=1
time="2025-08-08T19:36:40Z" level=warning msg="error running query" connectTime="2025-08-08 19:36:40.080041632 +0000 UTC m=+1.136747947" connectionDb=mydb connectionID=1 error="table with name CreateView(t)\n already exists" queryTime="2025-08-08 19:36:40.080387114 +0000 UTC m=+1.137093428"
time="2025-08-08T19:36:40Z" level=info msg="Server closing listener. No longer accepting connections."
time="2025-08-08T19:36:40Z" level=info msg="Server ready. Accepting connections."
time="2025-08-08T19:36:40Z" level=warning msg="secure_file_priv is set to \"\", which is insecure."
time="2025-08-08T19:36:40Z" level=warning msg="Any user with GRANT FILE privileges will be able to read any file which the sql-server process can read."
time="2025-08-08T19:36:40Z" level=warning msg="Please consider restarting the server with secure_file_priv set to a safe (or non-existent) directory."
time="2025-08-08T19:36:40Z" level=info msg=NewConnection DisableClientMultiStatements=false connectionID=1
time="2025-08-08T19:36:40Z" level=warning msg="error running query" connectTime="2025-08-08 19:36:40.081663647 +0000 UTC m=+1.138369963" connectionDb=mydb connectionID=1 error="table with name t already exists" queryTime="2025-08-08 19:36:40.081949581 +0000 UTC m=+1.138655896"
time="2025-08-08T19:36:40Z" level=info msg="Server closing listener. No longer accepting connections."
time="2025-08-08T19:36:40Z" level=info msg="Server ready. Accepting connections."
time="2025-08-08T19:36:40Z" level=warning msg="secure_file_priv is set to \"\", which is insecure."
time="2025-08-08T19:36:40Z" level=warning msg="Any user with GRANT FILE privileges will be able to read any file which the sql-server process can read."
time="2025-08-08T19:36:40Z" level=warning msg="Please consider restarting the server with secure_file_priv set to a safe (or non-existent) directory."
time="2025-08-08T19:36:40Z" level=info msg=NewConnection DisableClientMultiStatements=false connectionID=1
time="2025-08-08T19:36:40Z" level=info msg="Server closing listener. No longer accepting connections."
time="2025-08-08T19:36:40Z" level=info msg="Server ready. Accepting connections."
time="2025-08-08T19:36:40Z" level=warning msg="secure_file_priv is set to \"\", which is insecure."
time="2025-08-08T19:36:40Z" level=warning msg="Any user with GRANT FILE privileges will be able to read any file which the sql-server process can read."
time="2025-08-08T19:36:40Z" level=warning msg="Please consider restarting the server with secure_file_priv set to a safe (or non-existent) directory."
time="2025-08-08T19:36:40Z" level=info msg=NewConnection DisableClientMultiStatements=false connectionID=1
time="2025-08-08T19:36:40Z" level=info msg="Server closing listener. No longer accepting connections."
time="2025-08-08T19:36:40Z" level=info msg="Server ready. Accepting connections."
time="2025-08-08T19:36:40Z" level=warning msg="secure_file_priv is set to \"\", which is insecure."
time="2025-08-08T19:36:40Z" level=warning msg="Any user with GRANT FILE privileges will be able to read any file which the sql-server process can read."
time="2025-08-08T19:36:40Z" level=warning msg="Please consider restarting the server with secure_file_priv set to a safe (or non-existent) directory."
time="2025-08-08T19:36:40Z" level=info msg=NewConnection DisableClientMultiStatements=false connectionID=1
time="2025-08-08T19:36:40Z" level=info msg="Server closing listener. No longer accepting connections."
time="2025-08-08T19:36:40Z" level=info msg="Server ready. Accepting connections."
time="2025-08-08T19:36:40Z" level=warning msg="secure_file_priv is set to \"\", which is insecure."
time="2025-08-08T19:36:40Z" level=warning msg="Any user with GRANT FILE privileges will be able to read any file which the sql-server process can read."
time="2025-08-08T19:36:40Z" level=warning msg="Please consider restarting the server with secure_file_priv set to a safe (or non-existent) directory."
time="2025-08-08T19:36:40Z" level=info msg=NewConnection DisableClientMultiStatements=false connectionID=1
time="2025-08-08T19:36:40Z" level=info msg="Server closing listener. No longer accepting connections."
time="2025-08-08T19:36:40Z" level=info msg="Server ready. Accepting connections."
time="2025-08-08T19:36:40Z" level=warning msg="secure_file_priv is set to \"\", which is insecure."
time="2025-08-08T19:36:40Z" level=warning msg="Any user with GRANT FILE privileges will be able to read any file which the sql-server process can read."
time="2025-08-08T19:36:40Z" level=warning msg="Please consider restarting the server with secure_file_priv set to a safe (or non-existent) directory."
time="2025-08-08T19:36:40Z" level=info msg=NewConnection DisableClientMultiStatements=false connectionID=1
time="2025-08-08T19:36:40Z" level=info msg="Server closing listener. No longer accepting connections."
time="2025-08-08T19:36:40Z" level=info msg="Server ready. Accepting connections."
time="2025-08-08T19:36:40Z" level=warning msg="secure_file_priv is set to \"\", which is insecure."
time="2025-08-08T19:36:40Z" level=warning msg="Any user with GRANT FILE privileges will be able to read any file which the sql-server process can read."
time="2025-08-08T19:36:40Z" level=warning msg="Please consider restarting the server with secure_file_priv set to a safe (or non-existent) directory."
time="2025-08-08T19:36:40Z" level=info msg=NewConnection DisableClientMultiStatements=false connectionID=1
time="2025-08-08T19:36:40Z" level=info msg="Server closing listener. No longer accepting connections."
time="2025-08-08T19:36:40Z" level=info msg="Server ready. Accepting connections."
time="2025-08-08T19:36:40Z" level=warning msg="secure_file_priv is set to \"\", which is insecure."
time="2025-08-08T19:36:40Z" level=warning msg="Any user with GRANT FILE privileges will be able to read any file which the sql-server process can read."
time="2025-08-08T19:36:40Z" level=warning msg="Please consider restarting the server with secure_file_priv set to a safe (or non-existent) directory."
time="2025-08-08T19:36:40Z" level=info msg=NewConnection DisableClientMultiStatements=false connectionID=1
time="2025-08-08T19:36:40Z" level=info msg="Server closing listener. No longer accepting connections."
time="2025-08-08T19:36:40Z" level=info msg="Server ready. Accepting connections."
time="2025-08-08T19:36:40Z" level=warning msg="secure_file_priv is set to \"\", which is insecure."
time="2025-08-08T19:36:40Z" level=warning msg="Any user with GRANT FILE privileges will be able to read any file which the sql-server process can read."
time="2025-08-08T19:36:40Z" level=warning msg="Please consider restarting the server with secure_file_priv set to a safe (or non-existent) directory."
time="2025-08-08T19:36:40Z" level=info msg=NewConnection DisableClientMultiStatements=false connectionID=1
time="2025-08-08T19:36:40Z" level=info msg="Server closing listener. No longer accepting connections."
time="2025-08-08T19:36:40Z" level=info msg="Server ready. Accepting connections."
time="2025-08-08T19:36:40Z" level=warning msg="secure_file_priv is set to \"\", which is insecure."
time="2025-08-08T19:36:40Z" level=warning msg="Any user with GRANT FILE privileges will be able to read any file which the sql-server process can read."
time="2025-08-08T19:36:40Z" level=warning msg="Please consider restarting the server with secure_file_priv set to a safe (or non-existent) directory."
time="2025-08-08T19:36:40Z" level=info msg=NewConnection DisableClientMultiStatements=false connectionID=1
time="2025-08-08T19:36:40Z" level=info msg="Server closing listener. No longer accepting connections."
time="2025-08-08T19:36:40Z" level=info msg="Server ready. Accepting connections."
time="2025-08-08T19:36:40Z" level=warning msg="secure_file_priv is set to \"\", which is insecure."
time="2025-08-08T19:36:40Z" level=warning msg="Any user with GRANT FILE privileges will be able to read any file which the sql-server process can read."
time="2025-08-08T19:36:40Z" level=warning msg="Please consider restarting the server with secure_file_priv set to a safe (or non-existent) directory."
time="2025-08-08T19:36:40Z" level=info msg=NewConnection DisableClientMultiStatements=false connectionID=1
time="2025-08-08T19:36:40Z" level=info msg="Server closing listener. No longer accepting connections."
time="2025-08-08T19:36:40Z" level=info msg="Server ready. Accepting connections."
time="2025-08-08T19:36:40Z" level=warning msg="secure_file_priv is set to \"\", which is insecure."
time="2025-08-08T19:36:40Z" level=warning msg="Any user with GRANT FILE privileges will be able to read any file which the sql-server process can read."
time="2025-08-08T19:36:40Z" level=warning msg="Please consider restarting the server with secure_file_priv set to a safe (or non-existent) directory."
time="2025-08-08T19:36:40Z" level=info msg=NewConnection DisableClientMultiStatements=false connectionID=1
time="2025-08-08T19:36:40Z" level=info msg="Server closing listener. No longer accepting connections."
time="2025-08-08T19:36:40Z" level=info msg="Server ready. Accepting connections."
time="2025-08-08T19:36:40Z" level=warning msg="secure_file_priv is set to \"\", which is insecure."
time="2025-08-08T19:36:40Z" level=warning msg="Any user with GRANT FILE privileges will be able to read any file which the sql-server process can read."
time="2025-08-08T19:36:40Z" level=warning msg="Please consider restarting the server with secure_file_priv set to a safe (or non-existent) directory."
time="2025-08-08T19:36:40Z" level=info msg=NewConnection DisableClientMultiStatements=false connectionID=1
time="2025-08-08T19:36:40Z" level=info msg="Server closing listener. No longer accepting connections."
time="2025-08-08T19:36:40Z" level=info msg="Server ready. Accepting connections."
time="2025-08-08T19:36:40Z" level=warning msg="secure_file_priv is set to \"\", which is insecure."
time="2025-08-08T19:36:40Z" level=warning msg="Any user with GRANT FILE privileges will be able to read any file which the sql-server process can read."
time="2025-08-08T19:36:40Z" level=warning msg="Please consider restarting the server with secure_file_priv set to a safe (or non-existent) directory."
time="2025-08-08T19:36:40Z" level=info msg=NewConnection DisableClientMultiStatements=false connectionID=1
time="2025-08-08T19:36:40Z" level=info msg="Server closing listener. No longer accepting connections."
time="2025-08-08T19:36:40Z" level=info msg="Server ready. Accepting connections."
time="2025-08-08T19:36:40Z" level=warning msg="secure_file_priv is set to \"\", which is insecure."
time="2025-08-08T19:36:40Z" level=warning msg="Any user with GRANT FILE privileges will be able to read any file which the sql-server process can read."
time="2025-08-08T19:36:40Z" level=warning msg="Please consider restarting the server with secure_file_priv set to a safe (or non-existent) directory."
time="2025-08-08T19:36:40Z" level=info msg=NewConnection DisableClientMultiStatements=false connectionID=1
time="2025-08-08T19:36:40Z" level=info msg="Server closing listener. No longer accepting connections."
time="2025-08-08T19:36:40Z" level=info msg="Server ready. Accepting connections."
time="2025-08-08T19:36:40Z" level=warning msg="secure_file_priv is set to \"\", which is insecure."
time="2025-08-08T19:36:40Z" level=warning msg="Any user with GRANT FILE privileges will be able to read any file which the sql-server process can read."
time="2025-08-08T19:36:40Z" level=warning msg="Please consider restarting the server with secure_file_priv set to a safe (or non-existent) directory."
time="2025-08-08T19:36:40Z" level=info msg=NewConnection DisableClientMultiStatements=false connectionID=1
time="2025-08-08T19:36:40Z" level=info msg="Server closing listener. No longer accepting connections."
time="2025-08-08T19:36:40Z" level=info msg="Server ready. Accepting connections."
time="2025-08-08T19:36:40Z" level=warning msg="secure_file_priv is set to \"\", which is insecure."
time="2025-08-08T19:36:40Z" level=warning msg="Any user with GRANT FILE privileges will be able to read any file which the sql-server process can read."
time="2025-08-08T19:36:40Z" level=warning msg="Please consider restarting the server with secure_file_priv set to a safe (or non-existent) directory."
time="2025-08-08T19:36:40Z" level=info msg=NewConnection DisableClientMultiStatements=false connectionID=1
time="2025-08-08T19:36:40Z" level=info msg="Server closing listener. No longer accepting connections."
time="2025-08-08T19:36:40Z" level=info msg="Server ready. Accepting connections."
time="2025-08-08T19:36:40Z" level=warning msg="secure_file_priv is set to \"\", which is insecure."
time="2025-08-08T19:36:40Z" level=warning msg="Any user with GRANT FILE privileges will be able to read any file which the sql-server process can read."
time="2025-08-08T19:36:40Z" level=warning msg="Please consider restarting the server with secure_file_priv set to a safe (or non-existent) directory."
time="2025-08-08T19:36:40Z" level=info msg=NewConnection DisableClientMultiStatements=false connectionID=1
time="2025-08-08T19:36:40Z" level=warning msg="error running query" connectTime="2025-08-08 19:36:40.126532016 +0000 UTC m=+1.183238331" connectionDb=mydb connectionID=1 error="expected a table and found view: ''mydb.v1'' " queryTime="2025-08-08 19:36:40.127557368 +0000 UTC m=+1.184263682"
time="2025-08-08T19:36:40Z" level=info msg="Server closing listener. No longer accepting connections."
time="2025-08-08T19:36:40Z" level=info msg="Server ready. Accepting connections."
time="2025-08-08T19:36:40Z" level=warning msg="secure_file_priv is set to \"\", which is insecure."
time="2025-08-08T19:36:40Z" level=warning msg="Any user with GRANT FILE privileges will be able to read any file which the sql-server process can read."
time="2025-08-08T19:36:40Z" level=warning msg="Please consider restarting the server with secure_file_priv set to a safe (or non-existent) directory."
time="2025-08-08T19:36:40Z" level=info msg=NewConnection DisableClientMultiStatements=false connectionID=1
time="2025-08-08T19:36:40Z" level=info msg="Server closing listener. No longer accepting connections."
time="2025-08-08T19:36:40Z" level=info msg="Server ready. Accepting connections."
time="2025-08-08T19:36:40Z" level=warning msg="secure_file_priv is set to \"\", which is insecure."
time="2025-08-08T19:36:40Z" level=warning msg="Any user with GRANT FILE privileges will be able to read any file which the sql-server process can read."
time="2025-08-08T19:36:40Z" level=warning msg="Please consider restarting the server with secure_file_priv set to a safe (or non-existent) directory."
time="2025-08-08T19:36:40Z" level=info msg=NewConnection DisableClientMultiStatements=false connectionID=1
time="2025-08-08T19:36:40Z" level=info msg="Server closing listener. No longer accepting connections."
time="2025-08-08T19:36:40Z" level=info msg="Server ready. Accepting connections."
time="2025-08-08T19:36:40Z" level=warning msg="secure_file_priv is set to \"\", which is insecure."
time="2025-08-08T19:36:40Z" level=warning msg="Any user with GRANT FILE privileges will be able to read any file which the sql-server process can read."
time="2025-08-08T19:36:40Z" level=warning msg="Please consider restarting the server with secure_file_priv set to a safe (or non-existent) directory."
time="2025-08-08T19:36:40Z" level=info msg=NewConnection DisableClientMultiStatements=false connectionID=1
time="2025-08-08T19:36:40Z" level=info msg="Server closing listener. No longer accepting connections."
time="2025-08-08T19:36:40Z" level=info msg="Server ready. Accepting connections."
time="2025-08-08T19:36:40Z" level=warning msg="secure_file_priv is set to \"\", which is insecure."
time="2025-08-08T19:36:40Z" level=warning msg="Any user with GRANT FILE privileges will be able to read any file which the sql-server process can read."
time="2025-08-08T19:36:40Z" level=warning msg="Please consider restarting the server with secure_file_priv set to a safe (or non-existent) directory."
time="2025-08-08T19:36:40Z" level=info msg=NewConnection DisableClientMultiStatements=false connectionID=1
time="2025-08-08T19:36:40Z" level=info msg="Server closing listener. No longer accepting connections."
time="2025-08-08T19:36:40Z" level=info msg="Server ready. Accepting connections."
time="2025-08-08T19:36:40Z" level=warning msg="secure_file_priv is set to \"\", which is insecure."
time="2025-08-08T19:36:40Z" level=warning msg="Any user with GRANT FILE privileges will be able to read any file which the sql-server process can read."
time="2025-08-08T19:36:40Z" level=warning msg="Please consider restarting the server with secure_file_priv set to a safe (or non-existent) directory."
time="2025-08-08T19:36:40Z" level=info msg=NewConnection DisableClientMultiStatements=false connectionID=1
time="2025-08-08T19:36:40Z" level=info msg="Server closing listener. No longer accepting connections."
time="2025-08-08T19:36:40Z" level=info msg="Server ready. Accepting connections."
time="2025-08-08T19:36:40Z" level=warning msg="secure_file_priv is set to \"\", which is insecure."
time="2025-08-08T19:36:40Z" level=warning msg="Any user with GRANT FILE privileges will be able to read any file which the sql-server process can read."
time="2025-08-08T19:36:40Z" level=warning msg="Please consider restarting the server with secure_file_priv set to a safe (or non-existent) directory."
time="2025-08-08T19:36:40Z" level=info msg=NewConnection DisableClientMultiStatements=false connectionID=1
time="2025-08-08T19:36:40Z" level=info msg="Server closing listener. No longer accepting connections."
time="2025-08-08T19:36:40Z" level=info msg="Server ready. Accepting connections."
time="2025-08-08T19:36:40Z" level=warning msg="secure_file_priv is set to \"\", which is insecure."
time="2025-08-08T19:36:40Z" level=warning msg="Any user with GRANT FILE privileges will be able to read any file which the sql-server process can read."
time="2025-08-08T19:36:40Z" level=warning msg="Please consider restarting the server with secure_file_priv set to a safe (or non-existent) directory."
time="2025-08-08T19:36:40Z" level=info msg=NewConnection DisableClientMultiStatements=false connectionID=1
time="2025-08-08T19:36:40Z" level=warning msg="error running query" connectTime="2025-08-08 19:36:40.145800528 +0000 UTC m=+1.202506842" connectionDb=mydb connectionID=1 error="a '*' is in a context where it is not allowed." queryTime="2025-08-08 19:36:40.146217608 +0000 UTC m=+1.202923921"
time="2025-08-08T19:36:40Z" level=warning msg="error running query" connectTime="2025-08-08 19:36:40.145800528 +0000 UTC m=+1.202506842" connectionDb=mydb connectionID=1 error="a '*' is in a context where it is not allowed." queryTime="2025-08-08 19:36:40.146414897 +0000 UTC m=+1.203121210"
time="2025-08-08T19:36:40Z" level=warning msg="error running query" connectTime="2025-08-08 19:36:40.145800528 +0000 UTC m=+1.202506842" connectionDb=mydb connectionID=1 error="a '*' is in a context where it is not allowed." queryTime="2025-08-08 19:36:40.146618618 +0000 UTC m=+1.203324928"
time="2025-08-08T19:36:40Z" level=info msg="Server closing listener. No longer accepting connections."
time="2025-08-08T19:36:40Z" level=info msg="Server ready. Accepting connections."
time="2025-08-08T19:36:40Z" level=warning msg="secure_file_priv is set to \"\", which is insecure."
time="2025-08-08T19:36:40Z" level=warning msg="Any user with GRANT FILE privileges will be able to read any file which the sql-server process can read."
time="2025-08-08T19:36:40Z" level=warning msg="Please consider restarting the server with secure_file_priv set to a safe (or non-existent) directory."
time="2025-08-08T19:36:40Z" level=info msg=NewConnection DisableClientMultiStatements=false connectionID=1
time="2025-08-08T19:36:40Z" level=info msg="Server closing listener. No longer accepting connections."
time="2025-08-08T19:36:40Z" level=info msg="Server ready. Accepting connections."
time="2025-08-08T19:36:40Z" level=warning msg="secure_file_priv is set to \"\", which is insecure."
time="2025-08-08T19:36:40Z" level=warning msg="Any user with GRANT FILE privileges will be able to read any file which the sql-server process can read."
time="2025-08-08T19:36:40Z" level=warning msg="Please consider restarting the server with secure_file_priv set to a safe (or non-existent) directory."
time="2025-08-08T19:36:40Z" level=info msg=NewConnection DisableClientMultiStatements=false connectionID=1
time="2025-08-08T19:36:40Z" level=info msg="Server closing listener. No longer accepting connections."
time="2025-08-08T19:36:40Z" level=info msg="Server ready. Accepting connections."
time="2025-08-08T19:36:40Z" level=warning msg="secure_file_priv is set to \"\", which is insecure."
time="2025-08-08T19:36:40Z" level=warning msg="Any user with GRANT FILE privileges will be able to read any file which the sql-server process can read."
time="2025-08-08T19:36:40Z" level=warning msg="Please consider restarting the server with secure_file_priv set to a safe (or non-existent) directory."
time="2025-08-08T19:36:40Z" level=info msg=NewConnection DisableClientMultiStatements=false connectionID=1
time="2025-08-08T19:36:40Z" level=error msg="unable to prepare query: table not found: nonexistenttable" query="CREATE VIEW g AS SELECT * FROM nonexistenttable;"
time="2025-08-08T19:36:40Z" level=error msg="unable to prepare query: table not found: nonexistenttable (errno 1146) (sqlstate HY000)"
time="2025-08-08T19:36:40Z" level=error msg="unable to prepare query: View 'mydb.b' references invalid table(s) or column(s) or function(s) or definer/invoker of view lack rights to use them" query="SELECT * FROM b;"
time="2025-08-08T19:36:40Z" level=error msg="unable to prepare query: View 'mydb.b' references invalid table(s) or column(s) or function(s) or definer/invoker of view lack rights to use them (errno 1105) (sqlstate HY000)"
time="2025-08-08T19:36:40Z" level=error msg="unable to prepare query: View 'mydb.f' references invalid table(s) or column(s) or function(s) or definer/invoker of view lack rights to use them" query="SELECT * FROM f;"
time="2025-08-08T19:36:40Z" level=error msg="unable to prepare query: View 'mydb.f' references invalid table(s) or column(s) or function(s) or definer/invoker of view lack rights to use them (errno 1105) (sqlstate HY000)"
time="2025-08-08T19:36:40Z" level=info msg="Server closing listener. No longer accepting connections."
time="2025-08-08T19:36:40Z" level=info msg="Server ready. Accepting connections."
time="2025-08-08T19:36:40Z" level=warning msg="secure_file_priv is set to \"\", which is insecure."
time="2025-08-08T19:36:40Z" level=warning msg="Any user with GRANT FILE privileges will be able to read any file which the sql-server process can read."
time="2025-08-08T19:36:40Z" level=warning msg="Please consider restarting the server with secure_file_priv set to a safe (or non-existent) directory."
time="2025-08-08T19:36:40Z" level=info msg=NewConnection DisableClientMultiStatements=false connectionID=1
time="2025-08-08T19:36:40Z" level=info msg="Server closing listener. No longer accepting connections."
time="2025-08-08T19:36:40Z" level=info msg="Server ready. Accepting connections."
time="2025-08-08T19:36:40Z" level=warning msg="secure_file_priv is set to \"\", which is insecure."
time="2025-08-08T19:36:40Z" level=warning msg="Any user with GRANT FILE privileges will be able to read any file which the sql-server process can read."
time="2025-08-08T19:36:40Z" level=warning msg="Please consider restarting the server with secure_file_priv set to a safe (or non-existent) directory."
time="2025-08-08T19:36:40Z" level=info msg=NewConnection DisableClientMultiStatements=false connectionID=1
time="2025-08-08T19:36:40Z" level=error msg="unable to prepare query: column \"100\" could not be found in any table in scope" query="select * from t order by 100"
time="2025-08-08T19:36:40Z" level=error msg="unable to prepare query: column \"100\" could not be found in any table in scope (errno 1105) (sqlstate HY000)"
time="2025-08-08T19:36:40Z" level=error msg="unable to prepare query: column \"200\" could not be found in any table in scope" query="select i as `200` from t order by 200"
time="2025-08-08T19:36:40Z" level=error msg="unable to prepare query: column \"200\" could not be found in any table in scope (errno 1105) (sqlstate HY000)"
time="2025-08-08T19:36:40Z" level=error msg="unable to prepare query: column \"0\" could not be found in any table in scope" query="select * from t order by 0"
time="2025-08-08T19:36:40Z" level=error msg="unable to prepare query: column \"0\" could not be found in any table in scope (errno 1105) (sqlstate HY000)"
time="2025-08-08T19:36:40Z" level=info msg="Server closing listener. No longer accepting connections."
time="2025-08-08T19:36:40Z" level=info msg="Server ready. Accepting connections."
time="2025-08-08T19:36:40Z" level=warning msg="secure_file_priv is set to \"\", which is insecure."
time="2025-08-08T19:36:40Z" level=warning msg="Any user with GRANT FILE privileges will be able to read any file which the sql-server process can read."
time="2025-08-08T19:36:40Z" level=warning msg="Please consider restarting the server with secure_file_priv set to a safe (or non-existent) directory."
time="2025-08-08T19:36:40Z" level=info msg=NewConnection DisableClientMultiStatements=false connectionID=1
time="2025-08-08T19:36:40Z" level=info msg="Server closing listener. No longer accepting connections."
time="2025-08-08T19:36:40Z" level=info msg="Server ready. Accepting connections."
time="2025-08-08T19:36:40Z" level=warning msg="secure_file_priv is set to \"\", which is insecure."
time="2025-08-08T19:36:40Z" level=warning msg="Any user with GRANT FILE privileges will be able to read any file which the sql-server process can read."
time="2025-08-08T19:36:40Z" level=warning msg="Please consider restarting the server with secure_file_priv set to a safe (or non-existent) directory."
time="2025-08-08T19:36:40Z" level=info msg=NewConnection DisableClientMultiStatements=false connectionID=1
time="2025-08-08T19:36:40Z" level=info msg="Server closing listener. No longer accepting connections."
time="2025-08-08T19:36:40Z" level=info msg="Server ready. Accepting connections."
time="2025-08-08T19:36:40Z" level=warning msg="secure_file_priv is set to \"\", which is insecure."
time="2025-08-08T19:36:40Z" level=warning msg="Any user with GRANT FILE privileges will be able to read any file which the sql-server process can read."
time="2025-08-08T19:36:40Z" level=warning msg="Please consider restarting the server with secure_file_priv set to a safe (or non-existent) directory."
time="2025-08-08T19:36:40Z" level=info msg=NewConnection DisableClientMultiStatements=false connectionID=1
time="2025-08-08T19:36:40Z" level=info msg="Server closing listener. No longer accepting connections."
time="2025-08-08T19:36:40Z" level=info msg="Server ready. Accepting connections."
time="2025-08-08T19:36:40Z" level=warning msg="secure_file_priv is set to \"\", which is insecure."
time="2025-08-08T19:36:40Z" level=warning msg="Any user with GRANT FILE privileges will be able to read any file which the sql-server process can read."
time="2025-08-08T19:36:40Z" level=warning msg="Please consider restarting the server with secure_file_priv set to a safe (or non-existent) directory."
time="2025-08-08T19:36:40Z" level=info msg=NewConnection DisableClientMultiStatements=false connectionID=1
time="2025-08-08T19:36:40Z" level=info msg="Server closing listener. No longer accepting connections."
time="2025-08-08T19:36:40Z" level=info msg="Server ready. Accepting connections."
time="2025-08-08T19:36:40Z" level=warning msg="secure_file_priv is set to \"\", which is insecure."
time="2025-08-08T19:36:40Z" level=warning msg="Any user with GRANT FILE privileges will be able to read any file which the sql-server process can read."
time="2025-08-08T19:36:40Z" level=warning msg="Please consider restarting the server with secure_file_priv set to a safe (or non-existent) directory."
time="2025-08-08T19:36:40Z" level=info msg=NewConnection DisableClientMultiStatements=false connectionID=1
time="2025-08-08T19:36:40Z" level=info msg="Server closing listener. No longer accepting connections."
time="2025-08-08T19:36:40Z" level=info msg="Server ready. Accepting connections."
time="2025-08-08T19:36:40Z" level=warning msg="secure_file_priv is set to \"\", which is insecure."
time="2025-08-08T19:36:40Z" level=warning msg="Any user with GRANT FILE privileges will be able to read any file which the sql-server process can read."
time="2025-08-08T19:36:40Z" level=warning msg="Please consider restarting the server with secure_file_priv set to a safe (or non-existent) directory."
time="2025-08-08T19:36:40Z" level=info msg=NewConnection DisableClientMultiStatements=false connectionID=1
time="2025-08-08T19:36:40Z" level=info msg="Server closing listener. No longer accepting connections."
time="2025-08-08T19:36:40Z" level=info msg="Server ready. Accepting connections."
time="2025-08-08T19:36:40Z" level=warning msg="secure_file_priv is set to \"\", which is insecure."
time="2025-08-08T19:36:40Z" level=warning msg="Any user with GRANT FILE privileges will be able to read any file which the sql-server process can read."
time="2025-08-08T19:36:40Z" level=warning msg="Please consider restarting the server with secure_file_priv set to a safe (or non-existent) directory."
time="2025-08-08T19:36:40Z" level=info msg=NewConnection DisableClientMultiStatements=false connectionID=1
time="2025-08-08T19:36:40Z" level=info msg="Server closing listener. No longer accepting connections."
time="2025-08-08T19:36:40Z" level=info msg="Server ready. Accepting connections."
time="2025-08-08T19:36:40Z" level=warning msg="secure_file_priv is set to \"\", which is insecure."
time="2025-08-08T19:36:40Z" level=warning msg="Any user with GRANT FILE privileges will be able to read any file which the sql-server process can read."
time="2025-08-08T19:36:40Z" level=warning msg="Please consider restarting the server with secure_file_priv set to a safe (or non-existent) directory."
time="2025-08-08T19:36:40Z" level=info msg=NewConnection DisableClientMultiStatements=false connectionID=1
time="2025-08-08T19:36:40Z" level=info msg="Server closing listener. No longer accepting connections."
time="2025-08-08T19:36:40Z" level=info msg="Server ready. Accepting connections."
time="2025-08-08T19:36:40Z" level=warning msg="secure_file_priv is set to \"\", which is insecure."
time="2025-08-08T19:36:40Z" level=warning msg="Any user with GRANT FILE privileges will be able to read any file which the sql-server process can read."
time="2025-08-08T19:36:40Z" level=warning msg="Please consider restarting the server with secure_file_priv set to a safe (or non-existent) directory."
time="2025-08-08T19:36:40Z" level=info msg=NewConnection DisableClientMultiStatements=false connectionID=1
time="2025-08-08T19:36:40Z" level=info msg="Server closing listener. No longer accepting connections."
time="2025-08-08T19:36:40Z" level=info msg="Server ready. Accepting connections."
time="2025-08-08T19:36:40Z" level=warning msg="secure_file_priv is set to \"\", which is insecure."
time="2025-08-08T19:36:40Z" level=warning msg="Any user with GRANT FILE privileges will be able to read any file which the sql-server process can read."
time="2025-08-08T19:36:40Z" level=warning msg="Please consider restarting the server with secure_file_priv set to a safe (or non-existent) directory."
time="2025-08-08T19:36:40Z" level=info msg=NewConnection DisableClientMultiStatements=false connectionID=1
time="2025-08-08T19:36:40Z" level=info msg="Server closing listener. No longer accepting connections."
time="2025-08-08T19:36:40Z" level=info msg="Server ready. Accepting connections."
time="2025-08-08T19:36:40Z" level=warning msg="secure_file_priv is set to \"\", which is insecure."
time="2025-08-08T19:36:40Z" level=warning msg="Any user with GRANT FILE privileges will be able to read any file which the sql-server process can read."
time="2025-08-08T19:36:40Z" level=warning msg="Please consider restarting the server with secure_file_priv set to a safe (or non-existent) directory."
time="2025-08-08T19:36:40Z" level=info msg=NewConnection DisableClientMultiStatements=false connectionID=1
time="2025-08-08T19:36:40Z" level=info msg="Server closing listener. No longer accepting connections."
time="2025-08-08T19:36:40Z" level=info msg="Server ready. Accepting connections."
time="2025-08-08T19:36:40Z" level=warning msg="secure_file_priv is set to \"\", which is insecure."
time="2025-08-08T19:36:40Z" level=warning msg="Any user with GRANT FILE privileges will be able to read any file which the sql-server process can read."
time="2025-08-08T19:36:40Z" level=warning msg="Please consider restarting the server with secure_file_priv set to a safe (or non-existent) directory."
time="2025-08-08T19:36:40Z" level=info msg=NewConnection DisableClientMultiStatements=false connectionID=1
time="2025-08-08T19:36:40Z" level=info msg="Server closing listener. No longer accepting connections."
time="2025-08-08T19:36:40Z" level=info msg="Server ready. Accepting connections."
time="2025-08-08T19:36:40Z" level=warning msg="secure_file_priv is set to \"\", which is insecure."
time="2025-08-08T19:36:40Z" level=warning msg="Any user with GRANT FILE privileges will be able to read any file which the sql-server process can read."
time="2025-08-08T19:36:40Z" level=warning msg="Please consider restarting the server with secure_file_priv set to a safe (or non-existent) directory."
time="2025-08-08T19:36:40Z" level=info msg=NewConnection DisableClientMultiStatements=false connectionID=1
time="2025-08-08T19:36:40Z" level=info msg="Server closing listener. No longer accepting connections."
time="2025-08-08T19:36:40Z" level=info msg="Server ready. Accepting connections."
time="2025-08-08T19:36:40Z" level=warning msg="secure_file_priv is set to \"\", which is insecure."
time="2025-08-08T19:36:40Z" level=warning msg="Any user with GRANT FILE privileges will be able to read any file which the sql-server process can read."
time="2025-08-08T19:36:40Z" level=warning msg="Please consider restarting the server with secure_file_priv set to a safe (or non-existent) directory."
time="2025-08-08T19:36:40Z" level=info msg=NewConnection DisableClientMultiStatements=false connectionID=1
time="2025-08-08T19:36:40Z" level=info msg="Server closing listener. No longer accepting connections."
time="2025-08-08T19:36:40Z" level=info msg="Server ready. Accepting connections."
time="2025-08-08T19:36:40Z" level=warning msg="secure_file_priv is set to \"\", which is insecure."
time="2025-08-08T19:36:40Z" level=warning msg="Any user with GRANT FILE privileges will be able to read any file which the sql-server process can read."
time="2025-08-08T19:36:40Z" level=warning msg="Please consider restarting the server with secure_file_priv set to a safe (or non-existent) directory."
time="2025-08-08T19:36:40Z" level=info msg=NewConnection DisableClientMultiStatements=false connectionID=1
time="2025-08-08T19:36:40Z" level=info msg="Server closing listener. No longer accepting connections."
time="2025-08-08T19:36:40Z" level=info msg="Server ready. Accepting connections."
time="2025-08-08T19:36:40Z" level=warning msg="secure_file_priv is set to \"\", which is insecure."
time="2025-08-08T19:36:40Z" level=warning msg="Any user with GRANT FILE privileges will be able to read any file which the sql-server process can read."
time="2025-08-08T19:36:40Z" level=warning msg="Please consider restarting the server with secure_file_priv set to a safe (or non-existent) directory."
time="2025-08-08T19:36:40Z" level=info msg=NewConnection DisableClientMultiStatements=false connectionID=1
time="2025-08-08T19:36:40Z" level=info msg="Server closing listener. No longer accepting connections."
time="2025-08-08T19:36:40Z" level=info msg="Server ready. Accepting connections."
time="2025-08-08T19:36:40Z" level=warning msg="secure_file_priv is set to \"\", which is insecure."
time="2025-08-08T19:36:40Z" level=warning msg="Any user with GRANT FILE privileges will be able to read any file which the sql-server process can read."
time="2025-08-08T19:36:40Z" level=warning msg="Please consider restarting the server with secure_file_priv set to a safe (or non-existent) directory."
time="2025-08-08T19:36:40Z" level=info msg=NewConnection DisableClientMultiStatements=false connectionID=1
time="2025-08-08T19:36:40Z" level=info msg="Server closing listener. No longer accepting connections."
time="2025-08-08T19:36:40Z" level=info msg="Server ready. Accepting connections."
time="2025-08-08T19:36:40Z" level=warning msg="secure_file_priv is set to \"\", which is insecure."
time="2025-08-08T19:36:40Z" level=warning msg="Any user with GRANT FILE privileges will be able to read any file which the sql-server process can read."
time="2025-08-08T19:36:40Z" level=warning msg="Please consider restarting the server with secure_file_priv set to a safe (or non-existent) directory."
time="2025-08-08T19:36:40Z" level=info msg=NewConnection DisableClientMultiStatements=false connectionID=1
time="2025-08-08T19:36:40Z" level=info msg="Server closing listener. No longer accepting connections."
time="2025-08-08T19:36:40Z" level=info msg="Server ready. Accepting connections."
time="2025-08-08T19:36:40Z" level=warning msg="secure_file_priv is set to \"\", which is insecure."
time="2025-08-08T19:36:40Z" level=warning msg="Any user with GRANT FILE privileges will be able to read any file which the sql-server process can read."
time="2025-08-08T19:36:40Z" level=warning msg="Please consider restarting the server with secure_file_priv set to a safe (or non-existent) directory."
time="2025-08-08T19:36:40Z" level=info msg=NewConnection DisableClientMultiStatements=false connectionID=1
time="2025-08-08T19:36:40Z" level=info msg="Server closing listener. No longer accepting connections."
time="2025-08-08T19:36:40Z" level=info msg="Server ready. Accepting connections."
time="2025-08-08T19:36:40Z" level=warning msg="secure_file_priv is set to \"\", which is insecure."
time="2025-08-08T19:36:40Z" level=warning msg="Any user with GRANT FILE privileges will be able to read any file which the sql-server process can read."
time="2025-08-08T19:36:40Z" level=warning msg="Please consider restarting the server with secure_file_priv set to a safe (or non-existent) directory."
time="2025-08-08T19:36:40Z" level=info msg=NewConnection DisableClientMultiStatements=false connectionID=1
time="2025-08-08T19:36:40Z" level=info msg="Server closing listener. No longer accepting connections."
time="2025-08-08T19:36:40Z" level=info msg="Server ready. Accepting connections."
time="2025-08-08T19:36:40Z" level=warning msg="secure_file_priv is set to \"\", which is insecure."
time="2025-08-08T19:36:40Z" level=warning msg="Any user with GRANT FILE privileges will be able to read any file which the sql-server process can read."
time="2025-08-08T19:36:40Z" level=warning msg="Please consider restarting the server with secure_file_priv set to a safe (or non-existent) directory."
time="2025-08-08T19:36:40Z" level=info msg=NewConnection DisableClientMultiStatements=false connectionID=1
time="2025-08-08T19:36:40Z" level=error msg="unable to prepare query: column \"col0\" could not be found in any table in scope" query="SELECT col0+1 as a FROM tab2 HAVING col0 = a;"
time="2025-08-08T19:36:40Z" level=error msg="unable to prepare query: column \"col0\" could not be found in any table in scope (errno 1105) (sqlstate HY000)"
time="2025-08-08T19:36:40Z" level=error msg="unable to prepare query: column \"col0\" could not be found in any table in scope" query="select col2-100 as asdf from tab2 group by 1 having col0 > 0;"
time="2025-08-08T19:36:40Z" level=error msg="unable to prepare query: column \"col0\" could not be found in any table in scope (errno 1105) (sqlstate HY000)"
time="2025-08-08T19:36:40Z" level=error msg="unable to prepare query: column \"col2\" could not be found in any table in scope" query="SELECT -col2 AS col0 FROM tab2 HAVING col2 > -col0;"
time="2025-08-08T19:36:40Z" level=error msg="unable to prepare query: column \"col2\" could not be found in any table in scope (errno 1105) (sqlstate HY000)"
time="2025-08-08T19:36:40Z" level=error msg="unable to prepare query: column \"col2\" could not be found in any table in scope" query="insert into tab2(col2) select sin(col2) from tab2 group by 1 having col2 > 1;"
time="2025-08-08T19:36:40Z" level=error msg="unable to prepare query: column \"col2\" could not be found in any table in scope (errno 1105) (sqlstate HY000)"
time="2025-08-08T19:36:40Z" level=info msg="Server closing listener. No longer accepting connections."
time="2025-08-08T19:36:40Z" level=info msg="Server ready. Accepting connections."
time="2025-08-08T19:36:40Z" level=warning msg="secure_file_priv is set to \"\", which is insecure."
time="2025-08-08T19:36:40Z" level=warning msg="Any user with GRANT FILE privileges will be able to read any file which the sql-server process can read."
time="2025-08-08T19:36:40Z" level=warning msg="Please consider restarting the server with secure_file_priv set to a safe (or non-existent) directory."
time="2025-08-08T19:36:40Z" level=info msg=NewConnection DisableClientMultiStatements=false connectionID=1
time="2025-08-08T19:36:40Z" level=info msg="Server closing listener. No longer accepting connections."
time="2025-08-08T19:36:40Z" level=info msg="Server ready. Accepting connections."
time="2025-08-08T19:36:40Z" level=warning msg="secure_file_priv is set to \"\", which is insecure."
time="2025-08-08T19:36:40Z" level=warning msg="Any user with GRANT FILE privileges will be able to read any file which the sql-server process can read."
time="2025-08-08T19:36:40Z" level=warning msg="Please consider restarting the server with secure_file_priv set to a safe (or non-existent) directory."
time="2025-08-08T19:36:40Z" level=info msg=NewConnection DisableClientMultiStatements=false connectionID=1
time="2025-08-08T19:36:40Z" level=info msg="Server closing listener. No longer accepting connections."
time="2025-08-08T19:36:40Z" level=info msg="Server ready. Accepting connections."
time="2025-08-08T19:36:40Z" level=warning msg="secure_file_priv is set to \"\", which is insecure."
time="2025-08-08T19:36:40Z" level=warning msg="Any user with GRANT FILE privileges will be able to read any file which the sql-server process can read."
time="2025-08-08T19:36:40Z" level=warning msg="Please consider restarting the server with secure_file_priv set to a safe (or non-existent) directory."
time="2025-08-08T19:36:40Z" level=info msg=NewConnection DisableClientMultiStatements=false connectionID=1
time="2025-08-08T19:36:40Z" level=info msg="Server closing listener. No longer accepting connections."
time="2025-08-08T19:36:40Z" level=info msg="Server ready. Accepting connections."
time="2025-08-08T19:36:40Z" level=warning msg="secure_file_priv is set to \"\", which is insecure."
time="2025-08-08T19:36:40Z" level=warning msg="Any user with GRANT FILE privileges will be able to read any file which the sql-server process can read."
time="2025-08-08T19:36:40Z" level=warning msg="Please consider restarting the server with secure_file_priv set to a safe (or non-existent) directory."
time="2025-08-08T19:36:40Z" level=info msg=NewConnection DisableClientMultiStatements=false connectionID=1
time="2025-08-08T19:36:40Z" level=info msg="Server closing listener. No longer accepting connections."
time="2025-08-08T19:36:40Z" level=info msg="Server ready. Accepting connections."
time="2025-08-08T19:36:40Z" level=warning msg="secure_file_priv is set to \"\", which is insecure."
time="2025-08-08T19:36:40Z" level=warning msg="Any user with GRANT FILE privileges will be able to read any file which the sql-server process can read."
time="2025-08-08T19:36:40Z" level=warning msg="Please consider restarting the server with secure_file_priv set to a safe (or non-existent) directory."
time="2025-08-08T19:36:40Z" level=info msg=NewConnection DisableClientMultiStatements=false connectionID=1
time="2025-08-08T19:36:40Z" level=info msg="Server closing listener. No longer accepting connections."
time="2025-08-08T19:36:40Z" level=info msg="Server ready. Accepting connections."
time="2025-08-08T19:36:40Z" level=warning msg="secure_file_priv is set to \"\", which is insecure."
time="2025-08-08T19:36:40Z" level=warning msg="Any user with GRANT FILE privileges will be able to read any file which the sql-server process can read."
time="2025-08-08T19:36:40Z" level=warning msg="Please consider restarting the server with secure_file_priv set to a safe (or non-existent) directory."
time="2025-08-08T19:36:40Z" level=info msg=NewConnection DisableClientMultiStatements=false connectionID=1
time="2025-08-08T19:36:40Z" level=info msg="Server closing listener. No longer accepting connections."
time="2025-08-08T19:36:40Z" level=info msg="Server ready. Accepting connections."
time="2025-08-08T19:36:40Z" level=warning msg="secure_file_priv is set to \"\", which is insecure."
time="2025-08-08T19:36:40Z" level=warning msg="Any user with GRANT FILE privileges will be able to read any file which the sql-server process can read."
time="2025-08-08T19:36:40Z" level=warning msg="Please consider restarting the server with secure_file_priv set to a safe (or non-existent) directory."
time="2025-08-08T19:36:40Z" level=info msg=NewConnection DisableClientMultiStatements=false connectionID=1
time="2025-08-08T19:36:40Z" level=info msg="Server closing listener. No longer accepting connections."
time="2025-08-08T19:36:40Z" level=info msg="Server ready. Accepting connections."
time="2025-08-08T19:36:40Z" level=warning msg="secure_file_priv is set to \"\", which is insecure."
time="2025-08-08T19:36:40Z" level=warning msg="Any user with GRANT FILE privileges will be able to read any file which the sql-server process can read."
time="2025-08-08T19:36:40Z" level=warning msg="Please consider restarting the server with secure_file_priv set to a safe (or non-existent) directory."
time="2025-08-08T19:36:40Z" level=info msg=NewConnection DisableClientMultiStatements=false connectionID=1
time="2025-08-08T19:36:40Z" level=info msg="Server closing listener. No longer accepting connections."
time="2025-08-08T19:36:40Z" level=info msg="Server ready. Accepting connections."
time="2025-08-08T19:36:40Z" level=warning msg="secure_file_priv is set to \"\", which is insecure."
time="2025-08-08T19:36:40Z" level=warning msg="Any user with GRANT FILE privileges will be able to read any file which the sql-server process can read."
time="2025-08-08T19:36:40Z" level=warning msg="Please consider restarting the server with secure_file_priv set to a safe (or non-existent) directory."
time="2025-08-08T19:36:40Z" level=info msg=NewConnection DisableClientMultiStatements=false connectionID=1
time="2025-08-08T19:36:40Z" level=info msg="Server closing listener. No longer accepting connections."
time="2025-08-08T19:36:40Z" level=info msg="Server ready. Accepting connections."
time="2025-08-08T19:36:40Z" level=warning msg="secure_file_priv is set to \"\", which is insecure."
time="2025-08-08T19:36:40Z" level=warning msg="Any user with GRANT FILE privileges will be able to read any file which the sql-server process can read."
time="2025-08-08T19:36:40Z" level=warning msg="Please consider restarting the server with secure_file_priv set to a safe (or non-existent) directory."
time="2025-08-08T19:36:40Z" level=info msg=NewConnection DisableClientMultiStatements=false connectionID=1
time="2025-08-08T19:36:40Z" level=info msg="Server closing listener. No longer accepting connections."
time="2025-08-08T19:36:40Z" level=info msg="Server ready. Accepting connections."
time="2025-08-08T19:36:40Z" level=warning msg="secure_file_priv is set to \"\", which is insecure."
time="2025-08-08T19:36:40Z" level=warning msg="Any user with GRANT FILE privileges will be able to read any file which the sql-server process can read."
time="2025-08-08T19:36:40Z" level=warning msg="Please consider restarting the server with secure_file_priv set to a safe (or non-existent) directory."
time="2025-08-08T19:36:40Z" level=info msg=NewConnection DisableClientMultiStatements=false connectionID=1
time="2025-08-08T19:36:40Z" level=info msg="Server closing listener. No longer accepting connections."
time="2025-08-08T19:36:40Z" level=info msg="Server ready. Accepting connections."
time="2025-08-08T19:36:40Z" level=warning msg="secure_file_priv is set to \"\", which is insecure."
time="2025-08-08T19:36:40Z" level=warning msg="Any user with GRANT FILE privileges will be able to read any file which the sql-server process can read."
time="2025-08-08T19:36:40Z" level=warning msg="Please consider restarting the server with secure_file_priv set to a safe (or non-existent) directory."
time="2025-08-08T19:36:40Z" level=info msg=NewConnection DisableClientMultiStatements=false connectionID=1
time="2025-08-08T19:36:40Z" level=info msg="Server closing listener. No longer accepting connections."
time="2025-08-08T19:36:40Z" level=info msg="Server ready. Accepting connections."
time="2025-08-08T19:36:40Z" level=warning msg="secure_file_priv is set to \"\", which is insecure."
time="2025-08-08T19:36:40Z" level=warning msg="Any user with GRANT FILE privileges will be able to read any file which the sql-server process can read."
time="2025-08-08T19:36:40Z" level=warning msg="Please consider restarting the server with secure_file_priv set to a safe (or non-existent) directory."
time="2025-08-08T19:36:40Z" level=info msg=NewConnection DisableClientMultiStatements=false connectionID=1
time="2025-08-08T19:36:40Z" level=info msg="Server closing listener. No longer accepting connections."
time="2025-08-08T19:36:40Z" level=info msg="Server ready. Accepting connections."
time="2025-08-08T19:36:40Z" level=warning msg="secure_file_priv is set to \"\", which is insecure."
time="2025-08-08T19:36:40Z" level=warning msg="Any user with GRANT FILE privileges will be able to read any file which the sql-server process can read."
time="2025-08-08T19:36:40Z" level=warning msg="Please consider restarting the server with secure_file_priv set to a safe (or non-existent) directory."
time="2025-08-08T19:36:40Z" level=info msg=NewConnection DisableClientMultiStatements=false connectionID=1
time="2025-08-08T19:36:40Z" level=info msg="Server closing listener. No longer accepting connections."
time="2025-08-08T19:36:40Z" level=info msg="Server ready. Accepting connections."
time="2025-08-08T19:36:40Z" level=warning msg="secure_file_priv is set to \"\", which is insecure."
time="2025-08-08T19:36:40Z" level=warning msg="Any user with GRANT FILE privileges will be able to read any file which the sql-server process can read."
time="2025-08-08T19:36:40Z" level=warning msg="Please consider restarting the server with secure_file_priv set to a safe (or non-existent) directory."
time="2025-08-08T19:36:40Z" level=info msg=NewConnection DisableClientMultiStatements=false connectionID=1
time="2025-08-08T19:36:40Z" level=info msg="Server closing listener. No longer accepting connections."
time="2025-08-08T19:36:40Z" level=info msg="Server ready. Accepting connections."
time="2025-08-08T19:36:40Z" level=warning msg="secure_file_priv is set to \"\", which is insecure."
time="2025-08-08T19:36:40Z" level=warning msg="Any user with GRANT FILE privileges will be able to read any file which the sql-server process can read."
time="2025-08-08T19:36:40Z" level=warning msg="Please consider restarting the server with secure_file_priv set to a safe (or non-existent) directory."
time="2025-08-08T19:36:40Z" level=info msg=NewConnection DisableClientMultiStatements=false connectionID=1
time="2025-08-08T19:36:40Z" level=info msg="Server closing listener. No longer accepting connections."
time="2025-08-08T19:36:40Z" level=info msg="Server ready. Accepting connections."
time="2025-08-08T19:36:40Z" level=warning msg="secure_file_priv is set to \"\", which is insecure."
time="2025-08-08T19:36:40Z" level=warning msg="Any user with GRANT FILE privileges will be able to read any file which the sql-server process can read."
time="2025-08-08T19:36:40Z" level=warning msg="Please consider restarting the server with secure_file_priv set to a safe (or non-existent) directory."
time="2025-08-08T19:36:40Z" level=info msg=NewConnection DisableClientMultiStatements=false connectionID=1
time="2025-08-08T19:36:40Z" level=info msg="Server closing listener. No longer accepting connections."
time="2025-08-08T19:36:40Z" level=info msg="Server ready. Accepting connections."
time="2025-08-08T19:36:40Z" level=warning msg="secure_file_priv is set to \"\", which is insecure."
time="2025-08-08T19:36:40Z" level=warning msg="Any user with GRANT FILE privileges will be able to read any file which the sql-server process can read."
time="2025-08-08T19:36:40Z" level=warning msg="Please consider restarting the server with secure_file_priv set to a safe (or non-existent) directory."
time="2025-08-08T19:36:40Z" level=info msg=NewConnection DisableClientMultiStatements=false connectionID=1
time="2025-08-08T19:36:40Z" level=info msg="Server closing listener. No longer accepting connections."
time="2025-08-08T19:36:40Z" level=info msg="Server ready. Accepting connections."
time="2025-08-08T19:36:40Z" level=warning msg="secure_file_priv is set to \"\", which is insecure."
time="2025-08-08T19:36:40Z" level=warning msg="Any user with GRANT FILE privileges will be able to read any file which the sql-server process can read."
time="2025-08-08T19:36:40Z" level=warning msg="Please consider restarting the server with secure_file_priv set to a safe (or non-existent) directory."
time="2025-08-08T19:36:40Z" level=info msg=NewConnection DisableClientMultiStatements=false connectionID=1
time="2025-08-08T19:36:40Z" level=info msg="Server closing listener. No longer accepting connections."
time="2025-08-08T19:36:40Z" level=info msg="Server ready. Accepting connections."
time="2025-08-08T19:36:40Z" level=warning msg="secure_file_priv is set to \"\", which is insecure."
time="2025-08-08T19:36:40Z" level=warning msg="Any user with GRANT FILE privileges will be able to read any file which the sql-server process can read."
time="2025-08-08T19:36:40Z" level=warning msg="Please consider restarting the server with secure_file_priv set to a safe (or non-existent) directory."
time="2025-08-08T19:36:40Z" level=info msg=NewConnection DisableClientMultiStatements=false connectionID=1
time="2025-08-08T19:36:40Z" level=error msg="unable to prepare query: incorrect arguments to: NAME_CONST" query="select name_const('abc', 1+1)"
time="2025-08-08T19:36:40Z" level=error msg="unable to prepare query: incorrect arguments to: NAME_CONST (errno 1105) (sqlstate HY000)"
time="2025-08-08T19:36:40Z" level=error msg="unable to prepare query: incorrect arguments to: NAME_CONST" query="select name_const(1+1, 123)"
time="2025-08-08T19:36:40Z" level=error msg="unable to prepare query: incorrect arguments to: NAME_CONST (errno 1105) (sqlstate HY000)"
time="2025-08-08T19:36:40Z" level=error msg="unable to prepare query: incorrect arguments to: NAME_CONST" query="select name_const(i, 123) from t"
time="2025-08-08T19:36:40Z" level=error msg="unable to prepare query: incorrect arguments to: NAME_CONST (errno 1105) (sqlstate HY000)"
time="2025-08-08T19:36:40Z" level=error msg="unable to prepare query: incorrect arguments to: NAME_CONST" query="select name_const(123, i) from t"
time="2025-08-08T19:36:40Z" level=error msg="unable to prepare query: incorrect arguments to: NAME_CONST (errno 1105) (sqlstate HY000)"
time="2025-08-08T19:36:40Z" level=error msg="unable to prepare query: incorrect parameter count in the call to native function NAME_CONST" query="select name_const()"
time="2025-08-08T19:36:40Z" level=error msg="unable to prepare query: incorrect parameter count in the call to native function NAME_CONST (errno 1105) (sqlstate HY000)"
time="2025-08-08T19:36:40Z" level=error msg="unable to prepare query: incorrect parameter count in the call to native function NAME_CONST" query="select name_const(1)"
time="2025-08-08T19:36:40Z" level=error msg="unable to prepare query: incorrect parameter count in the call to native function NAME_CONST (errno 1105) (sqlstate HY000)"
time="2025-08-08T19:36:40Z" level=error msg="unable to prepare query: incorrect parameter count in the call to native function NAME_CONST" query="select name_const(1, 2, 3)"
time="2025-08-08T19:36:40Z" level=error msg="unable to prepare query: incorrect parameter count in the call to native function NAME_CONST (errno 1105) (sqlstate HY000)"
time="2025-08-08T19:36:40Z" level=info msg="Server closing listener. No longer accepting connections."
time="2025-08-08T19:36:40Z" level=info msg="Server ready. Accepting connections."
time="2025-08-08T19:36:40Z" level=warning msg="secure_file_priv is set to \"\", which is insecure."
time="2025-08-08T19:36:40Z" level=warning msg="Any user with GRANT FILE privileges will be able to read any file which the sql-server process can read."
time="2025-08-08T19:36:40Z" level=warning msg="Please consider restarting the server with secure_file_priv set to a safe (or non-existent) directory."
time="2025-08-08T19:36:40Z" level=info msg=NewConnection DisableClientMultiStatements=false connectionID=1
time="2025-08-08T19:36:40Z" level=info msg="Server closing listener. No longer accepting connections."
time="2025-08-08T19:36:40Z" level=info msg="Server ready. Accepting connections."
time="2025-08-08T19:36:40Z" level=warning msg="secure_file_priv is set to \"\", which is insecure."
time="2025-08-08T19:36:40Z" level=warning msg="Any user with GRANT FILE privileges will be able to read any file which the sql-server process can read."
time="2025-08-08T19:36:40Z" level=warning msg="Please consider restarting the server with secure_file_priv set to a safe (or non-existent) directory."
time="2025-08-08T19:36:40Z" level=info msg=NewConnection DisableClientMultiStatements=false connectionID=1
time="2025-08-08T19:36:40Z" level=info msg="Server closing listener. No longer accepting connections."
time="2025-08-08T19:36:40Z" level=info msg="Server ready. Accepting connections."
time="2025-08-08T19:36:40Z" level=warning msg="secure_file_priv is set to \"\", which is insecure."
time="2025-08-08T19:36:40Z" level=warning msg="Any user with GRANT FILE privileges will be able to read any file which the sql-server process can read."
time="2025-08-08T19:36:40Z" level=warning msg="Please consider restarting the server with secure_file_priv set to a safe (or non-existent) directory."
time="2025-08-08T19:36:40Z" level=info msg=NewConnection DisableClientMultiStatements=false connectionID=1
time="2025-08-08T19:36:40Z" level=warning msg="error running query" connectTime="2025-08-08 19:36:40.369556682 +0000 UTC m=+1.426262999" connectionDb=mydb connectionID=1 error="Variable 'validate_password.length' is a GLOBAL variable and should be set with SET GLOBAL" queryTime="2025-08-08 19:36:40.371032219 +0000 UTC m=+1.427738533"
time="2025-08-08T19:36:40Z" level=info msg="Server closing listener. No longer accepting connections."
time="2025-08-08T19:36:40Z" level=info msg="Server ready. Accepting connections."
time="2025-08-08T19:36:40Z" level=warning msg="secure_file_priv is set to \"\", which is insecure."
time="2025-08-08T19:36:40Z" level=warning msg="Any user with GRANT FILE privileges will be able to read any file which the sql-server process can read."
time="2025-08-08T19:36:40Z" level=warning msg="Please consider restarting the server with secure_file_priv set to a safe (or non-existent) directory."
time="2025-08-08T19:36:40Z" level=info msg=NewConnection DisableClientMultiStatements=false connectionID=1
time="2025-08-08T19:36:40Z" level=warning msg="error running query" connectTime="2025-08-08 19:36:40.372365121 +0000 UTC m=+1.429071435" connectionDb=mydb connectionID=1 error="Variable 'validate_password.number_count' is a GLOBAL variable and should be set with SET GLOBAL" queryTime="2025-08-08 19:36:40.373375448 +0000 UTC m=+1.430081758"
time="2025-08-08T19:36:40Z" level=info msg="Server closing listener. No longer accepting connections."
time="2025-08-08T19:36:40Z" level=info msg="Server ready. Accepting connections."
time="2025-08-08T19:36:40Z" level=warning msg="secure_file_priv is set to \"\", which is insecure."
time="2025-08-08T19:36:40Z" level=warning msg="Any user with GRANT FILE privileges will be able to read any file which the sql-server process can read."
time="2025-08-08T19:36:40Z" level=warning msg="Please consider restarting the server with secure_file_priv set to a safe (or non-existent) directory."
time="2025-08-08T19:36:40Z" level=info msg=NewConnection DisableClientMultiStatements=false connectionID=1
time="2025-08-08T19:36:40Z" level=warning msg="error running query" connectTime="2025-08-08 19:36:40.375358151 +0000 UTC m=+1.432064469" connectionDb=mydb connectionID=1 error="Variable 'validate_password.mixed_case_count' is a GLOBAL variable and should be set with SET GLOBAL" queryTime="2025-08-08 19:36:40.376621897 +0000 UTC m=+1.433328211"
time="2025-08-08T19:36:40Z" level=info msg="Server closing listener. No longer accepting connections."
time="2025-08-08T19:36:40Z" level=info msg="Server ready. Accepting connections."
time="2025-08-08T19:36:40Z" level=warning msg="secure_file_priv is set to \"\", which is insecure."
time="2025-08-08T19:36:40Z" level=warning msg="Any user with GRANT FILE privileges will be able to read any file which the sql-server process can read."
time="2025-08-08T19:36:40Z" level=warning msg="Please consider restarting the server with secure_file_priv set to a safe (or non-existent) directory."
time="2025-08-08T19:36:40Z" level=info msg=NewConnection DisableClientMultiStatements=false connectionID=1
time="2025-08-08T19:36:40Z" level=warning msg="error running query" connectTime="2025-08-08 19:36:40.378304076 +0000 UTC m=+1.435010389" connectionDb=mydb connectionID=1 error="Variable 'validate_password.special_char_count' is a GLOBAL variable and should be set with SET GLOBAL" queryTime="2025-08-08 19:36:40.379312304 +0000 UTC m=+1.436018627"
time="2025-08-08T19:36:40Z" level=info msg="Server closing listener. No longer accepting connections."
time="2025-08-08T19:36:40Z" level=info msg="Server ready. Accepting connections."
time="2025-08-08T19:36:40Z" level=warning msg="secure_file_priv is set to \"\", which is insecure."
time="2025-08-08T19:36:40Z" level=warning msg="Any user with GRANT FILE privileges will be able to read any file which the sql-server process can read."
time="2025-08-08T19:36:40Z" level=warning msg="Please consider restarting the server with secure_file_priv set to a safe (or non-existent) directory."
time="2025-08-08T19:36:40Z" level=info msg=NewConnection DisableClientMultiStatements=false connectionID=1
time="2025-08-08T19:36:40Z" level=info msg="Server closing listener. No longer accepting connections."
time="2025-08-08T19:36:40Z" level=info msg="Server ready. Accepting connections."
time="2025-08-08T19:36:40Z" level=warning msg="secure_file_priv is set to \"\", which is insecure."
time="2025-08-08T19:36:40Z" level=warning msg="Any user with GRANT FILE privileges will be able to read any file which the sql-server process can read."
time="2025-08-08T19:36:40Z" level=warning msg="Please consider restarting the server with secure_file_priv set to a safe (or non-existent) directory."
time="2025-08-08T19:36:40Z" level=info msg=NewConnection DisableClientMultiStatements=false connectionID=1
time="2025-08-08T19:36:40Z" level=info msg="Server closing listener. No longer accepting connections."
time="2025-08-08T19:36:40Z" level=info msg="Server ready. Accepting connections."
time="2025-08-08T19:36:40Z" level=warning msg="secure_file_priv is set to \"\", which is insecure."
time="2025-08-08T19:36:40Z" level=warning msg="Any user with GRANT FILE privileges will be able to read any file which the sql-server process can read."
time="2025-08-08T19:36:40Z" level=warning msg="Please consider restarting the server with secure_file_priv set to a safe (or non-existent) directory."
time="2025-08-08T19:36:40Z" level=info msg=NewConnection DisableClientMultiStatements=false connectionID=1
time="2025-08-08T19:36:40Z" level=warning msg="error running query" connectTime="2025-08-08 19:36:40.388123901 +0000 UTC m=+1.444830211" connectionDb=mydb connectionID=1 error="BIGINT out of range for -9223372036854775808"
time="2025-08-08T19:36:40Z" level=info msg="Server closing listener. No longer accepting connections."
time="2025-08-08T19:36:40Z" level=info msg="Server ready. Accepting connections."
time="2025-08-08T19:36:40Z" level=warning msg="secure_file_priv is set to \"\", which is insecure."
time="2025-08-08T19:36:40Z" level=warning msg="Any user with GRANT FILE privileges will be able to read any file which the sql-server process can read."
time="2025-08-08T19:36:40Z" level=warning msg="Please consider restarting the server with secure_file_priv set to a safe (or non-existent) directory."
time="2025-08-08T19:36:40Z" level=info msg=NewConnection DisableClientMultiStatements=false connectionID=1
time="2025-08-08T19:36:40Z" level=warning msg="error running query" connectTime="2025-08-08 19:36:40.391783736 +0000 UTC m=+1.448490068" connectionDb=mydb connectionID=1 error="BIGINT out of range for -9223372036854775808"
time="2025-08-08T19:36:40Z" level=info msg="Server closing listener. No longer accepting connections."
time="2025-08-08T19:36:40Z" level=info msg="Server ready. Accepting connections."
time="2025-08-08T19:36:40Z" level=warning msg="secure_file_priv is set to \"\", which is insecure."
time="2025-08-08T19:36:40Z" level=warning msg="Any user with GRANT FILE privileges will be able to read any file which the sql-server process can read."
time="2025-08-08T19:36:40Z" level=warning msg="Please consider restarting the server with secure_file_priv set to a safe (or non-existent) directory."
time="2025-08-08T19:36:40Z" level=info msg=NewConnection DisableClientMultiStatements=false connectionID=1
time="2025-08-08T19:36:40Z" level=info msg="Server closing listener. No longer accepting connections."
time="2025-08-08T19:36:40Z" level=info msg="Server ready. Accepting connections."
time="2025-08-08T19:36:40Z" level=warning msg="secure_file_priv is set to \"\", which is insecure."
time="2025-08-08T19:36:40Z" level=warning msg="Any user with GRANT FILE privileges will be able to read any file which the sql-server process can read."
time="2025-08-08T19:36:40Z" level=warning msg="Please consider restarting the server with secure_file_priv set to a safe (or non-existent) directory."
time="2025-08-08T19:36:40Z" level=info msg=NewConnection DisableClientMultiStatements=false connectionID=1
time="2025-08-08T19:36:40Z" level=warning msg="error running query" connectTime="2025-08-08 19:36:40.409239389 +0000 UTC m=+1.465945706" connectionDb=mydb connectionID=1 error="Invalid argument to NTILE"
time="2025-08-08T19:36:40Z" level=warning msg="error running query" connectTime="2025-08-08 19:36:40.409239389 +0000 UTC m=+1.465945706" connectionDb=mydb connectionID=1 error="Invalid argument to NTILE"
time="2025-08-08T19:36:40Z" level=warning msg="error running query" connectTime="2025-08-08 19:36:40.409239389 +0000 UTC m=+1.465945706" connectionDb=mydb connectionID=1 error="Invalid argument to NTILE"
time="2025-08-08T19:36:40Z" level=info msg="Server closing listener. No longer accepting connections."
time="2025-08-08T19:36:40Z" level=info msg="Server ready. Accepting connections."
time="2025-08-08T19:36:40Z" level=warning msg="secure_file_priv is set to \"\", which is insecure."
time="2025-08-08T19:36:40Z" level=warning msg="Any user with GRANT FILE privileges will be able to read any file which the sql-server process can read."
time="2025-08-08T19:36:40Z" level=warning msg="Please consider restarting the server with secure_file_priv set to a safe (or non-existent) directory."
time="2025-08-08T19:36:40Z" level=info msg=NewConnection DisableClientMultiStatements=false connectionID=1
time="2025-08-08T19:36:40Z" level=info msg="Server closing listener. No longer accepting connections."
time="2025-08-08T19:36:40Z" level=info msg="Server ready. Accepting connections."
time="2025-08-08T19:36:40Z" level=warning msg="secure_file_priv is set to \"\", which is insecure."
time="2025-08-08T19:36:40Z" level=warning msg="Any user with GRANT FILE privileges will be able to read any file which the sql-server process can read."
time="2025-08-08T19:36:40Z" level=warning msg="Please consider restarting the server with secure_file_priv set to a safe (or non-existent) directory."
time="2025-08-08T19:36:40Z" level=info msg=NewConnection DisableClientMultiStatements=false connectionID=1
time="2025-08-08T19:36:40Z" level=info msg="Server closing listener. No longer accepting connections."
time="2025-08-08T19:36:40Z" level=info msg="Server ready. Accepting connections."
time="2025-08-08T19:36:40Z" level=warning msg="secure_file_priv is set to \"\", which is insecure."
time="2025-08-08T19:36:40Z" level=warning msg="Any user with GRANT FILE privileges will be able to read any file which the sql-server process can read."
time="2025-08-08T19:36:40Z" level=warning msg="Please consider restarting the server with secure_file_priv set to a safe (or non-existent) directory."
time="2025-08-08T19:36:40Z" level=info msg=NewConnection DisableClientMultiStatements=false connectionID=1
time="2025-08-08T19:36:40Z" level=info msg="Server closing listener. No longer accepting connections."
time="2025-08-08T19:36:40Z" level=info msg="Server ready. Accepting connections."
time="2025-08-08T19:36:40Z" level=warning msg="secure_file_priv is set to \"\", which is insecure."
time="2025-08-08T19:36:40Z" level=warning msg="Any user with GRANT FILE privileges will be able to read any file which the sql-server process can read."
time="2025-08-08T19:36:40Z" level=warning msg="Please consider restarting the server with secure_file_priv set to a safe (or non-existent) directory."
time="2025-08-08T19:36:40Z" level=info msg=NewConnection DisableClientMultiStatements=false connectionID=1
time="2025-08-08T19:36:40Z" level=info msg="Server closing listener. No longer accepting connections."
time="2025-08-08T19:36:40Z" level=info msg="Server ready. Accepting connections."
time="2025-08-08T19:36:40Z" level=warning msg="secure_file_priv is set to \"\", which is insecure."
time="2025-08-08T19:36:40Z" level=warning msg="Any user with GRANT FILE privileges will be able to read any file which the sql-server process can read."
time="2025-08-08T19:36:40Z" level=warning msg="Please consider restarting the server with secure_file_priv set to a safe (or non-existent) directory."
time="2025-08-08T19:36:40Z" level=info msg=NewConnection DisableClientMultiStatements=false connectionID=1
time="2025-08-08T19:36:40Z" level=info msg="Server closing listener. No longer accepting connections."
time="2025-08-08T19:36:40Z" level=info msg="Server ready. Accepting connections."
time="2025-08-08T19:36:40Z" level=warning msg="secure_file_priv is set to \"\", which is insecure."
time="2025-08-08T19:36:40Z" level=warning msg="Any user with GRANT FILE privileges will be able to read any file which the sql-server process can read."
time="2025-08-08T19:36:40Z" level=warning msg="Please consider restarting the server with secure_file_priv set to a safe (or non-existent) directory."
time="2025-08-08T19:36:40Z" level=info msg=NewConnection DisableClientMultiStatements=false connectionID=1
time="2025-08-08T19:36:40Z" level=info msg="Server closing listener. No longer accepting connections."
time="2025-08-08T19:36:40Z" level=info msg="Server ready. Accepting connections."
time="2025-08-08T19:36:40Z" level=warning msg="secure_file_priv is set to \"\", which is insecure."
time="2025-08-08T19:36:40Z" level=warning msg="Any user with GRANT FILE privileges will be able to read any file which the sql-server process can read."
time="2025-08-08T19:36:40Z" level=warning msg="Please consider restarting the server with secure_file_priv set to a safe (or non-existent) directory."
time="2025-08-08T19:36:40Z" level=info msg=NewConnection DisableClientMultiStatements=false connectionID=1
time="2025-08-08T19:36:40Z" level=warning msg="error running query" connectTime="2025-08-08 19:36:40.430075238 +0000 UTC m=+1.486781548" connectionDb=mydb connectionID=1 error="Incorrect column specifier for column 'c'" queryTime="2025-08-08 19:36:40.430212791 +0000 UTC m=+1.486919105"
time="2025-08-08T19:36:40Z" level=info msg="Server closing listener. No longer accepting connections."
time="2025-08-08T19:36:40Z" level=info msg="Server ready. Accepting connections."
time="2025-08-08T19:36:40Z" level=warning msg="secure_file_priv is set to \"\", which is insecure."
time="2025-08-08T19:36:40Z" level=warning msg="Any user with GRANT FILE privileges will be able to read any file which the sql-server process can read."
time="2025-08-08T19:36:40Z" level=warning msg="Please consider restarting the server with secure_file_priv set to a safe (or non-existent) directory."
time="2025-08-08T19:36:40Z" level=info msg=NewConnection DisableClientMultiStatements=false connectionID=1
time="2025-08-08T19:36:40Z" level=warning msg="error running query" connectTime="2025-08-08 19:36:40.431665595 +0000 UTC m=+1.488371912" connectionDb=mydb connectionID=1 error="Incorrect column specifier for column 'vc'" queryTime="2025-08-08 19:36:40.431803774 +0000 UTC m=+1.488510089"
time="2025-08-08T19:36:40Z" level=info msg="Server closing listener. No longer accepting connections."
time="2025-08-08T19:36:40Z" level=info msg="Server ready. Accepting connections."
time="2025-08-08T19:36:40Z" level=warning msg="secure_file_priv is set to \"\", which is insecure."
time="2025-08-08T19:36:40Z" level=warning msg="Any user with GRANT FILE privileges will be able to read any file which the sql-server process can read."
time="2025-08-08T19:36:40Z" level=warning msg="Please consider restarting the server with secure_file_priv set to a safe (or non-existent) directory."
time="2025-08-08T19:36:40Z" level=info msg=NewConnection DisableClientMultiStatements=false connectionID=1
time="2025-08-08T19:36:40Z" level=warning msg="error running query" connectTime="2025-08-08 19:36:40.433327324 +0000 UTC m=+1.490033635" connectionDb=mydb connectionID=1 error="Incorrect column specifier for column 'b'" queryTime="2025-08-08 19:36:40.433477544 +0000 UTC m=+1.490183860"
time="2025-08-08T19:36:40Z" level=info msg="Server closing listener. No longer accepting connections."
time="2025-08-08T19:36:40Z" level=info msg="Server ready. Accepting connections."
time="2025-08-08T19:36:40Z" level=warning msg="secure_file_priv is set to \"\", which is insecure."
time="2025-08-08T19:36:40Z" level=warning msg="Any user with GRANT FILE privileges will be able to read any file which the sql-server process can read."
time="2025-08-08T19:36:40Z" level=warning msg="Please consider restarting the server with secure_file_priv set to a safe (or non-existent) directory."
time="2025-08-08T19:36:40Z" level=info msg=NewConnection DisableClientMultiStatements=false connectionID=1
time="2025-08-08T19:36:40Z" level=warning msg="error running query" connectTime="2025-08-08 19:36:40.434782526 +0000 UTC m=+1.491488908" connectionDb=mydb connectionID=1 error="Incorrect column specifier for column 'vb'" queryTime="2025-08-08 19:36:40.43496788 +0000 UTC m=+1.491674190"
time="2025-08-08T19:36:40Z" level=info msg="Server closing listener. No longer accepting connections."
time="2025-08-08T19:36:40Z" level=info msg="Server ready. Accepting connections."
time="2025-08-08T19:36:40Z" level=warning msg="secure_file_priv is set to \"\", which is insecure."
time="2025-08-08T19:36:40Z" level=warning msg="Any user with GRANT FILE privileges will be able to read any file which the sql-server process can read."
time="2025-08-08T19:36:40Z" level=warning msg="Please consider restarting the server with secure_file_priv set to a safe (or non-existent) directory."
time="2025-08-08T19:36:40Z" level=info msg=NewConnection DisableClientMultiStatements=false connectionID=1
time="2025-08-08T19:36:40Z" level=warning msg="error running query" connectTime="2025-08-08 19:36:40.436107456 +0000 UTC m=+1.492813773" connectionDb=mydb connectionID=1 error="Incorrect column specifier for column 'b'" queryTime="2025-08-08 19:36:40.436220834 +0000 UTC m=+1.492927148"
time="2025-08-08T19:36:40Z" level=warning msg="error running query" connectTime="2025-08-08 19:36:40.436107456 +0000 UTC m=+1.492813773" connectionDb=mydb connectionID=1 error="Incorrect column specifier for column 'tb'" queryTime="2025-08-08 19:36:40.436400833 +0000 UTC m=+1.493107148"
time="2025-08-08T19:36:40Z" level=warning msg="error running query" connectTime="2025-08-08 19:36:40.436107456 +0000 UTC m=+1.492813773" connectionDb=mydb connectionID=1 error="Incorrect column specifier for column 'mb'" queryTime="2025-08-08 19:36:40.436535442 +0000 UTC m=+1.493241756"
time="2025-08-08T19:36:40Z" level=warning msg="error running query" connectTime="2025-08-08 19:36:40.436107456 +0000 UTC m=+1.492813773" connectionDb=mydb connectionID=1 error="Incorrect column specifier for column 'lb'" queryTime="2025-08-08 19:36:40.436669583 +0000 UTC m=+1.493375900"
time="2025-08-08T19:36:40Z" level=info msg="Server closing listener. No longer accepting connections."
time="2025-08-08T19:36:40Z" level=info msg="Server ready. Accepting connections."
time="2025-08-08T19:36:40Z" level=warning msg="secure_file_priv is set to \"\", which is insecure."
time="2025-08-08T19:36:40Z" level=warning msg="Any user with GRANT FILE privileges will be able to read any file which the sql-server process can read."
time="2025-08-08T19:36:40Z" level=warning msg="Please consider restarting the server with secure_file_priv set to a safe (or non-existent) directory."
time="2025-08-08T19:36:40Z" level=info msg=NewConnection DisableClientMultiStatements=false connectionID=1
time="2025-08-08T19:36:40Z" level=warning msg="error running query" connectTime="2025-08-08 19:36:40.438022062 +0000 UTC m=+1.494728373" connectionDb=mydb connectionID=1 error="Incorrect column specifier for column 't'" queryTime="2025-08-08 19:36:40.438152446 +0000 UTC m=+1.494858760"
time="2025-08-08T19:36:40Z" level=warning msg="error running query" connectTime="2025-08-08 19:36:40.438022062 +0000 UTC m=+1.494728373" connectionDb=mydb connectionID=1 error="Incorrect column specifier for column 'tt'" queryTime="2025-08-08 19:36:40.438327434 +0000 UTC m=+1.495033749"
time="2025-08-08T19:36:40Z" level=warning msg="error running query" connectTime="2025-08-08 19:36:40.438022062 +0000 UTC m=+1.494728373" connectionDb=mydb connectionID=1 error="Incorrect column specifier for column 'mt'" queryTime="2025-08-08 19:36:40.43847942 +0000 UTC m=+1.495185734"
time="2025-08-08T19:36:40Z" level=warning msg="error running query" connectTime="2025-08-08 19:36:40.438022062 +0000 UTC m=+1.494728373" connectionDb=mydb connectionID=1 error="Incorrect column specifier for column 'lt'" queryTime="2025-08-08 19:36:40.438640375 +0000 UTC m=+1.495346689"
time="2025-08-08T19:36:40Z" level=info msg="Server closing listener. No longer accepting connections."
time="2025-08-08T19:36:40Z" level=info msg="Server ready. Accepting connections."
time="2025-08-08T19:36:40Z" level=warning msg="secure_file_priv is set to \"\", which is insecure."
time="2025-08-08T19:36:40Z" level=warning msg="Any user with GRANT FILE privileges will be able to read any file which the sql-server process can read."
time="2025-08-08T19:36:40Z" level=warning msg="Please consider restarting the server with secure_file_priv set to a safe (or non-existent) directory."
time="2025-08-08T19:36:40Z" level=info msg=NewConnection DisableClientMultiStatements=false connectionID=1
time="2025-08-08T19:36:40Z" level=info msg="Server closing listener. No longer accepting connections."
time="2025-08-08T19:36:40Z" level=info msg="Server ready. Accepting connections."
time="2025-08-08T19:36:40Z" level=warning msg="secure_file_priv is set to \"\", which is insecure."
time="2025-08-08T19:36:40Z" level=warning msg="Any user with GRANT FILE privileges will be able to read any file which the sql-server process can read."
time="2025-08-08T19:36:40Z" level=warning msg="Please consider restarting the server with secure_file_priv set to a safe (or non-existent) directory."
time="2025-08-08T19:36:40Z" level=info msg=NewConnection DisableClientMultiStatements=false connectionID=1
time="2025-08-08T19:36:40Z" level=info msg="Server closing listener. No longer accepting connections."
time="2025-08-08T19:36:40Z" level=info msg="Server ready. Accepting connections."
time="2025-08-08T19:36:40Z" level=warning msg="secure_file_priv is set to \"\", which is insecure."
time="2025-08-08T19:36:40Z" level=warning msg="Any user with GRANT FILE privileges will be able to read any file which the sql-server process can read."
time="2025-08-08T19:36:40Z" level=warning msg="Please consider restarting the server with secure_file_priv set to a safe (or non-existent) directory."
time="2025-08-08T19:36:40Z" level=info msg=NewConnection DisableClientMultiStatements=false connectionID=1
time="2025-08-08T19:36:40Z" level=info msg="Server closing listener. No longer accepting connections."
time="2025-08-08T19:36:40Z" level=info msg="Server ready. Accepting connections."
time="2025-08-08T19:36:40Z" level=warning msg="secure_file_priv is set to \"\", which is insecure."
time="2025-08-08T19:36:40Z" level=warning msg="Any user with GRANT FILE privileges will be able to read any file which the sql-server process can read."
time="2025-08-08T19:36:40Z" level=warning msg="Please consider restarting the server with secure_file_priv set to a safe (or non-existent) directory."
time="2025-08-08T19:36:40Z" level=info msg=NewConnection DisableClientMultiStatements=false connectionID=1
time="2025-08-08T19:36:40Z" level=info msg="Server closing listener. No longer accepting connections."
time="2025-08-08T19:36:40Z" level=info msg="Server ready. Accepting connections."
time="2025-08-08T19:36:40Z" level=warning msg="secure_file_priv is set to \"\", which is insecure."
time="2025-08-08T19:36:40Z" level=warning msg="Any user with GRANT FILE privileges will be able to read any file which the sql-server process can read."
time="2025-08-08T19:36:40Z" level=warning msg="Please consider restarting the server with secure_file_priv set to a safe (or non-existent) directory."
time="2025-08-08T19:36:40Z" level=info msg=NewConnection DisableClientMultiStatements=false connectionID=1
time="2025-08-08T19:36:40Z" level=info msg="Server closing listener. No longer accepting connections."
time="2025-08-08T19:36:40Z" level=info msg="Server ready. Accepting connections."
time="2025-08-08T19:36:40Z" level=warning msg="secure_file_priv is set to \"\", which is insecure."
time="2025-08-08T19:36:40Z" level=warning msg="Any user with GRANT FILE privileges will be able to read any file which the sql-server process can read."
time="2025-08-08T19:36:40Z" level=warning msg="Please consider restarting the server with secure_file_priv set to a safe (or non-existent) directory."
time="2025-08-08T19:36:40Z" level=info msg=NewConnection DisableClientMultiStatements=false connectionID=1
time="2025-08-08T19:36:40Z" level=info msg="Server closing listener. No longer accepting connections."
time="2025-08-08T19:36:40Z" level=info msg="Server ready. Accepting connections."
time="2025-08-08T19:36:40Z" level=warning msg="secure_file_priv is set to \"\", which is insecure."
time="2025-08-08T19:36:40Z" level=warning msg="Any user with GRANT FILE privileges will be able to read any file which the sql-server process can read."
time="2025-08-08T19:36:40Z" level=warning msg="Please consider restarting the server with secure_file_priv set to a safe (or non-existent) directory."
time="2025-08-08T19:36:40Z" level=info msg=NewConnection DisableClientMultiStatements=false connectionID=1
time="2025-08-08T19:36:40Z" level=warning msg="error running query" connectTime="2025-08-08 19:36:40.47279707 +0000 UTC m=+1.529503380" connectionDb=mydb connectionID=1 error="incompatible type for default value" queryTime="2025-08-08 19:36:40.472986953 +0000 UTC m=+1.529693268"
time="2025-08-08T19:36:40Z" level=error msg="unable to prepare query: Invalid default value for 'e'" query="create table bad (e enum('a') default 0);"
time="2025-08-08T19:36:40Z" level=error msg="unable to prepare query: Invalid default value for 'e' (errno 1105) (sqlstate HY000)"
time="2025-08-08T19:36:40Z" level=warning msg="error running query" connectTime="2025-08-08 19:36:40.47279707 +0000 UTC m=+1.529503380" connectionDb=mydb connectionID=1 error="incompatible type for default value: value  is not valid for this Enum" queryTime="2025-08-08 19:36:40.473298219 +0000 UTC m=+1.530004533"
time="2025-08-08T19:36:40Z" level=warning msg="error running query" connectTime="2025-08-08 19:36:40.47279707 +0000 UTC m=+1.529503380" connectionDb=mydb connectionID=1 error="Invalid default value for 'e'" queryTime="2025-08-08 19:36:40.473485118 +0000 UTC m=+1.530191432"
time="2025-08-08T19:36:40Z" level=warning msg="error running query" connectTime="2025-08-08 19:36:40.47279707 +0000 UTC m=+1.529503380" connectionDb=mydb connectionID=1 error="Invalid default value for 'e'" queryTime="2025-08-08 19:36:40.47361384 +0000 UTC m=+1.530320155"
time="2025-08-08T19:36:40Z" level=info msg="Server closing listener. No longer accepting connections."
time="2025-08-08T19:36:40Z" level=info msg="Server ready. Accepting connections."
time="2025-08-08T19:36:40Z" level=warning msg="secure_file_priv is set to \"\", which is insecure."
time="2025-08-08T19:36:40Z" level=warning msg="Any user with GRANT FILE privileges will be able to read any file which the sql-server process can read."
time="2025-08-08T19:36:40Z" level=warning msg="Please consider restarting the server with secure_file_priv set to a safe (or non-existent) directory."
time="2025-08-08T19:36:40Z" level=info msg=NewConnection DisableClientMultiStatements=false connectionID=1
time="2025-08-08T19:36:40Z" level=warning msg="error running query" connectTime="2025-08-08 19:36:40.479644665 +0000 UTC m=+1.536350981" connectionDb=mydb connectionID=1 error="Incorrect column specifier for column 'e'" queryTime="2025-08-08 19:36:40.479922989 +0000 UTC m=+1.536629302"
time="2025-08-08T19:36:40Z" level=warning msg="error running query" connectTime="2025-08-08 19:36:40.479644665 +0000 UTC m=+1.536350981" connectionDb=mydb connectionID=1 error="Incorrect column specifier for column 'e'" queryTime="2025-08-08 19:36:40.480094371 +0000 UTC m=+1.536800686"
time="2025-08-08T19:36:40Z" level=warning msg="error running query" connectTime="2025-08-08 19:36:40.479644665 +0000 UTC m=+1.536350981" connectionDb=mydb connectionID=1 error="Incorrect column specifier for column 'e'" queryTime="2025-08-08 19:36:40.480270361 +0000 UTC m=+1.536976675"
time="2025-08-08T19:36:40Z" level=warning msg="error running query" connectTime="2025-08-08 19:36:40.479644665 +0000 UTC m=+1.536350981" connectionDb=mydb connectionID=1 error="Incorrect column specifier for column 'e'" queryTime="2025-08-08 19:36:40.480473246 +0000 UTC m=+1.537179561"
time="2025-08-08T19:36:40Z" level=warning msg="error running query" connectTime="2025-08-08 19:36:40.479644665 +0000 UTC m=+1.536350981" connectionDb=mydb connectionID=1 error="Incorrect column specifier for column 'e'" queryTime="2025-08-08 19:36:40.480626957 +0000 UTC m=+1.537333271"
time="2025-08-08T19:36:40Z" level=info msg="Server closing listener. No longer accepting connections."
time="2025-08-08T19:36:40Z" level=info msg="Server ready. Accepting connections."
time="2025-08-08T19:36:40Z" level=warning msg="secure_file_priv is set to \"\", which is insecure."
time="2025-08-08T19:36:40Z" level=warning msg="Any user with GRANT FILE privileges will be able to read any file which the sql-server process can read."
time="2025-08-08T19:36:40Z" level=warning msg="Please consider restarting the server with secure_file_priv set to a safe (or non-existent) directory."
time="2025-08-08T19:36:40Z" level=info msg=NewConnection DisableClientMultiStatements=false connectionID=1
time="2025-08-08T19:36:40Z" level=error msg="unable to prepare query: Invalid default value for 'e'" query="create table tt (e enum('a', 'b', 'c') default 0)"
time="2025-08-08T19:36:40Z" level=error msg="unable to prepare query: Invalid default value for 'e' (errno 1105) (sqlstate HY000)"
time="2025-08-08T19:36:40Z" level=info msg="Server closing listener. No longer accepting connections."
time="2025-08-08T19:36:40Z" level=info msg="Server ready. Accepting connections."
time="2025-08-08T19:36:40Z" level=warning msg="secure_file_priv is set to \"\", which is insecure."
time="2025-08-08T19:36:40Z" level=warning msg="Any user with GRANT FILE privileges will be able to read any file which the sql-server process can read."
time="2025-08-08T19:36:40Z" level=warning msg="Please consider restarting the server with secure_file_priv set to a safe (or non-existent) directory."
time="2025-08-08T19:36:40Z" level=info msg=NewConnection DisableClientMultiStatements=false connectionID=1
time="2025-08-08T19:36:40Z" level=error msg="unable to prepare query: Invalid default value for 'e'" query="create table tt (e enum('a', 'b', 'c') default 0)"
time="2025-08-08T19:36:40Z" level=error msg="unable to prepare query: Invalid default value for 'e' (errno 1105) (sqlstate HY000)"
time="2025-08-08T19:36:40Z" level=info msg="Server closing listener. No longer accepting connections."
time="2025-08-08T19:36:40Z" level=info msg="Server ready. Accepting connections."
time="2025-08-08T19:36:40Z" level=warning msg="secure_file_priv is set to \"\", which is insecure."
time="2025-08-08T19:36:40Z" level=warning msg="Any user with GRANT FILE privileges will be able to read any file which the sql-server process can read."
time="2025-08-08T19:36:40Z" level=warning msg="Please consider restarting the server with secure_file_priv set to a safe (or non-existent) directory."
time="2025-08-08T19:36:40Z" level=info msg=NewConnection DisableClientMultiStatements=false connectionID=1
time="2025-08-08T19:36:40Z" level=info msg="Server closing listener. No longer accepting connections."
time="2025-08-08T19:36:40Z" level=info msg="Server ready. Accepting connections."
time="2025-08-08T19:36:40Z" level=warning msg="secure_file_priv is set to \"\", which is insecure."
time="2025-08-08T19:36:40Z" level=warning msg="Any user with GRANT FILE privileges will be able to read any file which the sql-server process can read."
time="2025-08-08T19:36:40Z" level=warning msg="Please consider restarting the server with secure_file_priv set to a safe (or non-existent) directory."
time="2025-08-08T19:36:40Z" level=info msg=NewConnection DisableClientMultiStatements=false connectionID=1
time="2025-08-08T19:36:40Z" level=info msg="Server closing listener. No longer accepting connections."
time="2025-08-08T19:36:40Z" level=info msg="Server ready. Accepting connections."
time="2025-08-08T19:36:40Z" level=warning msg="secure_file_priv is set to \"\", which is insecure."
time="2025-08-08T19:36:40Z" level=warning msg="Any user with GRANT FILE privileges will be able to read any file which the sql-server process can read."
time="2025-08-08T19:36:40Z" level=warning msg="Please consider restarting the server with secure_file_priv set to a safe (or non-existent) directory."
time="2025-08-08T19:36:40Z" level=info msg=NewConnection DisableClientMultiStatements=false connectionID=1
time="2025-08-08T19:36:40Z" level=info msg="Server closing listener. No longer accepting connections."
time="2025-08-08T19:36:40Z" level=info msg="Server ready. Accepting connections."
time="2025-08-08T19:36:40Z" level=info msg="Server closing listener. No longer accepting connections."
time="2025-08-08T19:36:40Z" level=warning msg="secure_file_priv is set to \"\", which is insecure."
time="2025-08-08T19:36:40Z" level=warning msg="Any user with GRANT FILE privileges will be able to read any file which the sql-server process can read."
time="2025-08-08T19:36:40Z" level=warning msg="Please consider restarting the server with secure_file_priv set to a safe (or non-existent) directory."
time="2025-08-08T19:36:40Z" level=info msg="Server ready. Accepting connections."
time="2025-08-08T19:36:40Z" level=warning msg="secure_file_priv is set to \"\", which is insecure."
time="2025-08-08T19:36:40Z" level=warning msg="Any user with GRANT FILE privileges will be able to read any file which the sql-server process can read."
time="2025-08-08T19:36:40Z" level=warning msg="Please consider restarting the server with secure_file_priv set to a safe (or non-existent) directory."
time="2025-08-08T19:36:40Z" level=info msg=NewConnection DisableClientMultiStatements=false connectionID=1
time="2025-08-08T19:36:40Z" level=info msg="Server closing listener. No longer accepting connections."
time="2025-08-08T19:36:40Z" level=info msg="Server ready. Accepting connections."
time="2025-08-08T19:36:40Z" level=warning msg="secure_file_priv is set to \"\", which is insecure."
time="2025-08-08T19:36:40Z" level=warning msg="Any user with GRANT FILE privileges will be able to read any file which the sql-server process can read."
time="2025-08-08T19:36:40Z" level=warning msg="Please consider restarting the server with secure_file_priv set to a safe (or non-existent) directory."
time="2025-08-08T19:36:40Z" level=info msg=NewConnection DisableClientMultiStatements=false connectionID=1
time="2025-08-08T19:36:40Z" level=info msg="Server closing listener. No longer accepting connections."
time="2025-08-08T19:36:40Z" level=info msg="Server ready. Accepting connections."
time="2025-08-08T19:36:40Z" level=warning msg="secure_file_priv is set to \"\", which is insecure."
time="2025-08-08T19:36:40Z" level=warning msg="Any user with GRANT FILE privileges will be able to read any file which the sql-server process can read."
time="2025-08-08T19:36:40Z" level=warning msg="Please consider restarting the server with secure_file_priv set to a safe (or non-existent) directory."
time="2025-08-08T19:36:40Z" level=info msg=NewConnection DisableClientMultiStatements=false connectionID=1
time="2025-08-08T19:36:40Z" level=info msg="Server closing listener. No longer accepting connections."
time="2025-08-08T19:36:40Z" level=info msg="Server ready. Accepting connections."
time="2025-08-08T19:36:40Z" level=warning msg="secure_file_priv is set to \"\", which is insecure."
time="2025-08-08T19:36:40Z" level=warning msg="Any user with GRANT FILE privileges will be able to read any file which the sql-server process can read."
time="2025-08-08T19:36:40Z" level=info msg="Server closing listener. No longer accepting connections."
time="2025-08-08T19:36:40Z" level=warning msg="Please consider restarting the server with secure_file_priv set to a safe (or non-existent) directory."
time="2025-08-08T19:36:40Z" level=info msg="Server ready. Accepting connections."
time="2025-08-08T19:36:40Z" level=warning msg="secure_file_priv is set to \"\", which is insecure."
time="2025-08-08T19:36:40Z" level=warning msg="Any user with GRANT FILE privileges will be able to read any file which the sql-server process can read."
time="2025-08-08T19:36:40Z" level=warning msg="Please consider restarting the server with secure_file_priv set to a safe (or non-existent) directory."
time="2025-08-08T19:36:40Z" level=info msg=NewConnection DisableClientMultiStatements=false connectionID=1
time="2025-08-08T19:36:40Z" level=info msg="Server closing listener. No longer accepting connections."
time="2025-08-08T19:36:40Z" level=info msg="Server ready. Accepting connections."
time="2025-08-08T19:36:40Z" level=warning msg="secure_file_priv is set to \"\", which is insecure."
time="2025-08-08T19:36:40Z" level=info msg="Server closing listener. No longer accepting connections."
time="2025-08-08T19:36:40Z" level=warning msg="Any user with GRANT FILE privileges will be able to read any file which the sql-server process can read."
time="2025-08-08T19:36:40Z" level=warning msg="Please consider restarting the server with secure_file_priv set to a safe (or non-existent) directory."
time="2025-08-08T19:36:40Z" level=info msg="Server ready. Accepting connections."
time="2025-08-08T19:36:40Z" level=warning msg="secure_file_priv is set to \"\", which is insecure."
time="2025-08-08T19:36:40Z" level=warning msg="Any user with GRANT FILE privileges will be able to read any file which the sql-server process can read."
time="2025-08-08T19:36:40Z" level=warning msg="Please consider restarting the server with secure_file_priv set to a safe (or non-existent) directory."
time="2025-08-08T19:36:40Z" level=info msg=NewConnection DisableClientMultiStatements=false connectionID=1
time="2025-08-08T19:36:40Z" level=info msg="Server closing listener. No longer accepting connections."
time="2025-08-08T19:36:40Z" level=info msg="Server ready. Accepting connections."
time="2025-08-08T19:36:40Z" level=warning msg="secure_file_priv is set to \"\", which is insecure."
time="2025-08-08T19:36:40Z" level=warning msg="Any user with GRANT FILE privileges will be able to read any file which the sql-server process can read."
time="2025-08-08T19:36:40Z" level=warning msg="Please consider restarting the server with secure_file_priv set to a safe (or non-existent) directory."
time="2025-08-08T19:36:40Z" level=info msg=NewConnection DisableClientMultiStatements=false connectionID=1
time="2025-08-08T19:36:40Z" level=info msg="Server closing listener. No longer accepting connections."
time="2025-08-08T19:36:40Z" level=info msg="Server ready. Accepting connections."
time="2025-08-08T19:36:40Z" level=warning msg="secure_file_priv is set to \"\", which is insecure."
time="2025-08-08T19:36:40Z" level=warning msg="Any user with GRANT FILE privileges will be able to read any file which the sql-server process can read."
time="2025-08-08T19:36:40Z" level=warning msg="Please consider restarting the server with secure_file_priv set to a safe (or non-existent) directory."
time="2025-08-08T19:36:40Z" level=info msg=NewConnection DisableClientMultiStatements=false connectionID=1
time="2025-08-08T19:36:40Z" level=info msg="Server closing listener. No longer accepting connections."
time="2025-08-08T19:36:40Z" level=info msg="Server ready. Accepting connections."
time="2025-08-08T19:36:40Z" level=warning msg="secure_file_priv is set to \"\", which is insecure."
time="2025-08-08T19:36:40Z" level=warning msg="Any user with GRANT FILE privileges will be able to read any file which the sql-server process can read."
time="2025-08-08T19:36:40Z" level=warning msg="Please consider restarting the server with secure_file_priv set to a safe (or non-existent) directory."
time="2025-08-08T19:36:40Z" level=info msg=NewConnection DisableClientMultiStatements=false connectionID=1
time="2025-08-08T19:36:40Z" level=info msg="Server closing listener. No longer accepting connections."
time="2025-08-08T19:36:40Z" level=info msg="Server ready. Accepting connections."
time="2025-08-08T19:36:40Z" level=warning msg="secure_file_priv is set to \"\", which is insecure."
time="2025-08-08T19:36:40Z" level=warning msg="Any user with GRANT FILE privileges will be able to read any file which the sql-server process can read."
time="2025-08-08T19:36:40Z" level=warning msg="Please consider restarting the server with secure_file_priv set to a safe (or non-existent) directory."
time="2025-08-08T19:36:40Z" level=info msg=NewConnection DisableClientMultiStatements=false connectionID=1
time="2025-08-08T19:36:40Z" level=info msg="Server closing listener. No longer accepting connections."
time="2025-08-08T19:36:40Z" level=info msg="Server ready. Accepting connections."
time="2025-08-08T19:36:40Z" level=warning msg="secure_file_priv is set to \"\", which is insecure."
time="2025-08-08T19:36:40Z" level=warning msg="Any user with GRANT FILE privileges will be able to read any file which the sql-server process can read."
time="2025-08-08T19:36:40Z" level=warning msg="Please consider restarting the server with secure_file_priv set to a safe (or non-existent) directory."
time="2025-08-08T19:36:40Z" level=info msg=NewConnection DisableClientMultiStatements=false connectionID=1
time="2025-08-08T19:36:40Z" level=info msg="Server closing listener. No longer accepting connections."
time="2025-08-08T19:36:40Z" level=info msg="Server ready. Accepting connections."
time="2025-08-08T19:36:40Z" level=warning msg="secure_file_priv is set to \"\", which is insecure."
time="2025-08-08T19:36:40Z" level=warning msg="Any user with GRANT FILE privileges will be able to read any file which the sql-server process can read."
time="2025-08-08T19:36:40Z" level=warning msg="Please consider restarting the server with secure_file_priv set to a safe (or non-existent) directory."
time="2025-08-08T19:36:40Z" level=info msg="Server closing listener. No longer accepting connections."
time="2025-08-08T19:36:40Z" level=info msg="Server ready. Accepting connections."
time="2025-08-08T19:36:40Z" level=warning msg="secure_file_priv is set to \"\", which is insecure."
time="2025-08-08T19:36:40Z" level=warning msg="Any user with GRANT FILE privileges will be able to read any file which the sql-server process can read."
time="2025-08-08T19:36:40Z" level=warning msg="Please consider restarting the server with secure_file_priv set to a safe (or non-existent) directory."
time="2025-08-08T19:36:40Z" level=info msg=NewConnection DisableClientMultiStatements=false connectionID=1
time="2025-08-08T19:36:40Z" level=error msg="unable to prepare query: duplicate entry: a" query="create table tt (s set('a', 'a'));"
time="2025-08-08T19:36:40Z" level=error msg="unable to prepare query: duplicate entry: a (errno 1105) (sqlstate HY000)"
time="2025-08-08T19:36:40Z" level=info msg="Server closing listener. No longer accepting connections."
time="2025-08-08T19:36:40Z" level=info msg="Server ready. Accepting connections."
time="2025-08-08T19:36:40Z" level=warning msg="secure_file_priv is set to \"\", which is insecure."
time="2025-08-08T19:36:40Z" level=warning msg="Any user with GRANT FILE privileges will be able to read any file which the sql-server process can read."
time="2025-08-08T19:36:40Z" level=warning msg="Please consider restarting the server with secure_file_priv set to a safe (or non-existent) directory."
time="2025-08-08T19:36:40Z" level=info msg=NewConnection DisableClientMultiStatements=false connectionID=1
time="2025-08-08T19:36:40Z" level=info msg="Server closing listener. No longer accepting connections."
time="2025-08-08T19:36:40Z" level=info msg="Server ready. Accepting connections."
time="2025-08-08T19:36:40Z" level=warning msg="secure_file_priv is set to \"\", which is insecure."
time="2025-08-08T19:36:40Z" level=warning msg="Any user with GRANT FILE privileges will be able to read any file which the sql-server process can read."
time="2025-08-08T19:36:40Z" level=warning msg="Please consider restarting the server with secure_file_priv set to a safe (or non-existent) directory."
time="2025-08-08T19:36:40Z" level=info msg=NewConnection DisableClientMultiStatements=false connectionID=1
time="2025-08-08T19:36:40Z" level=warning msg="error running query" connectTime="2025-08-08 19:36:40.555230017 +0000 UTC m=+1.611936331" connectionDb=mydb connectionID=1 error="Incorrect column specifier for column 's'" queryTime="2025-08-08 19:36:40.555501012 +0000 UTC m=+1.612207327"
time="2025-08-08T19:36:40Z" level=warning msg="error running query" connectTime="2025-08-08 19:36:40.555230017 +0000 UTC m=+1.611936331" connectionDb=mydb connectionID=1 error="Incorrect column specifier for column 's'" queryTime="2025-08-08 19:36:40.555636611 +0000 UTC m=+1.612342924"
time="2025-08-08T19:36:40Z" level=warning msg="error running query" connectTime="2025-08-08 19:36:40.555230017 +0000 UTC m=+1.611936331" connectionDb=mydb connectionID=1 error="Incorrect column specifier for column 's'" queryTime="2025-08-08 19:36:40.555796602 +0000 UTC m=+1.612502916"
time="2025-08-08T19:36:40Z" level=warning msg="error running query" connectTime="2025-08-08 19:36:40.555230017 +0000 UTC m=+1.611936331" connectionDb=mydb connectionID=1 error="Incorrect column specifier for column 's'" queryTime="2025-08-08 19:36:40.555926233 +0000 UTC m=+1.612632547"
time="2025-08-08T19:36:40Z" level=warning msg="error running query" connectTime="2025-08-08 19:36:40.555230017 +0000 UTC m=+1.611936331" connectionDb=mydb connectionID=1 error="Incorrect column specifier for column 's'" queryTime="2025-08-08 19:36:40.556071152 +0000 UTC m=+1.612777465"
time="2025-08-08T19:36:40Z" level=info msg="Server closing listener. No longer accepting connections."
time="2025-08-08T19:36:40Z" level=info msg="Server ready. Accepting connections."
time="2025-08-08T19:36:40Z" level=warning msg="secure_file_priv is set to \"\", which is insecure."
time="2025-08-08T19:36:40Z" level=warning msg="Any user with GRANT FILE privileges will be able to read any file which the sql-server process can read."
time="2025-08-08T19:36:40Z" level=warning msg="Please consider restarting the server with secure_file_priv set to a safe (or non-existent) directory."
time="2025-08-08T19:36:40Z" level=info msg=NewConnection DisableClientMultiStatements=false connectionID=1
time="2025-08-08T19:36:40Z" level=info msg="Server closing listener. No longer accepting connections."
time="2025-08-08T19:36:40Z" level=info msg="Server ready. Accepting connections."
time="2025-08-08T19:36:40Z" level=warning msg="secure_file_priv is set to \"\", which is insecure."
time="2025-08-08T19:36:40Z" level=warning msg="Any user with GRANT FILE privileges will be able to read any file which the sql-server process can read."
time="2025-08-08T19:36:40Z" level=warning msg="Please consider restarting the server with secure_file_priv set to a safe (or non-existent) directory."
time="2025-08-08T19:36:40Z" level=info msg=NewConnection DisableClientMultiStatements=false connectionID=1
time="2025-08-08T19:36:40Z" level=error msg="unable to prepare query: duplicate entry: A" query="create table bad (s set('a', 'A') collate utf8mb4_0900_ai_ci);"
time="2025-08-08T19:36:40Z" level=error msg="unable to prepare query: duplicate entry: A (errno 1105) (sqlstate HY000)"
time="2025-08-08T19:36:40Z" level=info msg="Server closing listener. No longer accepting connections."
time="2025-08-08T19:36:40Z" level=info msg="Server ready. Accepting connections."
time="2025-08-08T19:36:40Z" level=warning msg="secure_file_priv is set to \"\", which is insecure."
time="2025-08-08T19:36:40Z" level=warning msg="Any user with GRANT FILE privileges will be able to read any file which the sql-server process can read."
time="2025-08-08T19:36:40Z" level=warning msg="Please consider restarting the server with secure_file_priv set to a safe (or non-existent) directory."
time="2025-08-08T19:36:40Z" level=info msg=NewConnection DisableClientMultiStatements=false connectionID=1
time="2025-08-08T19:36:40Z" level=info msg="Server closing listener. No longer accepting connections."
time="2025-08-08T19:36:40Z" level=info msg="Server ready. Accepting connections."
time="2025-08-08T19:36:40Z" level=warning msg="secure_file_priv is set to \"\", which is insecure."
time="2025-08-08T19:36:40Z" level=warning msg="Any user with GRANT FILE privileges will be able to read any file which the sql-server process can read."
time="2025-08-08T19:36:40Z" level=warning msg="Please consider restarting the server with secure_file_priv set to a safe (or non-existent) directory."
time="2025-08-08T19:36:40Z" level=info msg=NewConnection DisableClientMultiStatements=false connectionID=1
time="2025-08-08T19:36:40Z" level=info msg="Server closing listener. No longer accepting connections."
time="2025-08-08T19:36:40Z" level=info msg="Server ready. Accepting connections."
time="2025-08-08T19:36:40Z" level=warning msg="secure_file_priv is set to \"\", which is insecure."
time="2025-08-08T19:36:40Z" level=warning msg="Any user with GRANT FILE privileges will be able to read any file which the sql-server process can read."
time="2025-08-08T19:36:40Z" level=warning msg="Please consider restarting the server with secure_file_priv set to a safe (or non-existent) directory."
time="2025-08-08T19:36:40Z" level=info msg=NewConnection DisableClientMultiStatements=false connectionID=1
time="2025-08-08T19:36:40Z" level=warning msg="error running query" connectTime="2025-08-08 19:36:40.57378763 +0000 UTC m=+1.630493945" connectionDb=mydb connectionID=1 error="Incorrect column specifier for column 'b'" queryTime="2025-08-08 19:36:40.573947847 +0000 UTC m=+1.630654162"
time="2025-08-08T19:36:40Z" level=warning msg="error running query" connectTime="2025-08-08 19:36:40.57378763 +0000 UTC m=+1.630493945" connectionDb=mydb connectionID=1 error="Incorrect column specifier for column 'b'" queryTime="2025-08-08 19:36:40.574142572 +0000 UTC m=+1.630848886"
time="2025-08-08T19:36:40Z" level=info msg="Server closing listener. No longer accepting connections."
time="2025-08-08T19:36:40Z" level=info msg="Server ready. Accepting connections."
time="2025-08-08T19:36:40Z" level=warning msg="secure_file_priv is set to \"\", which is insecure."
time="2025-08-08T19:36:40Z" level=warning msg="Any user with GRANT FILE privileges will be able to read any file which the sql-server process can read."
time="2025-08-08T19:36:40Z" level=warning msg="Please consider restarting the server with secure_file_priv set to a safe (or non-existent) directory."
time="2025-08-08T19:36:40Z" level=info msg=NewConnection DisableClientMultiStatements=false connectionID=1
time="2025-08-08T19:36:40Z" level=info msg="Server closing listener. No longer accepting connections."
time="2025-08-08T19:36:40Z" level=info msg="Server ready. Accepting connections."
time="2025-08-08T19:36:40Z" level=warning msg="secure_file_priv is set to \"\", which is insecure."
time="2025-08-08T19:36:40Z" level=warning msg="Any user with GRANT FILE privileges will be able to read any file which the sql-server process can read."
time="2025-08-08T19:36:40Z" level=warning msg="Please consider restarting the server with secure_file_priv set to a safe (or non-existent) directory."
time="2025-08-08T19:36:40Z" level=info msg=NewConnection DisableClientMultiStatements=false connectionID=1
time="2025-08-08T19:36:40Z" level=info msg="Server closing listener. No longer accepting connections."
time="2025-08-08T19:36:40Z" level=info msg="Server ready. Accepting connections."
time="2025-08-08T19:36:40Z" level=warning msg="secure_file_priv is set to \"\", which is insecure."
time="2025-08-08T19:36:40Z" level=warning msg="Any user with GRANT FILE privileges will be able to read any file which the sql-server process can read."
time="2025-08-08T19:36:40Z" level=warning msg="Please consider restarting the server with secure_file_priv set to a safe (or non-existent) directory."
time="2025-08-08T19:36:40Z" level=info msg=NewConnection DisableClientMultiStatements=false connectionID=1
time="2025-08-08T19:36:40Z" level=info msg="Server closing listener. No longer accepting connections."
time="2025-08-08T19:36:40Z" level=info msg="Server ready. Accepting connections."
time="2025-08-08T19:36:40Z" level=warning msg="secure_file_priv is set to \"\", which is insecure."
time="2025-08-08T19:36:40Z" level=warning msg="Any user with GRANT FILE privileges will be able to read any file which the sql-server process can read."
time="2025-08-08T19:36:40Z" level=warning msg="Please consider restarting the server with secure_file_priv set to a safe (or non-existent) directory."
time="2025-08-08T19:36:40Z" level=info msg=NewConnection DisableClientMultiStatements=false connectionID=1
time="2025-08-08T19:36:40Z" level=warning msg="error running query" connectTime="2025-08-08 19:36:40.589409583 +0000 UTC m=+1.646115902" connectionDb=mydb connectionID=1 error="Incorrect column specifier for column 'f'" queryTime="2025-08-08 19:36:40.589595096 +0000 UTC m=+1.646301410"
time="2025-08-08T19:36:40Z" level=info msg="Server closing listener. No longer accepting connections."
time="2025-08-08T19:36:40Z" level=info msg="Server ready. Accepting connections."
time="2025-08-08T19:36:40Z" level=warning msg="secure_file_priv is set to \"\", which is insecure."
time="2025-08-08T19:36:40Z" level=warning msg="Any user with GRANT FILE privileges will be able to read any file which the sql-server process can read."
time="2025-08-08T19:36:40Z" level=warning msg="Please consider restarting the server with secure_file_priv set to a safe (or non-existent) directory."
time="2025-08-08T19:36:40Z" level=info msg=NewConnection DisableClientMultiStatements=false connectionID=1
time="2025-08-08T19:36:40Z" level=warning msg="error running query" connectTime="2025-08-08 19:36:40.591909707 +0000 UTC m=+1.648616031" connectionDb=mydb connectionID=1 error="Incorrect column specifier for column 'd'" queryTime="2025-08-08 19:36:40.592006971 +0000 UTC m=+1.648713284"
time="2025-08-08T19:36:40Z" level=info msg="Server closing listener. No longer accepting connections."
time="2025-08-08T19:36:40Z" level=info msg="Server ready. Accepting connections."
time="2025-08-08T19:36:40Z" level=warning msg="secure_file_priv is set to \"\", which is insecure."
time="2025-08-08T19:36:40Z" level=warning msg="Any user with GRANT FILE privileges will be able to read any file which the sql-server process can read."
time="2025-08-08T19:36:40Z" level=warning msg="Please consider restarting the server with secure_file_priv set to a safe (or non-existent) directory."
time="2025-08-08T19:36:40Z" level=info msg=NewConnection DisableClientMultiStatements=false connectionID=1
time="2025-08-08T19:36:40Z" level=warning msg="error running query" connectTime="2025-08-08 19:36:40.593373729 +0000 UTC m=+1.650080045" connectionDb=mydb connectionID=1 error="Incorrect column specifier for column 'd'" queryTime="2025-08-08 19:36:40.593500048 +0000 UTC m=+1.650206357"
time="2025-08-08T19:36:40Z" level=warning msg="error running query" connectTime="2025-08-08 19:36:40.593373729 +0000 UTC m=+1.650080045" connectionDb=mydb connectionID=1 error="Incorrect column specifier for column 'd'" queryTime="2025-08-08 19:36:40.59372855 +0000 UTC m=+1.650434858"
time="2025-08-08T19:36:40Z" level=info msg="Server closing listener. No longer accepting connections."
time="2025-08-08T19:36:40Z" level=info msg="Server ready. Accepting connections."
time="2025-08-08T19:36:40Z" level=warning msg="secure_file_priv is set to \"\", which is insecure."
time="2025-08-08T19:36:40Z" level=warning msg="Any user with GRANT FILE privileges will be able to read any file which the sql-server process can read."
time="2025-08-08T19:36:40Z" level=warning msg="Please consider restarting the server with secure_file_priv set to a safe (or non-existent) directory."
time="2025-08-08T19:36:40Z" level=info msg=NewConnection DisableClientMultiStatements=false connectionID=1
time="2025-08-08T19:36:40Z" level=info msg="Server closing listener. No longer accepting connections."
time="2025-08-08T19:36:40Z" level=info msg="Server ready. Accepting connections."
time="2025-08-08T19:36:40Z" level=warning msg="secure_file_priv is set to \"\", which is insecure."
time="2025-08-08T19:36:40Z" level=warning msg="Any user with GRANT FILE privileges will be able to read any file which the sql-server process can read."
time="2025-08-08T19:36:40Z" level=warning msg="Please consider restarting the server with secure_file_priv set to a safe (or non-existent) directory."
time="2025-08-08T19:36:40Z" level=info msg=NewConnection DisableClientMultiStatements=false connectionID=1
time="2025-08-08T19:36:40Z" level=info msg="Server closing listener. No longer accepting connections."
time="2025-08-08T19:36:40Z" level=info msg="Server ready. Accepting connections."
time="2025-08-08T19:36:40Z" level=warning msg="secure_file_priv is set to \"\", which is insecure."
time="2025-08-08T19:36:40Z" level=warning msg="Any user with GRANT FILE privileges will be able to read any file which the sql-server process can read."
time="2025-08-08T19:36:40Z" level=warning msg="Please consider restarting the server with secure_file_priv set to a safe (or non-existent) directory."
time="2025-08-08T19:36:40Z" level=info msg=NewConnection DisableClientMultiStatements=false connectionID=1
time="2025-08-08T19:36:40Z" level=warning msg="error running query" connectTime="2025-08-08 19:36:40.602421989 +0000 UTC m=+1.659128304" connectionDb=mydb connectionID=1 error="Incorrect column specifier for column 'd'" queryTime="2025-08-08 19:36:40.60252799 +0000 UTC m=+1.659234297"
time="2025-08-08T19:36:40Z" level=info msg="Server closing listener. No longer accepting connections."
time="2025-08-08T19:36:40Z" level=info msg="Server ready. Accepting connections."
time="2025-08-08T19:36:40Z" level=warning msg="secure_file_priv is set to \"\", which is insecure."
time="2025-08-08T19:36:40Z" level=warning msg="Any user with GRANT FILE privileges will be able to read any file which the sql-server process can read."
time="2025-08-08T19:36:40Z" level=warning msg="Please consider restarting the server with secure_file_priv set to a safe (or non-existent) directory."
time="2025-08-08T19:36:40Z" level=info msg=NewConnection DisableClientMultiStatements=false connectionID=1
time="2025-08-08T19:36:40Z" level=warning msg="error running query" connectTime="2025-08-08 19:36:40.604067697 +0000 UTC m=+1.660774013" connectionDb=mydb connectionID=1 error="Incorrect column specifier for column 'dt'" queryTime="2025-08-08 19:36:40.60420829 +0000 UTC m=+1.660914605"
time="2025-08-08T19:36:40Z" level=warning msg="error running query" connectTime="2025-08-08 19:36:40.604067697 +0000 UTC m=+1.660774013" connectionDb=mydb connectionID=1 error="Incorrect column specifier for column 'dt'" queryTime="2025-08-08 19:36:40.604387832 +0000 UTC m=+1.661094146"
time="2025-08-08T19:36:40Z" level=info msg="Server closing listener. No longer accepting connections."
time="2025-08-08T19:36:40Z" level=info msg="Server ready. Accepting connections."
time="2025-08-08T19:36:40Z" level=warning msg="secure_file_priv is set to \"\", which is insecure."
time="2025-08-08T19:36:40Z" level=warning msg="Any user with GRANT FILE privileges will be able to read any file which the sql-server process can read."
time="2025-08-08T19:36:40Z" level=warning msg="Please consider restarting the server with secure_file_priv set to a safe (or non-existent) directory."
time="2025-08-08T19:36:40Z" level=info msg=NewConnection DisableClientMultiStatements=false connectionID=1
time="2025-08-08T19:36:40Z" level=info msg="Server closing listener. No longer accepting connections."
time="2025-08-08T19:36:40Z" level=info msg="Server ready. Accepting connections."
time="2025-08-08T19:36:40Z" level=warning msg="secure_file_priv is set to \"\", which is insecure."
time="2025-08-08T19:36:40Z" level=warning msg="Any user with GRANT FILE privileges will be able to read any file which the sql-server process can read."
time="2025-08-08T19:36:40Z" level=warning msg="Please consider restarting the server with secure_file_priv set to a safe (or non-existent) directory."
time="2025-08-08T19:36:40Z" level=info msg=NewConnection DisableClientMultiStatements=false connectionID=1
time="2025-08-08T19:36:40Z" level=warning msg="error running query" connectTime="2025-08-08 19:36:40.61058913 +0000 UTC m=+1.667295445" connectionDb=mydb connectionID=1 error="Incorrect column specifier for column 'ts'" queryTime="2025-08-08 19:36:40.61073816 +0000 UTC m=+1.667444475"
time="2025-08-08T19:36:40Z" level=warning msg="error running query" connectTime="2025-08-08 19:36:40.61058913 +0000 UTC m=+1.667295445" connectionDb=mydb connectionID=1 error="Incorrect column specifier for column 'ts'" queryTime="2025-08-08 19:36:40.610928336 +0000 UTC m=+1.667634651"
time="2025-08-08T19:36:40Z" level=info msg="Server closing listener. No longer accepting connections."
time="2025-08-08T19:36:40Z" level=info msg="Server ready. Accepting connections."
time="2025-08-08T19:36:40Z" level=warning msg="secure_file_priv is set to \"\", which is insecure."
time="2025-08-08T19:36:40Z" level=warning msg="Any user with GRANT FILE privileges will be able to read any file which the sql-server process can read."
time="2025-08-08T19:36:40Z" level=warning msg="Please consider restarting the server with secure_file_priv set to a safe (or non-existent) directory."
time="2025-08-08T19:36:40Z" level=info msg=NewConnection DisableClientMultiStatements=false connectionID=1
time="2025-08-08T19:36:40Z" level=info msg="Server closing listener. No longer accepting connections."
time="2025-08-08T19:36:40Z" level=info msg="Server ready. Accepting connections."
time="2025-08-08T19:36:40Z" level=warning msg="secure_file_priv is set to \"\", which is insecure."
time="2025-08-08T19:36:40Z" level=warning msg="Any user with GRANT FILE privileges will be able to read any file which the sql-server process can read."
time="2025-08-08T19:36:40Z" level=warning msg="Please consider restarting the server with secure_file_priv set to a safe (or non-existent) directory."
time="2025-08-08T19:36:40Z" level=info msg=NewConnection DisableClientMultiStatements=false connectionID=1
time="2025-08-08T19:36:40Z" level=warning msg="error running query" connectTime="2025-08-08 19:36:40.616787839 +0000 UTC m=+1.673494155" connectionDb=mydb connectionID=1 error="Incorrect column specifier for column 't'" queryTime="2025-08-08 19:36:40.616894381 +0000 UTC m=+1.673600696"
time="2025-08-08T19:36:40Z" level=warning msg="error running query" connectTime="2025-08-08 19:36:40.616787839 +0000 UTC m=+1.673494155" connectionDb=mydb connectionID=1 error="Incorrect column specifier for column 't'" queryTime="2025-08-08 19:36:40.617097136 +0000 UTC m=+1.673803444"
time="2025-08-08T19:36:40Z" level=info msg="Server closing listener. No longer accepting connections."
time="2025-08-08T19:36:40Z" level=info msg="Server ready. Accepting connections."
time="2025-08-08T19:36:40Z" level=warning msg="secure_file_priv is set to \"\", which is insecure."
time="2025-08-08T19:36:40Z" level=warning msg="Any user with GRANT FILE privileges will be able to read any file which the sql-server process can read."
time="2025-08-08T19:36:40Z" level=warning msg="Please consider restarting the server with secure_file_priv set to a safe (or non-existent) directory."
time="2025-08-08T19:36:40Z" level=info msg=NewConnection DisableClientMultiStatements=false connectionID=1
time="2025-08-08T19:36:40Z" level=info msg="Server closing listener. No longer accepting connections."
time="2025-08-08T19:36:40Z" level=info msg="Server ready. Accepting connections."
time="2025-08-08T19:36:40Z" level=warning msg="secure_file_priv is set to \"\", which is insecure."
time="2025-08-08T19:36:40Z" level=warning msg="Any user with GRANT FILE privileges will be able to read any file which the sql-server process can read."
time="2025-08-08T19:36:40Z" level=warning msg="Please consider restarting the server with secure_file_priv set to a safe (or non-existent) directory."
time="2025-08-08T19:36:40Z" level=info msg=NewConnection DisableClientMultiStatements=false connectionID=1
time="2025-08-08T19:36:40Z" level=warning msg="error running query" connectTime="2025-08-08 19:36:40.620867606 +0000 UTC m=+1.677573921" connectionDb=mydb connectionID=1 error="Incorrect column specifier for column 'y'" queryTime="2025-08-08 19:36:40.62099022 +0000 UTC m=+1.677696533"
time="2025-08-08T19:36:40Z" level=info msg="Server closing listener. No longer accepting connections."
time="2025-08-08T19:36:40Z" level=info msg="Server ready. Accepting connections."
time="2025-08-08T19:36:40Z" level=warning msg="secure_file_priv is set to \"\", which is insecure."
time="2025-08-08T19:36:40Z" level=warning msg="Any user with GRANT FILE privileges will be able to read any file which the sql-server process can read."
time="2025-08-08T19:36:40Z" level=warning msg="Please consider restarting the server with secure_file_priv set to a safe (or non-existent) directory."
time="2025-08-08T19:36:40Z" level=info msg=NewConnection DisableClientMultiStatements=false connectionID=1
time="2025-08-08T19:36:40Z" level=info msg="Server closing listener. No longer accepting connections."
time="2025-08-08T19:36:40Z" level=info msg="Server ready. Accepting connections."
time="2025-08-08T19:36:40Z" level=warning msg="secure_file_priv is set to \"\", which is insecure."
time="2025-08-08T19:36:40Z" level=warning msg="Any user with GRANT FILE privileges will be able to read any file which the sql-server process can read."
time="2025-08-08T19:36:40Z" level=warning msg="Please consider restarting the server with secure_file_priv set to a safe (or non-existent) directory."
time="2025-08-08T19:36:40Z" level=info msg=NewConnection DisableClientMultiStatements=false connectionID=1
time="2025-08-08T19:36:40Z" level=info msg="Server closing listener. No longer accepting connections."
time="2025-08-08T19:36:40Z" level=info msg="Server ready. Accepting connections."
time="2025-08-08T19:36:40Z" level=warning msg="secure_file_priv is set to \"\", which is insecure."
time="2025-08-08T19:36:40Z" level=warning msg="Any user with GRANT FILE privileges will be able to read any file which the sql-server process can read."
time="2025-08-08T19:36:40Z" level=warning msg="Please consider restarting the server with secure_file_priv set to a safe (or non-existent) directory."
time="2025-08-08T19:36:40Z" level=info msg=NewConnection DisableClientMultiStatements=false connectionID=1
time="2025-08-08T19:36:40Z" level=info msg="Server closing listener. No longer accepting connections."
--- FAIL: TestScripts (1.42s)
    --- FAIL: TestScripts/bit_union_regression_test_dolt#9641 (0.00s)
        --- FAIL: TestScripts/bit_union_regression_test_dolt#9641/SELECT_flag_FROM_bit_union_test_9641_WHERE_id_=_1_UNION_SELECT_NULL_as_flag (0.00s)
            evaluation.go:439: 
                	Error Trace:	/workspace/go-mysql-server/enginetest/evaluation.go:439
                	            				/workspace/go-mysql-server/enginetest/evaluation.go:416
                	Error:      	Received unexpected error:
                	            	result max1Row iterator returned more than one row
                	Test:       	TestScripts/bit_union_regression_test_dolt#9641/SELECT_flag_FROM_bit_union_test_9641_WHERE_id_=_1_UNION_SELECT_NULL_as_flag
                	Messages:   	Unexpected error for query SELECT flag FROM bit_union_test_9641 WHERE id = 1 UNION SELECT NULL as flag: result max1Row iterator returned more than one row
FAIL
FAIL	github.com/dolthub/go-mysql-server/enginetest	1.705s
FAIL
